Archive member included because of file (symbol)

/home/marek/Programy/avr8-gnu-toolchain-linux_x86/bin/../lib/gcc/avr/4.8.1/avr5/libgcc.a(_mulsi3.o)
                              obj/menus.o (__mulsi3)
/home/marek/Programy/avr8-gnu-toolchain-linux_x86/bin/../lib/gcc/avr/4.8.1/avr5/libgcc.a(_divmodqi4.o)
                              obj/menus.o (__divmodqi4)
/home/marek/Programy/avr8-gnu-toolchain-linux_x86/bin/../lib/gcc/avr/4.8.1/avr5/libgcc.a(_udivmodhi4.o)
                              obj/er9x.o (__udivmodhi4)
/home/marek/Programy/avr8-gnu-toolchain-linux_x86/bin/../lib/gcc/avr/4.8.1/avr5/libgcc.a(_divmodhi4.o)
                              obj/er9x.o (__divmodhi4)
/home/marek/Programy/avr8-gnu-toolchain-linux_x86/bin/../lib/gcc/avr/4.8.1/avr5/libgcc.a(_udivmodsi4.o)
                              obj/menus.o (__udivmodsi4)
/home/marek/Programy/avr8-gnu-toolchain-linux_x86/bin/../lib/gcc/avr/4.8.1/avr5/libgcc.a(_divmodsi4.o)
                              obj/menus.o (__divmodsi4)
/home/marek/Programy/avr8-gnu-toolchain-linux_x86/bin/../lib/gcc/avr/4.8.1/avr5/libgcc.a(_negsi2.o)
                              /home/marek/Programy/avr8-gnu-toolchain-linux_x86/bin/../lib/gcc/avr/4.8.1/avr5/libgcc.a(_divmodsi4.o) (__negsi2)
/home/marek/Programy/avr8-gnu-toolchain-linux_x86/bin/../lib/gcc/avr/4.8.1/avr5/libgcc.a(_exit.o)
                              /home/marek/Programy/avr8-gnu-toolchain-linux_x86/bin/../lib/gcc/avr/4.8.1/../../../../avr/lib/avr5/crtm64.o (exit)
/home/marek/Programy/avr8-gnu-toolchain-linux_x86/bin/../lib/gcc/avr/4.8.1/avr5/libgcc.a(_tablejump.o)
                              obj/er9x.o (__tablejump2__)
/home/marek/Programy/avr8-gnu-toolchain-linux_x86/bin/../lib/gcc/avr/4.8.1/avr5/libgcc.a(_copy_data.o)
                              obj/er9x.o (__do_copy_data)
/home/marek/Programy/avr8-gnu-toolchain-linux_x86/bin/../lib/gcc/avr/4.8.1/avr5/libgcc.a(_clear_bss.o)
                              obj/er9x.o (__do_clear_bss)
/home/marek/Programy/avr8-gnu-toolchain-linux_x86/bin/../lib/gcc/avr/4.8.1/avr5/libgcc.a(_ctors.o)
                              obj/er9x.o (__do_global_ctors)
/home/marek/Programy/avr8-gnu-toolchain-linux_x86/bin/../lib/gcc/avr/4.8.1/avr5/libgcc.a(_mulhisi3.o)
                              obj/menus.o (__mulhisi3)
/home/marek/Programy/avr8-gnu-toolchain-linux_x86/bin/../lib/gcc/avr/4.8.1/avr5/libgcc.a(_umulhisi3.o)
                              obj/menus.o (__umulhisi3)
/home/marek/Programy/avr8-gnu-toolchain-linux_x86/bin/../lib/gcc/avr/4.8.1/avr5/libgcc.a(_usmulhisi3.o)
                              obj/menus.o (__usmulhisi3)
/home/marek/Programy/avr8-gnu-toolchain-linux_x86/bin/../lib/gcc/avr/4.8.1/avr5/libgcc.a(_muluhisi3.o)
                              obj/menus.o (__muluhisi3)
/home/marek/Programy/avr8-gnu-toolchain-linux_x86/bin/../lib/gcc/avr/4.8.1/avr5/libgcc.a(_mulshisi3.o)
                              obj/menus.o (__mulshisi3)
/home/marek/Programy/avr8-gnu-toolchain-linux_x86/bin/../lib/gcc/avr/4.8.1/avr5/libgcc.a(_udivmodqi4.o)
                              /home/marek/Programy/avr8-gnu-toolchain-linux_x86/bin/../lib/gcc/avr/4.8.1/avr5/libgcc.a(_divmodqi4.o) (__udivmodqi4)
/home/marek/Programy/avr8-gnu-toolchain-linux_x86/bin/../lib/gcc/avr/4.8.1/../../../../avr/lib/avr5/libc.a(atoi.o)
                              obj/eleres.o (atoi)
/home/marek/Programy/avr8-gnu-toolchain-linux_x86/bin/../lib/gcc/avr/4.8.1/../../../../avr/lib/avr5/libc.a(memmove.o)
                              obj/templates.o (memmove)
/home/marek/Programy/avr8-gnu-toolchain-linux_x86/bin/../lib/gcc/avr/4.8.1/../../../../avr/lib/avr5/libc.a(memset.o)
                              obj/pers.o (memset)
/home/marek/Programy/avr8-gnu-toolchain-linux_x86/bin/../lib/gcc/avr/4.8.1/../../../../avr/lib/avr5/libc.a(strncmp.o)
                              obj/eleres.o (strncmp)
/home/marek/Programy/avr8-gnu-toolchain-linux_x86/bin/../lib/gcc/avr/4.8.1/../../../../avr/lib/avr5/libc.a(mul10.o)
                              /home/marek/Programy/avr8-gnu-toolchain-linux_x86/bin/../lib/gcc/avr/4.8.1/../../../../avr/lib/avr5/libc.a(atoi.o) (__mulhi_const_10)
/home/marek/Programy/avr8-gnu-toolchain-linux_x86/bin/../lib/gcc/avr/4.8.1/../../../../avr/lib/avr5/libc.a(eerd_block_atmega64.o)
                              obj/file.o (__eerd_block_m64)
/home/marek/Programy/avr8-gnu-toolchain-linux_x86/bin/../lib/gcc/avr/4.8.1/../../../../avr/lib/avr5/libc.a(memcpy.o)
                              /home/marek/Programy/avr8-gnu-toolchain-linux_x86/bin/../lib/gcc/avr/4.8.1/../../../../avr/lib/avr5/libc.a(memmove.o) (memcpy)

Discarded input sections

 .group         0x00000000        0x8 obj/er9x.o
 .group         0x00000000        0x8 obj/er9x.o
 .group         0x00000000        0x8 obj/er9x.o
 .group         0x00000000        0x8 obj/er9x.o

Memory Configuration

Name             Origin             Length             Attributes
text             0x00000000         0x00020000         xr
data             0x00800060         0x0000ffa0         rw !x
eeprom           0x00810000         0x00010000         rw !x
fuse             0x00820000         0x00000400         rw !x
lock             0x00830000         0x00000400         rw !x
signature        0x00840000         0x00000400         rw !x
user_signatures  0x00850000         0x00000400         rw !x
*default*        0x00000000         0xffffffff

Linker script and memory map

Address of section .data set to 0x800100
LOAD /home/marek/Programy/avr8-gnu-toolchain-linux_x86/bin/../lib/gcc/avr/4.8.1/../../../../avr/lib/avr5/crtm64.o
LOAD obj/er9x.o
LOAD obj/stamp.o
LOAD obj/pers.o
LOAD obj/file.o
LOAD obj/lcd.o
LOAD obj/drivers.o
LOAD obj/templates.o
LOAD obj/pulses.o
LOAD obj/audio.o
LOAD obj/menus.o
LOAD obj/eleres.o
LOAD /home/marek/Programy/avr8-gnu-toolchain-linux_x86/bin/../lib/gcc/avr/4.8.1/../../../../avr/lib/avr5/libm.a
Address of section .boottext set to 0xfe00
Address of section .bootjump set to 0xfffc
START GROUP
LOAD /home/marek/Programy/avr8-gnu-toolchain-linux_x86/bin/../lib/gcc/avr/4.8.1/avr5/libgcc.a
LOAD /home/marek/Programy/avr8-gnu-toolchain-linux_x86/bin/../lib/gcc/avr/4.8.1/../../../../avr/lib/avr5/libm.a
LOAD /home/marek/Programy/avr8-gnu-toolchain-linux_x86/bin/../lib/gcc/avr/4.8.1/../../../../avr/lib/avr5/libc.a
END GROUP

.hash
 *(.hash)

.dynsym
 *(.dynsym)

.dynstr
 *(.dynstr)

.gnu.version
 *(.gnu.version)

.gnu.version_d
 *(.gnu.version_d)

.gnu.version_r
 *(.gnu.version_r)

.rel.init
 *(.rel.init)

.rela.init
 *(.rela.init)

.rel.text
 *(.rel.text)
 *(.rel.text.*)
 *(.rel.gnu.linkonce.t*)

.rela.text
 *(.rela.text)
 *(.rela.text.*)
 *(.rela.gnu.linkonce.t*)

.rel.fini
 *(.rel.fini)

.rela.fini
 *(.rela.fini)

.rel.rodata
 *(.rel.rodata)
 *(.rel.rodata.*)
 *(.rel.gnu.linkonce.r*)

.rela.rodata
 *(.rela.rodata)
 *(.rela.rodata.*)
 *(.rela.gnu.linkonce.r*)

.rel.data
 *(.rel.data)
 *(.rel.data.*)
 *(.rel.gnu.linkonce.d*)

.rela.data
 *(.rela.data)
 *(.rela.data.*)
 *(.rela.gnu.linkonce.d*)

.rel.ctors
 *(.rel.ctors)

.rela.ctors
 *(.rela.ctors)

.rel.dtors
 *(.rel.dtors)

.rela.dtors
 *(.rela.dtors)

.rel.got
 *(.rel.got)

.rela.got
 *(.rela.got)

.rel.bss
 *(.rel.bss)

.rela.bss
 *(.rela.bss)

.rel.plt
 *(.rel.plt)

.rela.plt
 *(.rela.plt)

.text           0x00000000     0xe230
 *(.vectors)
 .vectors       0x00000000       0x8c /home/marek/Programy/avr8-gnu-toolchain-linux_x86/bin/../lib/gcc/avr/4.8.1/../../../../avr/lib/avr5/crtm64.o
                0x00000000                __vectors
                0x00000000                __vector_default
 *(.vectors)
 *(.progmem.gcc*)
 .progmem.gcc_sw_table
                0x0000008c       0x1c obj/er9x.o
 .progmem.gcc_sw_table
                0x000000a8       0x12 obj/drivers.o
 .progmem.gcc_sw_table
                0x000000ba       0x46 obj/audio.o
 .progmem.gcc_sw_table
                0x00000100       0x92 obj/menus.o
                0x00000192                . = ALIGN (0x2)
                0x00000192                __trampolines_start = .
 *(.trampolines)
 .trampolines   0x00000192        0x0 linker stubs
 *(.trampolines*)
                0x00000192                __trampolines_end = .
 *(.progmem*)
 .progmem.data  0x00000192      0x59f obj/er9x.o
                0x000002a4                stickScramble
                0x000002b4                modi12x3
                0x000002c6                Str_ON
                0x000002ca                Str_OFF
                0x000002ce                Str_Switches
                0x0000030f                bchout_ar
                0x00000327                s9xsplashMarker
                0x0000032e                s9xsplash
 .progmem.data  0x00000731       0x54 obj/stamp.o
                0x00000731                Stamps
 .progmem.data  0x00000785       0x7f obj/pers.o
 .progmem.data  0x00000804      0x756 obj/lcd.o
 .progmem.data  0x00000f5a        0x8 obj/drivers.o
 .progmem.data  0x00000f62      0x200 obj/pulses.o
 .progmem.data  0x00001162      0xe19 obj/menus.o
                0x00001e47                TelemIndex
                0x00001e51                Str_telemItems
                0x00001e7f                Curve_Str
                0x00001ec6                Str_Chans_Gv
                0x00001f6c                Str_Switch_warn
 .progmem.data  0x00001f7b       0xe1 obj/eleres.o
                0x0000205c                . = ALIGN (0x2)
 *(.jumptables)
 *(.jumptables*)
 *(.lowtext)
 *(.lowtext*)
                0x0000205c                __ctors_start = .
 *(.ctors)
 .ctors         0x0000205c        0x2 obj/er9x.o
                0x0000205e                __ctors_end = .
                0x0000205e                __dtors_start = .
 *(.dtors)
                0x0000205e                __dtors_end = .
 SORT(*)(.ctors)
 SORT(*)(.dtors)
 *(.init0)
 .init0         0x0000205e        0x0 /home/marek/Programy/avr8-gnu-toolchain-linux_x86/bin/../lib/gcc/avr/4.8.1/../../../../avr/lib/avr5/crtm64.o
                0x0000205e                __init
 *(.init0)
 *(.init1)
 *(.init1)
 *(.init2)
 .init2         0x0000205e        0xc /home/marek/Programy/avr8-gnu-toolchain-linux_x86/bin/../lib/gcc/avr/4.8.1/../../../../avr/lib/avr5/crtm64.o
 *(.init2)
 *(.init3)
 *(.init3)
 *(.init4)
 .init4         0x0000206a       0x16 /home/marek/Programy/avr8-gnu-toolchain-linux_x86/bin/../lib/gcc/avr/4.8.1/avr5/libgcc.a(_copy_data.o)
                0x0000206a                __do_copy_data
 .init4         0x00002080       0x10 /home/marek/Programy/avr8-gnu-toolchain-linux_x86/bin/../lib/gcc/avr/4.8.1/avr5/libgcc.a(_clear_bss.o)
                0x00002080                __do_clear_bss
 *(.init4)
 *(.init5)
 *(.init5)
 *(.init6)
 .init6         0x00002090       0x16 /home/marek/Programy/avr8-gnu-toolchain-linux_x86/bin/../lib/gcc/avr/4.8.1/avr5/libgcc.a(_ctors.o)
                0x00002090                __do_global_ctors
 *(.init6)
 *(.init7)
 *(.init7)
 *(.init8)
 *(.init8)
 *(.init9)
 .init9         0x000020a6        0x8 /home/marek/Programy/avr8-gnu-toolchain-linux_x86/bin/../lib/gcc/avr/4.8.1/../../../../avr/lib/avr5/crtm64.o
 *(.init9)
 *(.text)
 .text          0x000020ae        0x4 /home/marek/Programy/avr8-gnu-toolchain-linux_x86/bin/../lib/gcc/avr/4.8.1/../../../../avr/lib/avr5/crtm64.o
                0x000020ae                __vector_22
                0x000020ae                __vector_28
                0x000020ae                __vector_1
                0x000020ae                __vector_32
                0x000020ae                __vector_34
                0x000020ae                __bad_interrupt
                0x000020ae                __vector_6
                0x000020ae                __vector_31
                0x000020ae                __vector_3
                0x000020ae                __vector_23
                0x000020ae                __vector_30
                0x000020ae                __vector_17
                0x000020ae                __vector_19
                0x000020ae                __vector_7
                0x000020ae                __vector_5
                0x000020ae                __vector_33
                0x000020ae                __vector_4
                0x000020ae                __vector_9
                0x000020ae                __vector_2
                0x000020ae                __vector_21
                0x000020ae                __vector_29
                0x000020ae                __vector_8
                0x000020ae                __vector_14
                0x000020ae                __vector_20
 .text          0x000020b2     0x1d56 obj/er9x.o
                0x000020b2                _Z12modeFixValueh
                0x000020cc                _Z11get_tmr10msv
                0x000020da                _Z8CS_STATEh
                0x000020e6                _Z10mixaddressh
                0x000020f4                _Z12limitaddressh
                0x00002102                _Z10putsChnRawhhhh
                0x0000215e                _Z7putsChnhhhh
                0x0000216a                _Z14putsDrSwitcheshhah
                0x000021ce                _Z20putsMomentDrSwitcheshhah
                0x00002202                _Z11putsTmrModehhhh
                0x000022a2                _Z8getValueh
                0x00002320                _Z13alertMessagesPKcS0_
                0x00002360                _Z21checkThrottlePositionihi
                0x00002390                _Z13putWarnSwitchhh
                0x000023a4                _Z22getCurrentSwitchStatesv
                0x000023c4                _Z15putsDblSizeNameh
                0x000023f0                _Z6almessPKch
                0x00002434                _Z7messagePKc
                0x00002438                _Z15getRawTrimValuehh
                0x00002474                _Z18getTrimFlightPhasehh
                0x000024b8                _Z12getTrimValuehh
                0x000024c4                _Z20validatePlusMinus125i
                0x000024e2                _Z12setTrimValuehhi
                0x00002546                _Z13checkIncDec16iiih
                0x000026d0                _Z11checkIncDecaaah
                0x000026e4                _Z14checkIncDec_hmaaa
                0x000026e8                _Z15checkIncDec_hm0aa
                0x000026f0                _Z16checkIncDec_hmu0ih
                0x000026fc                _Z14checkIncDec_hgaaa
                0x00002700                _Z15checkIncDec_hg0aa
                0x00002708                _Z11lastPopMenuv
                0x0000271c                _Z9chainMenuPFvhE
                0x00002736                _Z12backlightKeyv
                0x0000275e                _Z17putVoiceQueueLongj
                0x0000278a                _Z18putVoiceQueueUpperh
                0x00002792                _Z13putVoiceQueueh
                0x00002796                _Z9setVolumeh
                0x000027a0                _ZN7t_voice13voice_processEv
                0x000028aa                _Z10pollRotaryv
                0x000028fa                _Z15calcStickScrollh
                0x00002948                _Z5anaInh
                0x00002990                _Z14stickMoveValuev
                0x000029c2                _Z6tanaInh
                0x000029d4                _Z11getADC_osmpv
                0x00002a04                __vector_16
                0x00002a28                __vector_10
                0x00002ae6                __vector_15
                0x00002b74                __vector_25
                0x00002c66                _Z7isAgvarh
                0x00002c74                _Z18doVoiceAlarmSourceP12t_voiceAlarm
                0x00002c94                _Z14calc1000toRESXi
                0x00002cc0                _Z3REGaaa
                0x00002cec                _Z10REG100_100a
                0x00002cf2                _Z16IS_EXPO_THROTTLEh
                0x00002d06                _Z13calc100toRESXa
                0x00002d30                _Z9getSwitchabh
                0x00002f12                _Z21check_backlight_voicev
                0x00002f50                _Z8checkTHRv
                0x00002fdc                _Z13checkSwitchesv
                0x00003094                _Z6alertxPKcb
                0x000030fe                _Z5alertPKc
                0x00003102                _Z7popMenub
                0x0000312e                _Z8pushMenuPFvhE
                0x00003158                _Z16doBackLightVoiceh
                0x00003194                _Z7perMainv
                0x0000371a                _Z14getFlightPhasev
                0x00003750                _Z17procOneVoiceAlarmP12t_voiceAlarmh
                0x000039c4                _Z18processVoiceAlarmsv
                0x000039e6                _Z12mainSequencev
 .text          0x00003e08        0x0 obj/stamp.o
 .text          0x00003e08      0x67c obj/pers.o
                0x00003e2a                _Z8setNamePPcPKc
                0x00003e44                _Z10evalChkSumv
                0x00003e5e                _Z16eeGeneralDefaultv
                0x00003eba                _Z17modelDefaultWriteh
                0x00003f2a                _Z15eeLoadModelNamehPch
                0x00003f8c                _Z13eeModelExistsh
                0x00003f90                _Z16eeDuplicateModelh
                0x0000402e                _Z14eeWriteGeneralv
                0x00004072                _Z7eeDirtyh
                0x000040a6                _Z13eeReadGeneralv
                0x0000411a                _Z7eeCheckb
                0x0000426e                _Z14eeWaitCompletev
                0x0000428c                _Z11eeLoadModelh
 .text          0x00004484      0x71e obj/file.o
                0x0000453c                _Z11EeFsGetFreev
                0x0000455a                _Z6EeFsckv
                0x0000461a                _Z10EeFsFormatv
                0x0000465e                _Z8EeFsOpenv
                0x00004692                _ZN5EFile6existsEh
                0x000046ae                _ZN5EFile4swapEhh
                0x000046f0                _ZN5EFile2rmEh
                0x00004722                _ZN5EFile4sizeEv
                0x0000473e                _ZN5EFile6openRdEh
                0x00004778                _ZN5EFile4readEPhj
                0x00004844                _ZN5EFile7readRlcEPhj
                0x0000490a                _ZN5EFile5writeEPhh
                0x000049fc                _ZN5EFile6createEhhj
                0x00004a48                _ZN5EFile10closeTruncEv
                0x00004a9c                _ZN5EFile8writeRlcEhhPhjh
 .text          0x00004ba2      0x914 obj/lcd.o
                0x00004ba2                _Z9lcd_clearv
                0x00004bb8                _Z7lcd_imghhPKhh
                0x00004c38                _Z11lcd_putcAtthhch
                0x00004d5a                _Z8lcd_putchhc
                0x00004d5e                _Z12lcd_putsnAtthhPKchh
                0x00004da6                _Z14lcd_putsAttIdxhhPKchh
                0x00004dc0                _Z11lcd_putsn_PhhPKch
                0x00004dca                _Z11lcd_putsAtthhPKch
                0x00004e14                _Z14lcd_puts_PlefthPKc
                0x00004e1e                _Z14lcd_puts_PskiphPKch
                0x00004e40                _Z10lcd_puts_PhhPKc
                0x00004e44                _Z11lcd_outhex4hhj
                0x00004e8c                _Z16lcd_char_inversehhhh
                0x00004ec2                _Z14lcd_write_bitsPhh
                0x00004ee4                _Z8lcd_plothh
                0x00004f06                _Z13lcd_hlineStiphhah
                0x00004f7c                _Z9lcd_hlinehha
                0x00004f80                _Z9lcd_vlinehha
                0x00005004                _Z14lcd_outdezNAtthhlha
                0x00005218                _Z13lcd_outdezAtthhih
                0x00005234                _Z9putsVoltshhhh
                0x0000525c                _Z8putsVBathhh
                0x00005264                _Z10lcd_outdezhhi
                0x00005268                _Z12lcd_2_digitshhhh
                0x00005284                _Z8putsTimehhihh
                0x00005306                _Z8lcd_recthhhh
                0x00005360                _Z8lcd_hbarhhhhh
                0x000053bc                _Z10lcdSendCtlh
                0x000053ce                _Z13lcdSetRefVolth
                0x000053e8                _Z14lcdSetContrastv
                0x000053ee                _Z8lcd_initv
                0x00005430                _Z13refreshDiplayv
 .text          0x000054b6      0x2ee obj/drivers.o
                0x000054b6                _Z15eeWriteBlockCmpPKvjj
                0x00005526                _Z8getEventv
                0x00005530                _ZN3Key5inputEb8EnumKeys
                0x000055fe                _Z8keyState8EnumKeys
                0x0000567c                _Z11pauseEventsh
                0x0000569c                _Z10killEventsh
                0x000056ba                _Z7per10msv
 .text          0x000057a4      0x120 obj/templates.o
                0x000057a4                _Z6setMixhh
                0x00005816                _Z13applyTemplatev
 .text          0x000058c4      0x950 obj/pulses.o
                0x000058c4                _Z12setPpmTimersv
                0x000058da                _Z14setupPulsesPPMh
                0x000059ce                _Z15setupPulsesDsm2h
                0x00005af6                __vector_11
                0x00005b50                __vector_13
                0x00005bd4                _Z18set_timer3_capturev
                0x00005bf8                _Z14set_timer3_ppmv
                0x00005c1a                __vector_26
                0x00005ca8                _Z10putPcmParth
                0x00005cd4                _Z9putPcmBith
                0x00005cf8                _Z10putPcmByteh
                0x00005d3c                _Z10putPcmHeadv
                0x00005d52                _Z11scaleForPXXh
                0x00005da0                _Z11setupPulsesv
                0x0000601e                __vector_12
                0x000060fc                _Z11startPulsesv
                0x00006124                __vector_24
                0x000061a4                __vector_27
 .text          0x00006214      0x4fc obj/audio.o
                0x00006214                _ZN10audioQueue6aqinitEv
                0x0000622e                _ZN10audioQueueC1Ev
                0x0000622e                _ZN10audioQueueC2Ev
                0x00006230                _ZN10audioQueue4busyEv
                0x00006240                _ZN10audioQueue9freeslotsEv
                0x00006258                _ZN10audioQueue9heartbeatEv
                0x000062f8                _ZN10audioQueue4playEhhhh
                0x000063c0                _ZN10audioQueue5eventEhh
                0x000065cc                _Z13audioDefeventh
                0x000065d6                _Z10audioEventhj
                0x000065e0                _Z18audioVoiceDefeventhh
                0x000065f0                _Z13voice_numericihh
 .text          0x00006710     0x709a obj/menus.o
                0x00006740                _Z15menuMixersLimith
                0x00006760                _Z13menuRangeBindh
                0x000069a4                _Z20putsAttIdxTelemItemshhhh
                0x000069ce                _Z7m_to_fti
                0x000069f6                _Z6c_to_fi
                0x00006a12                _Z11calc_scalerhPhS_
                0x00006b06                _Z14telemItemValidh
                0x00006b0a                _Z20convertTelemConstantha
                0x00006b36                _Z19get_telemetry_valueh
                0x00006b86                _Z16voice_telem_itemh
                0x00006c3a                _Z12displayTimerhhhh
                0x00006c60                _Z20putsTelemetryChannelhhaihh
                0x00006dda                _Z8dispGvarhhhh
                0x00006e0a                _Z12gvarMenuItemhhaaah
                0x00006e96                _Z12get_dr_stateh
                0x00006ed2                _Z9DO_SQUAREhhh
                0x00006f26                _Z7qRotaryv
                0x00006f3e                _Z6TITLEPPKc
                0x00006f4a                _Z17menuProcStatistich
                0x0000707e                _Z14menu_lcd_onoffhhhh
                0x000070fe                _Z16menu_lcd_HYPHINVhhhh
                0x0000711a                _Z18lcd_xlabel_decimalhPKcjhh
                0x0000713e                _Z6MAXCOLhPKhh
                0x00007158                _ZN7MState25checkEhPKhhh
                0x000074f2                _ZN7MState213check_columnsEhh
                0x00007506                _Z15menuProcGlobalsh
                0x000076b4                _Z8telltalehaa
                0x000076fe                _Z19doMainScreenGrphicsv
                0x00007788                _Z17hyphinvMenuItem_mhhh
                0x000077b4                _Z11displayNextv
                0x000077c0                _Z16menuProcVoiceOneh
                0x00007b54                _Z9put_curvehhah
                0x00007b90                _Z13scalerDecimalhhh
                0x00007bca                _Z9deleteMixh
                0x00007c10                _Z14edit_dr_switchhhahh
                0x00007c40                _Z12putsChnOpRawhhP9t_MixDatah
                0x00007c9a                _Z7moveMixhh
                0x00007d30                _Z20reachMixerCountLimitv
                0x00007d44                _Z13yesNoMenuExitPKc
                0x00007d56                _Z13menuDeleteMixh
                0x00007d9c                _Z18menuDeleteDupModelh
                0x00007e5a                _Z7doPopupPKchh
                0x00007fa2                _Z19menuProcModelSelecth
                0x0000823a                _Z5expoujj
                0x000082b4                _Z4expoii
                0x0000830e                _Z12editExpoValshhhhhh
                0x0000839e                _Z8char2idxc
                0x000083be                _Z8idx2charh
                0x000083d2                _Z8editNamehhPhhh
                0x00008484                _Z12putsTrimModehhhhh
                0x000084de                _Z12menuPhaseOneh
                0x0000869c                _Z18dispFlightModenamehhh
                0x000086c4                _Z15menuModelPhasesh
                0x000087a4                _Z8putc_0_1hhh
                0x000087b2                _Z13menuProcIndexh
                0x00009442                _Z11resetTimernh
                0x00009492                _Z11resetTimer1v
                0x0000949e                _Z11resetTimer2v
                0x000094a2                _Z5timerv
                0x0000986c                _Z5tracev
                0x000098b0                _Z13switchDisplayhh
                0x00009908                _Z7isqrt32m
                0x0000995a                _Z6intpolih
                0x000099fa                _Z8calcExpohi
                0x00009ae2                _Z12drawFunctionhh
                0x00009b9e                _Z9drawCurveh
                0x00009c54                _Z16menuProcCurveOneh
                0x00009e0e                _Z6perOutPih
                0x0000af1c                _Z14setStickCenterv
                0x0000b036                _Z9menuProc0h
                0x0000b52c                _Z11perOutPhasePih
                0x0000b6f6                _Z10evalOffsetah
                0x0000b726                _Z13menuProcCurveh
                0x0000b7ea                _Z12menuScaleOneh
                0x0000b9f0                _Z14menuProcMixOneh
                0x0000bdfe                _Z11menuProcMixh
                0x0000c1e2                _Z18menuProcVoiceAlarmh
                0x0000c300                _Z18menuProcModelIndexh
 .text          0x0000d7aa      0x5d0 obj/eleres.o
                0x0000d7aa                _Z12Check_ELERESv
                0x0000d7ec                _Z7Find_IDPKc
                0x0000d856                _Z10Check_Datev
                0x0000d9fe                __vector_18
                0x0000da7c                _Z11ELERES_Initv
                0x0000dab6                _Z17ELERES_DisableRXDv
                0x0000dabc                _Z16ELERES_EnableRXDv
                0x0000daf8                _Z5titlec
                0x0000db34                _Z16menuProc_eleres1h
                0x0000dbc4                _Z14menuProceLeReSh
                0x0000dbc6                _Z16menuProc_eleres2h
                0x0000dc04                _Z16menuProc_eleres3h
                0x0000dc42                _Z16menuProc_eleres4h
                0x0000dc80                _Z16menuProc_eleres5h
                0x0000dcbe                _Z16menuProc_eleres6h
                0x0000dcfc                _Z16menuProc_eleres7h
                0x0000dd3a                _Z16menuProc_eleres8h
                0x0000dd78                _Z7initvalhhh
 .text          0x0000dd7a        0x0 /home/marek/Programy/avr8-gnu-toolchain-linux_x86/bin/../lib/gcc/avr/4.8.1/avr5/libgcc.a(_mulsi3.o)
 .text          0x0000dd7a        0x0 /home/marek/Programy/avr8-gnu-toolchain-linux_x86/bin/../lib/gcc/avr/4.8.1/avr5/libgcc.a(_divmodqi4.o)
 .text          0x0000dd7a        0x0 /home/marek/Programy/avr8-gnu-toolchain-linux_x86/bin/../lib/gcc/avr/4.8.1/avr5/libgcc.a(_udivmodhi4.o)
 .text          0x0000dd7a        0x0 /home/marek/Programy/avr8-gnu-toolchain-linux_x86/bin/../lib/gcc/avr/4.8.1/avr5/libgcc.a(_divmodhi4.o)
 .text          0x0000dd7a        0x0 /home/marek/Programy/avr8-gnu-toolchain-linux_x86/bin/../lib/gcc/avr/4.8.1/avr5/libgcc.a(_udivmodsi4.o)
 .text          0x0000dd7a        0x0 /home/marek/Programy/avr8-gnu-toolchain-linux_x86/bin/../lib/gcc/avr/4.8.1/avr5/libgcc.a(_divmodsi4.o)
 .text          0x0000dd7a        0x0 /home/marek/Programy/avr8-gnu-toolchain-linux_x86/bin/../lib/gcc/avr/4.8.1/avr5/libgcc.a(_negsi2.o)
 .text          0x0000dd7a        0x0 /home/marek/Programy/avr8-gnu-toolchain-linux_x86/bin/../lib/gcc/avr/4.8.1/avr5/libgcc.a(_exit.o)
 .text          0x0000dd7a        0x0 /home/marek/Programy/avr8-gnu-toolchain-linux_x86/bin/../lib/gcc/avr/4.8.1/avr5/libgcc.a(_tablejump.o)
 .text          0x0000dd7a        0x0 /home/marek/Programy/avr8-gnu-toolchain-linux_x86/bin/../lib/gcc/avr/4.8.1/avr5/libgcc.a(_copy_data.o)
 .text          0x0000dd7a        0x0 /home/marek/Programy/avr8-gnu-toolchain-linux_x86/bin/../lib/gcc/avr/4.8.1/avr5/libgcc.a(_clear_bss.o)
 .text          0x0000dd7a        0x0 /home/marek/Programy/avr8-gnu-toolchain-linux_x86/bin/../lib/gcc/avr/4.8.1/avr5/libgcc.a(_ctors.o)
 .text          0x0000dd7a        0x0 /home/marek/Programy/avr8-gnu-toolchain-linux_x86/bin/../lib/gcc/avr/4.8.1/avr5/libgcc.a(_mulhisi3.o)
 .text          0x0000dd7a        0x0 /home/marek/Programy/avr8-gnu-toolchain-linux_x86/bin/../lib/gcc/avr/4.8.1/avr5/libgcc.a(_umulhisi3.o)
 .text          0x0000dd7a        0x0 /home/marek/Programy/avr8-gnu-toolchain-linux_x86/bin/../lib/gcc/avr/4.8.1/avr5/libgcc.a(_usmulhisi3.o)
 .text          0x0000dd7a        0x0 /home/marek/Programy/avr8-gnu-toolchain-linux_x86/bin/../lib/gcc/avr/4.8.1/avr5/libgcc.a(_muluhisi3.o)
 .text          0x0000dd7a        0x0 /home/marek/Programy/avr8-gnu-toolchain-linux_x86/bin/../lib/gcc/avr/4.8.1/avr5/libgcc.a(_mulshisi3.o)
 .text          0x0000dd7a        0x0 /home/marek/Programy/avr8-gnu-toolchain-linux_x86/bin/../lib/gcc/avr/4.8.1/avr5/libgcc.a(_udivmodqi4.o)
 .text          0x0000dd7a        0x0 /home/marek/Programy/avr8-gnu-toolchain-linux_x86/bin/../lib/gcc/avr/4.8.1/../../../../avr/lib/avr5/libc.a(atoi.o)
 .text          0x0000dd7a        0x0 /home/marek/Programy/avr8-gnu-toolchain-linux_x86/bin/../lib/gcc/avr/4.8.1/../../../../avr/lib/avr5/libc.a(memmove.o)
 .text          0x0000dd7a        0x0 /home/marek/Programy/avr8-gnu-toolchain-linux_x86/bin/../lib/gcc/avr/4.8.1/../../../../avr/lib/avr5/libc.a(memset.o)
 .text          0x0000dd7a        0x0 /home/marek/Programy/avr8-gnu-toolchain-linux_x86/bin/../lib/gcc/avr/4.8.1/../../../../avr/lib/avr5/libc.a(strncmp.o)
 .text          0x0000dd7a        0x0 /home/marek/Programy/avr8-gnu-toolchain-linux_x86/bin/../lib/gcc/avr/4.8.1/../../../../avr/lib/avr5/libc.a(mul10.o)
 .text          0x0000dd7a        0x0 /home/marek/Programy/avr8-gnu-toolchain-linux_x86/bin/../lib/gcc/avr/4.8.1/../../../../avr/lib/avr5/libc.a(eerd_block_atmega64.o)
 .text          0x0000dd7a        0x0 /home/marek/Programy/avr8-gnu-toolchain-linux_x86/bin/../lib/gcc/avr/4.8.1/../../../../avr/lib/avr5/libc.a(memcpy.o)
                0x0000dd7a                . = ALIGN (0x2)
 *(.text.*)
 .text._Z7keyDownv
                0x0000dd7a        0x8 obj/er9x.o
                0x0000dd7a                _Z7keyDownv
 .text.startup  0x0000dd82      0x266 obj/er9x.o
                0x0000dd82                main
 .text.libgcc.mul
                0x0000dfe8       0x1e /home/marek/Programy/avr8-gnu-toolchain-linux_x86/bin/../lib/gcc/avr/4.8.1/avr5/libgcc.a(_mulsi3.o)
                0x0000dfe8                __mulsi3
 .text.libgcc.div
                0x0000e006        0x0 /home/marek/Programy/avr8-gnu-toolchain-linux_x86/bin/../lib/gcc/avr/4.8.1/avr5/libgcc.a(_mulsi3.o)
 .text.libgcc   0x0000e006        0x0 /home/marek/Programy/avr8-gnu-toolchain-linux_x86/bin/../lib/gcc/avr/4.8.1/avr5/libgcc.a(_mulsi3.o)
 .text.libgcc.prologue
                0x0000e006        0x0 /home/marek/Programy/avr8-gnu-toolchain-linux_x86/bin/../lib/gcc/avr/4.8.1/avr5/libgcc.a(_mulsi3.o)
 .text.libgcc.builtins
                0x0000e006        0x0 /home/marek/Programy/avr8-gnu-toolchain-linux_x86/bin/../lib/gcc/avr/4.8.1/avr5/libgcc.a(_mulsi3.o)
 .text.libgcc.fmul
                0x0000e006        0x0 /home/marek/Programy/avr8-gnu-toolchain-linux_x86/bin/../lib/gcc/avr/4.8.1/avr5/libgcc.a(_mulsi3.o)
 .text.libgcc.fixed
                0x0000e006        0x0 /home/marek/Programy/avr8-gnu-toolchain-linux_x86/bin/../lib/gcc/avr/4.8.1/avr5/libgcc.a(_mulsi3.o)
 .text.libgcc.mul
                0x0000e006        0x0 /home/marek/Programy/avr8-gnu-toolchain-linux_x86/bin/../lib/gcc/avr/4.8.1/avr5/libgcc.a(_divmodqi4.o)
 .text.libgcc.div
                0x0000e006       0x1a /home/marek/Programy/avr8-gnu-toolchain-linux_x86/bin/../lib/gcc/avr/4.8.1/avr5/libgcc.a(_divmodqi4.o)
                0x0000e006                __divmodqi4
 .text.libgcc   0x0000e020        0x0 /home/marek/Programy/avr8-gnu-toolchain-linux_x86/bin/../lib/gcc/avr/4.8.1/avr5/libgcc.a(_divmodqi4.o)
 .text.libgcc.prologue
                0x0000e020        0x0 /home/marek/Programy/avr8-gnu-toolchain-linux_x86/bin/../lib/gcc/avr/4.8.1/avr5/libgcc.a(_divmodqi4.o)
 .text.libgcc.builtins
                0x0000e020        0x0 /home/marek/Programy/avr8-gnu-toolchain-linux_x86/bin/../lib/gcc/avr/4.8.1/avr5/libgcc.a(_divmodqi4.o)
 .text.libgcc.fmul
                0x0000e020        0x0 /home/marek/Programy/avr8-gnu-toolchain-linux_x86/bin/../lib/gcc/avr/4.8.1/avr5/libgcc.a(_divmodqi4.o)
 .text.libgcc.fixed
                0x0000e020        0x0 /home/marek/Programy/avr8-gnu-toolchain-linux_x86/bin/../lib/gcc/avr/4.8.1/avr5/libgcc.a(_divmodqi4.o)
 .text.libgcc.mul
                0x0000e020        0x0 /home/marek/Programy/avr8-gnu-toolchain-linux_x86/bin/../lib/gcc/avr/4.8.1/avr5/libgcc.a(_udivmodhi4.o)
 .text.libgcc.div
                0x0000e020       0x28 /home/marek/Programy/avr8-gnu-toolchain-linux_x86/bin/../lib/gcc/avr/4.8.1/avr5/libgcc.a(_udivmodhi4.o)
                0x0000e020                __udivmodhi4
 .text.libgcc   0x0000e048        0x0 /home/marek/Programy/avr8-gnu-toolchain-linux_x86/bin/../lib/gcc/avr/4.8.1/avr5/libgcc.a(_udivmodhi4.o)
 .text.libgcc.prologue
                0x0000e048        0x0 /home/marek/Programy/avr8-gnu-toolchain-linux_x86/bin/../lib/gcc/avr/4.8.1/avr5/libgcc.a(_udivmodhi4.o)
 .text.libgcc.builtins
                0x0000e048        0x0 /home/marek/Programy/avr8-gnu-toolchain-linux_x86/bin/../lib/gcc/avr/4.8.1/avr5/libgcc.a(_udivmodhi4.o)
 .text.libgcc.fmul
                0x0000e048        0x0 /home/marek/Programy/avr8-gnu-toolchain-linux_x86/bin/../lib/gcc/avr/4.8.1/avr5/libgcc.a(_udivmodhi4.o)
 .text.libgcc.fixed
                0x0000e048        0x0 /home/marek/Programy/avr8-gnu-toolchain-linux_x86/bin/../lib/gcc/avr/4.8.1/avr5/libgcc.a(_udivmodhi4.o)
 .text.libgcc.mul
                0x0000e048        0x0 /home/marek/Programy/avr8-gnu-toolchain-linux_x86/bin/../lib/gcc/avr/4.8.1/avr5/libgcc.a(_divmodhi4.o)
 .text.libgcc.div
                0x0000e048       0x26 /home/marek/Programy/avr8-gnu-toolchain-linux_x86/bin/../lib/gcc/avr/4.8.1/avr5/libgcc.a(_divmodhi4.o)
                0x0000e048                __divmodhi4
                0x0000e048                _div
 .text.libgcc   0x0000e06e        0x0 /home/marek/Programy/avr8-gnu-toolchain-linux_x86/bin/../lib/gcc/avr/4.8.1/avr5/libgcc.a(_divmodhi4.o)
 .text.libgcc.prologue
                0x0000e06e        0x0 /home/marek/Programy/avr8-gnu-toolchain-linux_x86/bin/../lib/gcc/avr/4.8.1/avr5/libgcc.a(_divmodhi4.o)
 .text.libgcc.builtins
                0x0000e06e        0x0 /home/marek/Programy/avr8-gnu-toolchain-linux_x86/bin/../lib/gcc/avr/4.8.1/avr5/libgcc.a(_divmodhi4.o)
 .text.libgcc.fmul
                0x0000e06e        0x0 /home/marek/Programy/avr8-gnu-toolchain-linux_x86/bin/../lib/gcc/avr/4.8.1/avr5/libgcc.a(_divmodhi4.o)
 .text.libgcc.fixed
                0x0000e06e        0x0 /home/marek/Programy/avr8-gnu-toolchain-linux_x86/bin/../lib/gcc/avr/4.8.1/avr5/libgcc.a(_divmodhi4.o)
 .text.libgcc.mul
                0x0000e06e        0x0 /home/marek/Programy/avr8-gnu-toolchain-linux_x86/bin/../lib/gcc/avr/4.8.1/avr5/libgcc.a(_udivmodsi4.o)
 .text.libgcc.div
                0x0000e06e       0x44 /home/marek/Programy/avr8-gnu-toolchain-linux_x86/bin/../lib/gcc/avr/4.8.1/avr5/libgcc.a(_udivmodsi4.o)
                0x0000e06e                __udivmodsi4
 .text.libgcc   0x0000e0b2        0x0 /home/marek/Programy/avr8-gnu-toolchain-linux_x86/bin/../lib/gcc/avr/4.8.1/avr5/libgcc.a(_udivmodsi4.o)
 .text.libgcc.prologue
                0x0000e0b2        0x0 /home/marek/Programy/avr8-gnu-toolchain-linux_x86/bin/../lib/gcc/avr/4.8.1/avr5/libgcc.a(_udivmodsi4.o)
 .text.libgcc.builtins
                0x0000e0b2        0x0 /home/marek/Programy/avr8-gnu-toolchain-linux_x86/bin/../lib/gcc/avr/4.8.1/avr5/libgcc.a(_udivmodsi4.o)
 .text.libgcc.fmul
                0x0000e0b2        0x0 /home/marek/Programy/avr8-gnu-toolchain-linux_x86/bin/../lib/gcc/avr/4.8.1/avr5/libgcc.a(_udivmodsi4.o)
 .text.libgcc.fixed
                0x0000e0b2        0x0 /home/marek/Programy/avr8-gnu-toolchain-linux_x86/bin/../lib/gcc/avr/4.8.1/avr5/libgcc.a(_udivmodsi4.o)
 .text.libgcc.mul
                0x0000e0b2        0x0 /home/marek/Programy/avr8-gnu-toolchain-linux_x86/bin/../lib/gcc/avr/4.8.1/avr5/libgcc.a(_divmodsi4.o)
 .text.libgcc.div
                0x0000e0b2       0x28 /home/marek/Programy/avr8-gnu-toolchain-linux_x86/bin/../lib/gcc/avr/4.8.1/avr5/libgcc.a(_divmodsi4.o)
                0x0000e0b2                __divmodsi4
 .text.libgcc   0x0000e0da        0x0 /home/marek/Programy/avr8-gnu-toolchain-linux_x86/bin/../lib/gcc/avr/4.8.1/avr5/libgcc.a(_divmodsi4.o)
 .text.libgcc.prologue
                0x0000e0da        0x0 /home/marek/Programy/avr8-gnu-toolchain-linux_x86/bin/../lib/gcc/avr/4.8.1/avr5/libgcc.a(_divmodsi4.o)
 .text.libgcc.builtins
                0x0000e0da        0x0 /home/marek/Programy/avr8-gnu-toolchain-linux_x86/bin/../lib/gcc/avr/4.8.1/avr5/libgcc.a(_divmodsi4.o)
 .text.libgcc.fmul
                0x0000e0da        0x0 /home/marek/Programy/avr8-gnu-toolchain-linux_x86/bin/../lib/gcc/avr/4.8.1/avr5/libgcc.a(_divmodsi4.o)
 .text.libgcc.fixed
                0x0000e0da        0x0 /home/marek/Programy/avr8-gnu-toolchain-linux_x86/bin/../lib/gcc/avr/4.8.1/avr5/libgcc.a(_divmodsi4.o)
 .text.libgcc.mul
                0x0000e0da        0x0 /home/marek/Programy/avr8-gnu-toolchain-linux_x86/bin/../lib/gcc/avr/4.8.1/avr5/libgcc.a(_negsi2.o)
 .text.libgcc.div
                0x0000e0da       0x10 /home/marek/Programy/avr8-gnu-toolchain-linux_x86/bin/../lib/gcc/avr/4.8.1/avr5/libgcc.a(_negsi2.o)
                0x0000e0da                __negsi2
 .text.libgcc   0x0000e0ea        0x0 /home/marek/Programy/avr8-gnu-toolchain-linux_x86/bin/../lib/gcc/avr/4.8.1/avr5/libgcc.a(_negsi2.o)
 .text.libgcc.prologue
                0x0000e0ea        0x0 /home/marek/Programy/avr8-gnu-toolchain-linux_x86/bin/../lib/gcc/avr/4.8.1/avr5/libgcc.a(_negsi2.o)
 .text.libgcc.builtins
                0x0000e0ea        0x0 /home/marek/Programy/avr8-gnu-toolchain-linux_x86/bin/../lib/gcc/avr/4.8.1/avr5/libgcc.a(_negsi2.o)
 .text.libgcc.fmul
                0x0000e0ea        0x0 /home/marek/Programy/avr8-gnu-toolchain-linux_x86/bin/../lib/gcc/avr/4.8.1/avr5/libgcc.a(_negsi2.o)
 .text.libgcc.fixed
                0x0000e0ea        0x0 /home/marek/Programy/avr8-gnu-toolchain-linux_x86/bin/../lib/gcc/avr/4.8.1/avr5/libgcc.a(_negsi2.o)
 .text.libgcc.mul
                0x0000e0ea        0x0 /home/marek/Programy/avr8-gnu-toolchain-linux_x86/bin/../lib/gcc/avr/4.8.1/avr5/libgcc.a(_exit.o)
 .text.libgcc.div
                0x0000e0ea        0x0 /home/marek/Programy/avr8-gnu-toolchain-linux_x86/bin/../lib/gcc/avr/4.8.1/avr5/libgcc.a(_exit.o)
 .text.libgcc   0x0000e0ea        0x0 /home/marek/Programy/avr8-gnu-toolchain-linux_x86/bin/../lib/gcc/avr/4.8.1/avr5/libgcc.a(_exit.o)
 .text.libgcc.prologue
                0x0000e0ea        0x0 /home/marek/Programy/avr8-gnu-toolchain-linux_x86/bin/../lib/gcc/avr/4.8.1/avr5/libgcc.a(_exit.o)
 .text.libgcc.builtins
                0x0000e0ea        0x0 /home/marek/Programy/avr8-gnu-toolchain-linux_x86/bin/../lib/gcc/avr/4.8.1/avr5/libgcc.a(_exit.o)
 .text.libgcc.fmul
                0x0000e0ea        0x0 /home/marek/Programy/avr8-gnu-toolchain-linux_x86/bin/../lib/gcc/avr/4.8.1/avr5/libgcc.a(_exit.o)
 .text.libgcc.fixed
                0x0000e0ea        0x0 /home/marek/Programy/avr8-gnu-toolchain-linux_x86/bin/../lib/gcc/avr/4.8.1/avr5/libgcc.a(_exit.o)
 .text.libgcc.mul
                0x0000e0ea        0x0 /home/marek/Programy/avr8-gnu-toolchain-linux_x86/bin/../lib/gcc/avr/4.8.1/avr5/libgcc.a(_tablejump.o)
 .text.libgcc.div
                0x0000e0ea        0x0 /home/marek/Programy/avr8-gnu-toolchain-linux_x86/bin/../lib/gcc/avr/4.8.1/avr5/libgcc.a(_tablejump.o)
 .text.libgcc   0x0000e0ea        0xc /home/marek/Programy/avr8-gnu-toolchain-linux_x86/bin/../lib/gcc/avr/4.8.1/avr5/libgcc.a(_tablejump.o)
                0x0000e0ea                __tablejump2__
                0x0000e0ee                __tablejump__
 .text.libgcc.prologue
                0x0000e0f6        0x0 /home/marek/Programy/avr8-gnu-toolchain-linux_x86/bin/../lib/gcc/avr/4.8.1/avr5/libgcc.a(_tablejump.o)
 .text.libgcc.builtins
                0x0000e0f6        0x0 /home/marek/Programy/avr8-gnu-toolchain-linux_x86/bin/../lib/gcc/avr/4.8.1/avr5/libgcc.a(_tablejump.o)
 .text.libgcc.fmul
                0x0000e0f6        0x0 /home/marek/Programy/avr8-gnu-toolchain-linux_x86/bin/../lib/gcc/avr/4.8.1/avr5/libgcc.a(_tablejump.o)
 .text.libgcc.fixed
                0x0000e0f6        0x0 /home/marek/Programy/avr8-gnu-toolchain-linux_x86/bin/../lib/gcc/avr/4.8.1/avr5/libgcc.a(_tablejump.o)
 .text.libgcc.mul
                0x0000e0f6        0x0 /home/marek/Programy/avr8-gnu-toolchain-linux_x86/bin/../lib/gcc/avr/4.8.1/avr5/libgcc.a(_copy_data.o)
 .text.libgcc.div
                0x0000e0f6        0x0 /home/marek/Programy/avr8-gnu-toolchain-linux_x86/bin/../lib/gcc/avr/4.8.1/avr5/libgcc.a(_copy_data.o)
 .text.libgcc   0x0000e0f6        0x0 /home/marek/Programy/avr8-gnu-toolchain-linux_x86/bin/../lib/gcc/avr/4.8.1/avr5/libgcc.a(_copy_data.o)
 .text.libgcc.prologue
                0x0000e0f6        0x0 /home/marek/Programy/avr8-gnu-toolchain-linux_x86/bin/../lib/gcc/avr/4.8.1/avr5/libgcc.a(_copy_data.o)
 .text.libgcc.builtins
                0x0000e0f6        0x0 /home/marek/Programy/avr8-gnu-toolchain-linux_x86/bin/../lib/gcc/avr/4.8.1/avr5/libgcc.a(_copy_data.o)
 .text.libgcc.fmul
                0x0000e0f6        0x0 /home/marek/Programy/avr8-gnu-toolchain-linux_x86/bin/../lib/gcc/avr/4.8.1/avr5/libgcc.a(_copy_data.o)
 .text.libgcc.fixed
                0x0000e0f6        0x0 /home/marek/Programy/avr8-gnu-toolchain-linux_x86/bin/../lib/gcc/avr/4.8.1/avr5/libgcc.a(_copy_data.o)
 .text.libgcc.mul
                0x0000e0f6        0x0 /home/marek/Programy/avr8-gnu-toolchain-linux_x86/bin/../lib/gcc/avr/4.8.1/avr5/libgcc.a(_clear_bss.o)
 .text.libgcc.div
                0x0000e0f6        0x0 /home/marek/Programy/avr8-gnu-toolchain-linux_x86/bin/../lib/gcc/avr/4.8.1/avr5/libgcc.a(_clear_bss.o)
 .text.libgcc   0x0000e0f6        0x0 /home/marek/Programy/avr8-gnu-toolchain-linux_x86/bin/../lib/gcc/avr/4.8.1/avr5/libgcc.a(_clear_bss.o)
 .text.libgcc.prologue
                0x0000e0f6        0x0 /home/marek/Programy/avr8-gnu-toolchain-linux_x86/bin/../lib/gcc/avr/4.8.1/avr5/libgcc.a(_clear_bss.o)
 .text.libgcc.builtins
                0x0000e0f6        0x0 /home/marek/Programy/avr8-gnu-toolchain-linux_x86/bin/../lib/gcc/avr/4.8.1/avr5/libgcc.a(_clear_bss.o)
 .text.libgcc.fmul
                0x0000e0f6        0x0 /home/marek/Programy/avr8-gnu-toolchain-linux_x86/bin/../lib/gcc/avr/4.8.1/avr5/libgcc.a(_clear_bss.o)
 .text.libgcc.fixed
                0x0000e0f6        0x0 /home/marek/Programy/avr8-gnu-toolchain-linux_x86/bin/../lib/gcc/avr/4.8.1/avr5/libgcc.a(_clear_bss.o)
 .text.libgcc.mul
                0x0000e0f6        0x0 /home/marek/Programy/avr8-gnu-toolchain-linux_x86/bin/../lib/gcc/avr/4.8.1/avr5/libgcc.a(_ctors.o)
 .text.libgcc.div
                0x0000e0f6        0x0 /home/marek/Programy/avr8-gnu-toolchain-linux_x86/bin/../lib/gcc/avr/4.8.1/avr5/libgcc.a(_ctors.o)
 .text.libgcc   0x0000e0f6        0x0 /home/marek/Programy/avr8-gnu-toolchain-linux_x86/bin/../lib/gcc/avr/4.8.1/avr5/libgcc.a(_ctors.o)
 .text.libgcc.prologue
                0x0000e0f6        0x0 /home/marek/Programy/avr8-gnu-toolchain-linux_x86/bin/../lib/gcc/avr/4.8.1/avr5/libgcc.a(_ctors.o)
 .text.libgcc.builtins
                0x0000e0f6        0x0 /home/marek/Programy/avr8-gnu-toolchain-linux_x86/bin/../lib/gcc/avr/4.8.1/avr5/libgcc.a(_ctors.o)
 .text.libgcc.fmul
                0x0000e0f6        0x0 /home/marek/Programy/avr8-gnu-toolchain-linux_x86/bin/../lib/gcc/avr/4.8.1/avr5/libgcc.a(_ctors.o)
 .text.libgcc.fixed
                0x0000e0f6        0x0 /home/marek/Programy/avr8-gnu-toolchain-linux_x86/bin/../lib/gcc/avr/4.8.1/avr5/libgcc.a(_ctors.o)
 .text.libgcc.mul
                0x0000e0f6        0xc /home/marek/Programy/avr8-gnu-toolchain-linux_x86/bin/../lib/gcc/avr/4.8.1/avr5/libgcc.a(_mulhisi3.o)
                0x0000e0f6                __mulhisi3
 .text.libgcc.div
                0x0000e102        0x0 /home/marek/Programy/avr8-gnu-toolchain-linux_x86/bin/../lib/gcc/avr/4.8.1/avr5/libgcc.a(_mulhisi3.o)
 .text.libgcc   0x0000e102        0x0 /home/marek/Programy/avr8-gnu-toolchain-linux_x86/bin/../lib/gcc/avr/4.8.1/avr5/libgcc.a(_mulhisi3.o)
 .text.libgcc.prologue
                0x0000e102        0x0 /home/marek/Programy/avr8-gnu-toolchain-linux_x86/bin/../lib/gcc/avr/4.8.1/avr5/libgcc.a(_mulhisi3.o)
 .text.libgcc.builtins
                0x0000e102        0x0 /home/marek/Programy/avr8-gnu-toolchain-linux_x86/bin/../lib/gcc/avr/4.8.1/avr5/libgcc.a(_mulhisi3.o)
 .text.libgcc.fmul
                0x0000e102        0x0 /home/marek/Programy/avr8-gnu-toolchain-linux_x86/bin/../lib/gcc/avr/4.8.1/avr5/libgcc.a(_mulhisi3.o)
 .text.libgcc.fixed
                0x0000e102        0x0 /home/marek/Programy/avr8-gnu-toolchain-linux_x86/bin/../lib/gcc/avr/4.8.1/avr5/libgcc.a(_mulhisi3.o)
 .text.libgcc.mul
                0x0000e102       0x1e /home/marek/Programy/avr8-gnu-toolchain-linux_x86/bin/../lib/gcc/avr/4.8.1/avr5/libgcc.a(_umulhisi3.o)
                0x0000e102                __umulhisi3
 .text.libgcc.div
                0x0000e120        0x0 /home/marek/Programy/avr8-gnu-toolchain-linux_x86/bin/../lib/gcc/avr/4.8.1/avr5/libgcc.a(_umulhisi3.o)
 .text.libgcc   0x0000e120        0x0 /home/marek/Programy/avr8-gnu-toolchain-linux_x86/bin/../lib/gcc/avr/4.8.1/avr5/libgcc.a(_umulhisi3.o)
 .text.libgcc.prologue
                0x0000e120        0x0 /home/marek/Programy/avr8-gnu-toolchain-linux_x86/bin/../lib/gcc/avr/4.8.1/avr5/libgcc.a(_umulhisi3.o)
 .text.libgcc.builtins
                0x0000e120        0x0 /home/marek/Programy/avr8-gnu-toolchain-linux_x86/bin/../lib/gcc/avr/4.8.1/avr5/libgcc.a(_umulhisi3.o)
 .text.libgcc.fmul
                0x0000e120        0x0 /home/marek/Programy/avr8-gnu-toolchain-linux_x86/bin/../lib/gcc/avr/4.8.1/avr5/libgcc.a(_umulhisi3.o)
 .text.libgcc.fixed
                0x0000e120        0x0 /home/marek/Programy/avr8-gnu-toolchain-linux_x86/bin/../lib/gcc/avr/4.8.1/avr5/libgcc.a(_umulhisi3.o)
 .text.libgcc.mul
                0x0000e120        0xc /home/marek/Programy/avr8-gnu-toolchain-linux_x86/bin/../lib/gcc/avr/4.8.1/avr5/libgcc.a(_usmulhisi3.o)
                0x0000e120                __usmulhisi3
                0x0000e122                __usmulhisi3_tail
 .text.libgcc.div
                0x0000e12c        0x0 /home/marek/Programy/avr8-gnu-toolchain-linux_x86/bin/../lib/gcc/avr/4.8.1/avr5/libgcc.a(_usmulhisi3.o)
 .text.libgcc   0x0000e12c        0x0 /home/marek/Programy/avr8-gnu-toolchain-linux_x86/bin/../lib/gcc/avr/4.8.1/avr5/libgcc.a(_usmulhisi3.o)
 .text.libgcc.prologue
                0x0000e12c        0x0 /home/marek/Programy/avr8-gnu-toolchain-linux_x86/bin/../lib/gcc/avr/4.8.1/avr5/libgcc.a(_usmulhisi3.o)
 .text.libgcc.builtins
                0x0000e12c        0x0 /home/marek/Programy/avr8-gnu-toolchain-linux_x86/bin/../lib/gcc/avr/4.8.1/avr5/libgcc.a(_usmulhisi3.o)
 .text.libgcc.fmul
                0x0000e12c        0x0 /home/marek/Programy/avr8-gnu-toolchain-linux_x86/bin/../lib/gcc/avr/4.8.1/avr5/libgcc.a(_usmulhisi3.o)
 .text.libgcc.fixed
                0x0000e12c        0x0 /home/marek/Programy/avr8-gnu-toolchain-linux_x86/bin/../lib/gcc/avr/4.8.1/avr5/libgcc.a(_usmulhisi3.o)
 .text.libgcc.mul
                0x0000e12c       0x14 /home/marek/Programy/avr8-gnu-toolchain-linux_x86/bin/../lib/gcc/avr/4.8.1/avr5/libgcc.a(_muluhisi3.o)
                0x0000e12c                __muluhisi3
 .text.libgcc.div
                0x0000e140        0x0 /home/marek/Programy/avr8-gnu-toolchain-linux_x86/bin/../lib/gcc/avr/4.8.1/avr5/libgcc.a(_muluhisi3.o)
 .text.libgcc   0x0000e140        0x0 /home/marek/Programy/avr8-gnu-toolchain-linux_x86/bin/../lib/gcc/avr/4.8.1/avr5/libgcc.a(_muluhisi3.o)
 .text.libgcc.prologue
                0x0000e140        0x0 /home/marek/Programy/avr8-gnu-toolchain-linux_x86/bin/../lib/gcc/avr/4.8.1/avr5/libgcc.a(_muluhisi3.o)
 .text.libgcc.builtins
                0x0000e140        0x0 /home/marek/Programy/avr8-gnu-toolchain-linux_x86/bin/../lib/gcc/avr/4.8.1/avr5/libgcc.a(_muluhisi3.o)
 .text.libgcc.fmul
                0x0000e140        0x0 /home/marek/Programy/avr8-gnu-toolchain-linux_x86/bin/../lib/gcc/avr/4.8.1/avr5/libgcc.a(_muluhisi3.o)
 .text.libgcc.fixed
                0x0000e140        0x0 /home/marek/Programy/avr8-gnu-toolchain-linux_x86/bin/../lib/gcc/avr/4.8.1/avr5/libgcc.a(_muluhisi3.o)
 .text.libgcc.mul
                0x0000e140        0xc /home/marek/Programy/avr8-gnu-toolchain-linux_x86/bin/../lib/gcc/avr/4.8.1/avr5/libgcc.a(_mulshisi3.o)
                0x0000e140                __mulshisi3
                0x0000e144                __mulohisi3
 .text.libgcc.div
                0x0000e14c        0x0 /home/marek/Programy/avr8-gnu-toolchain-linux_x86/bin/../lib/gcc/avr/4.8.1/avr5/libgcc.a(_mulshisi3.o)
 .text.libgcc   0x0000e14c        0x0 /home/marek/Programy/avr8-gnu-toolchain-linux_x86/bin/../lib/gcc/avr/4.8.1/avr5/libgcc.a(_mulshisi3.o)
 .text.libgcc.prologue
                0x0000e14c        0x0 /home/marek/Programy/avr8-gnu-toolchain-linux_x86/bin/../lib/gcc/avr/4.8.1/avr5/libgcc.a(_mulshisi3.o)
 .text.libgcc.builtins
                0x0000e14c        0x0 /home/marek/Programy/avr8-gnu-toolchain-linux_x86/bin/../lib/gcc/avr/4.8.1/avr5/libgcc.a(_mulshisi3.o)
 .text.libgcc.fmul
                0x0000e14c        0x0 /home/marek/Programy/avr8-gnu-toolchain-linux_x86/bin/../lib/gcc/avr/4.8.1/avr5/libgcc.a(_mulshisi3.o)
 .text.libgcc.fixed
                0x0000e14c        0x0 /home/marek/Programy/avr8-gnu-toolchain-linux_x86/bin/../lib/gcc/avr/4.8.1/avr5/libgcc.a(_mulshisi3.o)
 .text.libgcc.mul
                0x0000e14c        0x0 /home/marek/Programy/avr8-gnu-toolchain-linux_x86/bin/../lib/gcc/avr/4.8.1/avr5/libgcc.a(_udivmodqi4.o)
 .text.libgcc.div
                0x0000e14c       0x18 /home/marek/Programy/avr8-gnu-toolchain-linux_x86/bin/../lib/gcc/avr/4.8.1/avr5/libgcc.a(_udivmodqi4.o)
                0x0000e14c                __udivmodqi4
 .text.libgcc   0x0000e164        0x0 /home/marek/Programy/avr8-gnu-toolchain-linux_x86/bin/../lib/gcc/avr/4.8.1/avr5/libgcc.a(_udivmodqi4.o)
 .text.libgcc.prologue
                0x0000e164        0x0 /home/marek/Programy/avr8-gnu-toolchain-linux_x86/bin/../lib/gcc/avr/4.8.1/avr5/libgcc.a(_udivmodqi4.o)
 .text.libgcc.builtins
                0x0000e164        0x0 /home/marek/Programy/avr8-gnu-toolchain-linux_x86/bin/../lib/gcc/avr/4.8.1/avr5/libgcc.a(_udivmodqi4.o)
 .text.libgcc.fmul
                0x0000e164        0x0 /home/marek/Programy/avr8-gnu-toolchain-linux_x86/bin/../lib/gcc/avr/4.8.1/avr5/libgcc.a(_udivmodqi4.o)
 .text.libgcc.fixed
                0x0000e164        0x0 /home/marek/Programy/avr8-gnu-toolchain-linux_x86/bin/../lib/gcc/avr/4.8.1/avr5/libgcc.a(_udivmodqi4.o)
 .text.avr-libc
                0x0000e164       0x3a /home/marek/Programy/avr8-gnu-toolchain-linux_x86/bin/../lib/gcc/avr/4.8.1/../../../../avr/lib/avr5/libc.a(atoi.o)
                0x0000e164                atoi
 .text.avr-libc
                0x0000e19e       0x22 /home/marek/Programy/avr8-gnu-toolchain-linux_x86/bin/../lib/gcc/avr/4.8.1/../../../../avr/lib/avr5/libc.a(memmove.o)
                0x0000e19e                memmove
 .text.avr-libc
                0x0000e1c0        0xe /home/marek/Programy/avr8-gnu-toolchain-linux_x86/bin/../lib/gcc/avr/4.8.1/../../../../avr/lib/avr5/libc.a(memset.o)
                0x0000e1c0                memset
 .text.avr-libc
                0x0000e1ce       0x1c /home/marek/Programy/avr8-gnu-toolchain-linux_x86/bin/../lib/gcc/avr/4.8.1/../../../../avr/lib/avr5/libc.a(strncmp.o)
                0x0000e1ce                strncmp
 .text.avr-libc
                0x0000e1ea       0x10 /home/marek/Programy/avr8-gnu-toolchain-linux_x86/bin/../lib/gcc/avr/4.8.1/../../../../avr/lib/avr5/libc.a(mul10.o)
                0x0000e1ea                __mulhi_const_10
 .text.avr-libc
                0x0000e1fa       0x20 /home/marek/Programy/avr8-gnu-toolchain-linux_x86/bin/../lib/gcc/avr/4.8.1/../../../../avr/lib/avr5/libc.a(eerd_block_atmega64.o)
                0x0000e1fa                __eerd_block_m64
                0x0000e1fe                __eerd_blraw_m64
 .text.avr-libc
                0x0000e21a       0x12 /home/marek/Programy/avr8-gnu-toolchain-linux_x86/bin/../lib/gcc/avr/4.8.1/../../../../avr/lib/avr5/libc.a(memcpy.o)
                0x0000e21a                memcpy
                0x0000e22c                . = ALIGN (0x2)
 *(.fini9)
 .fini9         0x0000e22c        0x0 /home/marek/Programy/avr8-gnu-toolchain-linux_x86/bin/../lib/gcc/avr/4.8.1/avr5/libgcc.a(_exit.o)
                0x0000e22c                exit
                0x0000e22c                _exit
 *(.fini9)
 *(.fini8)
 *(.fini8)
 *(.fini7)
 *(.fini7)
 *(.fini6)
 *(.fini6)
 *(.fini5)
 *(.fini5)
 *(.fini4)
 *(.fini4)
 *(.fini3)
 *(.fini3)
 *(.fini2)
 *(.fini2)
 *(.fini1)
 *(.fini1)
 *(.fini0)
 .fini0         0x0000e22c        0x4 /home/marek/Programy/avr8-gnu-toolchain-linux_x86/bin/../lib/gcc/avr/4.8.1/avr5/libgcc.a(_exit.o)
 *(.fini0)
                0x0000e230                _etext = .

.data           0x00800100       0x46 load address 0x0000e230
                0x00800100                PROVIDE (__data_start, .)
 *(.data)
 .data          0x00800100        0x0 /home/marek/Programy/avr8-gnu-toolchain-linux_x86/bin/../lib/gcc/avr/4.8.1/../../../../avr/lib/avr5/crtm64.o
 .data          0x00800100        0x6 obj/er9x.o
                0x00800100                BandGap
                0x00800102                AlarmControl
 .data          0x00800106        0x0 obj/stamp.o
 .data          0x00800106        0x0 obj/pers.o
 .data          0x00800106        0x0 obj/file.o
 .data          0x00800106        0x0 obj/lcd.o
 .data          0x00800106        0x0 obj/drivers.o
 .data          0x00800106        0x0 obj/templates.o
 .data          0x00800106       0x16 obj/pulses.o
                0x0080011a                pulses2MHzptr
 .data          0x0080011c        0x0 obj/audio.o
 .data          0x0080011c        0x4 obj/menus.o
                0x0080011c                g_latency
 .data          0x00800120        0x0 obj/eleres.o
 .data          0x00800120        0x0 /home/marek/Programy/avr8-gnu-toolchain-linux_x86/bin/../lib/gcc/avr/4.8.1/avr5/libgcc.a(_mulsi3.o)
 .data          0x00800120        0x0 /home/marek/Programy/avr8-gnu-toolchain-linux_x86/bin/../lib/gcc/avr/4.8.1/avr5/libgcc.a(_divmodqi4.o)
 .data          0x00800120        0x0 /home/marek/Programy/avr8-gnu-toolchain-linux_x86/bin/../lib/gcc/avr/4.8.1/avr5/libgcc.a(_udivmodhi4.o)
 .data          0x00800120        0x0 /home/marek/Programy/avr8-gnu-toolchain-linux_x86/bin/../lib/gcc/avr/4.8.1/avr5/libgcc.a(_divmodhi4.o)
 .data          0x00800120        0x0 /home/marek/Programy/avr8-gnu-toolchain-linux_x86/bin/../lib/gcc/avr/4.8.1/avr5/libgcc.a(_udivmodsi4.o)
 .data          0x00800120        0x0 /home/marek/Programy/avr8-gnu-toolchain-linux_x86/bin/../lib/gcc/avr/4.8.1/avr5/libgcc.a(_divmodsi4.o)
 .data          0x00800120        0x0 /home/marek/Programy/avr8-gnu-toolchain-linux_x86/bin/../lib/gcc/avr/4.8.1/avr5/libgcc.a(_negsi2.o)
 .data          0x00800120        0x0 /home/marek/Programy/avr8-gnu-toolchain-linux_x86/bin/../lib/gcc/avr/4.8.1/avr5/libgcc.a(_exit.o)
 .data          0x00800120        0x0 /home/marek/Programy/avr8-gnu-toolchain-linux_x86/bin/../lib/gcc/avr/4.8.1/avr5/libgcc.a(_tablejump.o)
 .data          0x00800120        0x0 /home/marek/Programy/avr8-gnu-toolchain-linux_x86/bin/../lib/gcc/avr/4.8.1/avr5/libgcc.a(_copy_data.o)
 .data          0x00800120        0x0 /home/marek/Programy/avr8-gnu-toolchain-linux_x86/bin/../lib/gcc/avr/4.8.1/avr5/libgcc.a(_clear_bss.o)
 .data          0x00800120        0x0 /home/marek/Programy/avr8-gnu-toolchain-linux_x86/bin/../lib/gcc/avr/4.8.1/avr5/libgcc.a(_ctors.o)
 .data          0x00800120        0x0 /home/marek/Programy/avr8-gnu-toolchain-linux_x86/bin/../lib/gcc/avr/4.8.1/avr5/libgcc.a(_mulhisi3.o)
 .data          0x00800120        0x0 /home/marek/Programy/avr8-gnu-toolchain-linux_x86/bin/../lib/gcc/avr/4.8.1/avr5/libgcc.a(_umulhisi3.o)
 .data          0x00800120        0x0 /home/marek/Programy/avr8-gnu-toolchain-linux_x86/bin/../lib/gcc/avr/4.8.1/avr5/libgcc.a(_usmulhisi3.o)
 .data          0x00800120        0x0 /home/marek/Programy/avr8-gnu-toolchain-linux_x86/bin/../lib/gcc/avr/4.8.1/avr5/libgcc.a(_muluhisi3.o)
 .data          0x00800120        0x0 /home/marek/Programy/avr8-gnu-toolchain-linux_x86/bin/../lib/gcc/avr/4.8.1/avr5/libgcc.a(_mulshisi3.o)
 .data          0x00800120        0x0 /home/marek/Programy/avr8-gnu-toolchain-linux_x86/bin/../lib/gcc/avr/4.8.1/avr5/libgcc.a(_udivmodqi4.o)
 .data          0x00800120        0x0 /home/marek/Programy/avr8-gnu-toolchain-linux_x86/bin/../lib/gcc/avr/4.8.1/../../../../avr/lib/avr5/libc.a(atoi.o)
 .data          0x00800120        0x0 /home/marek/Programy/avr8-gnu-toolchain-linux_x86/bin/../lib/gcc/avr/4.8.1/../../../../avr/lib/avr5/libc.a(memmove.o)
 .data          0x00800120        0x0 /home/marek/Programy/avr8-gnu-toolchain-linux_x86/bin/../lib/gcc/avr/4.8.1/../../../../avr/lib/avr5/libc.a(memset.o)
 .data          0x00800120        0x0 /home/marek/Programy/avr8-gnu-toolchain-linux_x86/bin/../lib/gcc/avr/4.8.1/../../../../avr/lib/avr5/libc.a(strncmp.o)
 .data          0x00800120        0x0 /home/marek/Programy/avr8-gnu-toolchain-linux_x86/bin/../lib/gcc/avr/4.8.1/../../../../avr/lib/avr5/libc.a(mul10.o)
 .data          0x00800120        0x0 /home/marek/Programy/avr8-gnu-toolchain-linux_x86/bin/../lib/gcc/avr/4.8.1/../../../../avr/lib/avr5/libc.a(eerd_block_atmega64.o)
 .data          0x00800120        0x0 /home/marek/Programy/avr8-gnu-toolchain-linux_x86/bin/../lib/gcc/avr/4.8.1/../../../../avr/lib/avr5/libc.a(memcpy.o)
 *(.data*)
 *(.rodata)
 .rodata        0x00800120        0x9 obj/eleres.o
 *(.rodata*)
 .rodata.str1.1
                0x00800129       0x1d obj/eleres.o
 *(.gnu.linkonce.d*)
                0x00800146                . = ALIGN (0x2)
                0x00800146                _edata = .
                0x00800146                PROVIDE (__data_end, .)

.bss            0x00800146      0xe70
                0x00800146                PROVIDE (__bss_start, .)
 *(.bss)
 .bss           0x00800146        0x0 /home/marek/Programy/avr8-gnu-toolchain-linux_x86/bin/../lib/gcc/avr/4.8.1/../../../../avr/lib/avr5/crtm64.o
 .bss           0x00800146      0x525 obj/er9x.o
                0x00800146                g_tmr16KHz
                0x00800147                s_anaFilt
                0x00800157                ppmInState
                0x00800158                g_ppmIns
                0x00800168                stickMoved
                0x00800169                g_LightOffCounter
                0x0080016b                tick10ms
                0x0080016c                g_vbat100mV
                0x0080016d                StepSize
                0x0080016e                P1values
                0x00800178                EnterMenu
                0x00800179                g_menuStackPtr
                0x0080017a                g_menuStack
                0x00800184                StickScrollTimer
                0x00800185                StickScrollAllowed
                0x00800186                CsTimer
                0x0080019e                sysFlags
                0x0080019f                audio
                0x008001d7                TimerConfig
                0x008001e1                Tevent
                0x008001e2                Rotary
                0x008001eb                ppmInValid
                0x008001ec                CurrentVolume
                0x008001ed                Nvs_timer
                0x008001fd                Nvs_state
                0x00800205                Vs_state
                0x0080021d                SlaveMode
                0x0080021e                Main_running
                0x0080021f                AlertMessage
                0x00800221                g_model
                0x008005e2                g_eeGeneral
                0x00800654                Last_switch
 .bss           0x0080066b        0x0 obj/stamp.o
 .bss           0x0080066b       0x20 obj/pers.o
                0x0080066b                Ee_lock
                0x0080066c                theWriteFile
                0x00800675                theFile2
                0x0080067e                theFile
 .bss           0x0080068b       0x40 obj/file.o
                0x0080068b                eeFs
 .bss           0x008006cb      0x404 obj/lcd.o
                0x008006cb                LcdLock
                0x008006cc                EepromActive
                0x008006cd                plotType
                0x008006ce                displayBuf
                0x00800ace                lcd_lastPos
 .bss           0x00800acf       0x32 obj/drivers.o
                0x00800acf                g_blinkTmr10ms
                0x00800ad0                g_tmr10ms
                0x00800ad2                keys
                0x00800aff                s_evt
 .bss           0x00800b01        0x0 obj/templates.o
 .bss           0x00800b01       0xa0 obj/pulses.o
                0x00800b01                PcmControl
                0x00800b08                B3_comp_value
                0x00800b0a                PausePulses
                0x00800b0b                pxxFlag
                0x00800b0c                Current_protocol
                0x00800b0d                heartbeat
                0x00800b0e                pulses2MHz
 .bss           0x00800ba1       0x2a obj/audio.o
                0x00800ba1                Voice
 .bss           0x00800bcb      0x291 obj/menus.o
                0x00800bcb                Fade
                0x00800c1a                CurrentPhase
                0x00800c1b                Output
                0x00800d2b                bpanaCenter
                0x00800d2c                Inactivity
                0x00800d31                chans
                0x00800d71                TimeGlobals
                0x00800d78                DupSub
                0x00800d79                DupIfNonzero
                0x00800d7a                s_moveMode
                0x00800d7b                mixToDelete
                0x00800d7c                s_mixMaxSel
                0x00800d7d                M_longMenuTimer
                0x00800d7e                g_posHorz
                0x00800d7f                g_chans512
                0x00800d9f                InverseBlink
                0x00800da0                scrollUD
                0x00800da1                scroll_disabled
                0x00800da2                scrollLR
                0x00800da3                s_noHi
                0x00800da4                s_editing
                0x00800da5                s_editMode
                0x00800da6                s_pgOfs
                0x00800da7                ex_chans
                0x00800dc7                calibratedStick
                0x00800dd5                phyStick
                0x00800dd9                ThrottleStickyOn
                0x00800dda                CalcScaleNest
                0x00800ddb                RotaryState
                0x00800ddc                s_timer
                0x00800dfc                PopupData
                0x00800e00                Xmem
 .bss           0x00800e5c      0x157 obj/eleres.o
                0x00800e5c                DT
                0x00800f70                stat_frame
                0x00800f72                Rx_count
                0x00800f73                Rxbuff
 .bss           0x00800fb3        0x0 /home/marek/Programy/avr8-gnu-toolchain-linux_x86/bin/../lib/gcc/avr/4.8.1/avr5/libgcc.a(_mulsi3.o)
 .bss           0x00800fb3        0x0 /home/marek/Programy/avr8-gnu-toolchain-linux_x86/bin/../lib/gcc/avr/4.8.1/avr5/libgcc.a(_divmodqi4.o)
 .bss           0x00800fb3        0x0 /home/marek/Programy/avr8-gnu-toolchain-linux_x86/bin/../lib/gcc/avr/4.8.1/avr5/libgcc.a(_udivmodhi4.o)
 .bss           0x00800fb3        0x0 /home/marek/Programy/avr8-gnu-toolchain-linux_x86/bin/../lib/gcc/avr/4.8.1/avr5/libgcc.a(_divmodhi4.o)
 .bss           0x00800fb3        0x0 /home/marek/Programy/avr8-gnu-toolchain-linux_x86/bin/../lib/gcc/avr/4.8.1/avr5/libgcc.a(_udivmodsi4.o)
 .bss           0x00800fb3        0x0 /home/marek/Programy/avr8-gnu-toolchain-linux_x86/bin/../lib/gcc/avr/4.8.1/avr5/libgcc.a(_divmodsi4.o)
 .bss           0x00800fb3        0x0 /home/marek/Programy/avr8-gnu-toolchain-linux_x86/bin/../lib/gcc/avr/4.8.1/avr5/libgcc.a(_negsi2.o)
 .bss           0x00800fb3        0x0 /home/marek/Programy/avr8-gnu-toolchain-linux_x86/bin/../lib/gcc/avr/4.8.1/avr5/libgcc.a(_exit.o)
 .bss           0x00800fb3        0x0 /home/marek/Programy/avr8-gnu-toolchain-linux_x86/bin/../lib/gcc/avr/4.8.1/avr5/libgcc.a(_tablejump.o)
 .bss           0x00800fb3        0x0 /home/marek/Programy/avr8-gnu-toolchain-linux_x86/bin/../lib/gcc/avr/4.8.1/avr5/libgcc.a(_copy_data.o)
 .bss           0x00800fb3        0x0 /home/marek/Programy/avr8-gnu-toolchain-linux_x86/bin/../lib/gcc/avr/4.8.1/avr5/libgcc.a(_clear_bss.o)
 .bss           0x00800fb3        0x0 /home/marek/Programy/avr8-gnu-toolchain-linux_x86/bin/../lib/gcc/avr/4.8.1/avr5/libgcc.a(_ctors.o)
 .bss           0x00800fb3        0x0 /home/marek/Programy/avr8-gnu-toolchain-linux_x86/bin/../lib/gcc/avr/4.8.1/avr5/libgcc.a(_mulhisi3.o)
 .bss           0x00800fb3        0x0 /home/marek/Programy/avr8-gnu-toolchain-linux_x86/bin/../lib/gcc/avr/4.8.1/avr5/libgcc.a(_umulhisi3.o)
 .bss           0x00800fb3        0x0 /home/marek/Programy/avr8-gnu-toolchain-linux_x86/bin/../lib/gcc/avr/4.8.1/avr5/libgcc.a(_usmulhisi3.o)
 .bss           0x00800fb3        0x0 /home/marek/Programy/avr8-gnu-toolchain-linux_x86/bin/../lib/gcc/avr/4.8.1/avr5/libgcc.a(_muluhisi3.o)
 .bss           0x00800fb3        0x0 /home/marek/Programy/avr8-gnu-toolchain-linux_x86/bin/../lib/gcc/avr/4.8.1/avr5/libgcc.a(_mulshisi3.o)
 .bss           0x00800fb3        0x0 /home/marek/Programy/avr8-gnu-toolchain-linux_x86/bin/../lib/gcc/avr/4.8.1/avr5/libgcc.a(_udivmodqi4.o)
 .bss           0x00800fb3        0x0 /home/marek/Programy/avr8-gnu-toolchain-linux_x86/bin/../lib/gcc/avr/4.8.1/../../../../avr/lib/avr5/libc.a(atoi.o)
 .bss           0x00800fb3        0x0 /home/marek/Programy/avr8-gnu-toolchain-linux_x86/bin/../lib/gcc/avr/4.8.1/../../../../avr/lib/avr5/libc.a(memmove.o)
 .bss           0x00800fb3        0x0 /home/marek/Programy/avr8-gnu-toolchain-linux_x86/bin/../lib/gcc/avr/4.8.1/../../../../avr/lib/avr5/libc.a(memset.o)
 .bss           0x00800fb3        0x0 /home/marek/Programy/avr8-gnu-toolchain-linux_x86/bin/../lib/gcc/avr/4.8.1/../../../../avr/lib/avr5/libc.a(strncmp.o)
 .bss           0x00800fb3        0x0 /home/marek/Programy/avr8-gnu-toolchain-linux_x86/bin/../lib/gcc/avr/4.8.1/../../../../avr/lib/avr5/libc.a(mul10.o)
 .bss           0x00800fb3        0x0 /home/marek/Programy/avr8-gnu-toolchain-linux_x86/bin/../lib/gcc/avr/4.8.1/../../../../avr/lib/avr5/libc.a(eerd_block_atmega64.o)
 .bss           0x00800fb3        0x0 /home/marek/Programy/avr8-gnu-toolchain-linux_x86/bin/../lib/gcc/avr/4.8.1/../../../../avr/lib/avr5/libc.a(memcpy.o)
 *(.bss*)
 .bss._ZZN10audioQueue6driverEvE11toneCounter
                0x00800fb3        0x1 obj/er9x.o
                0x00800fb3                _ZZN10audioQueue6driverEvE11toneCounter
 .bss._ZZ14checkSlaveModevE13lastSlaveMode
                0x00800fb4        0x1 obj/er9x.o
                0x00800fb4                _ZZ14checkSlaveModevE13lastSlaveMode
 .bss._ZZ14checkSlaveModevE10checkDelay
                0x00800fb5        0x1 obj/er9x.o
                0x00800fb5                _ZZ14checkSlaveModevE10checkDelay
 *(COMMON)
                0x00800fb6                PROVIDE (__bss_end, .)
                0x0000e230                __data_load_start = LOADADDR (.data)
                0x0000e276                __data_load_end = (__data_load_start + SIZEOF (.data))

.noinit         0x00800fb6        0x0
                0x00800fb6                PROVIDE (__noinit_start, .)
 *(.noinit*)
                0x00800fb6                PROVIDE (__noinit_end, .)
                0x00800fb6                _end = .
                0x00800fb6                PROVIDE (__heap_start, .)

.eeprom         0x00810000        0x0
 *(.eeprom*)
                0x00810000                __eeprom_end = .

.fuse
 *(.fuse)
 *(.lfuse)
 *(.hfuse)
 *(.efuse)

.lock
 *(.lock*)

.signature
 *(.signature*)

.user_signatures
 *(.user_signatures*)

.stab
 *(.stab)

.stabstr
 *(.stabstr)

.stab.excl
 *(.stab.excl)

.stab.exclstr
 *(.stab.exclstr)

.stab.index
 *(.stab.index)

.stab.indexstr
 *(.stab.indexstr)

.comment        0x00000000       0x30
 *(.comment)
 .comment       0x00000000       0x30 obj/er9x.o
                                 0x31 (size before relaxing)
 .comment       0x00000000       0x31 obj/stamp.o
 .comment       0x00000000       0x31 obj/pers.o
 .comment       0x00000000       0x31 obj/file.o
 .comment       0x00000000       0x31 obj/lcd.o
 .comment       0x00000000       0x31 obj/drivers.o
 .comment       0x00000000       0x31 obj/templates.o
 .comment       0x00000000       0x31 obj/pulses.o
 .comment       0x00000000       0x31 obj/audio.o
 .comment       0x00000000       0x31 obj/menus.o
 .comment       0x00000000       0x31 obj/eleres.o

.debug
 *(.debug)

.line
 *(.line)

.debug_srcinfo
 *(.debug_srcinfo)

.debug_sfnames
 *(.debug_sfnames)

.debug_aranges  0x00000000      0x170
 *(.debug_aranges)
 .debug_aranges
                0x00000000       0x38 obj/er9x.o
 .debug_aranges
                0x00000038       0x18 obj/stamp.o
 .debug_aranges
                0x00000050       0x20 obj/pers.o
 .debug_aranges
                0x00000070       0x20 obj/file.o
 .debug_aranges
                0x00000090       0x20 obj/lcd.o
 .debug_aranges
                0x000000b0       0x20 obj/drivers.o
 .debug_aranges
                0x000000d0       0x20 obj/templates.o
 .debug_aranges
                0x000000f0       0x20 obj/pulses.o
 .debug_aranges
                0x00000110       0x20 obj/audio.o
 .debug_aranges
                0x00000130       0x20 obj/menus.o
 .debug_aranges
                0x00000150       0x20 obj/eleres.o

.debug_pubnames
 *(.debug_pubnames)

.debug_info     0x00000000    0x2403a
 *(.debug_info)
 .debug_info    0x00000000     0x521a obj/er9x.o
 .debug_info    0x0000521a     0x12ac obj/stamp.o
 .debug_info    0x000064c6     0x238d obj/pers.o
 .debug_info    0x00008853     0x2212 obj/file.o
 .debug_info    0x0000aa65     0x2b68 obj/lcd.o
 .debug_info    0x0000d5cd     0x19e2 obj/drivers.o
 .debug_info    0x0000efaf     0x14a2 obj/templates.o
 .debug_info    0x00010451     0x2049 obj/pulses.o
 .debug_info    0x0001249a     0x1ea0 obj/audio.o
 .debug_info    0x0001433a     0xdd3a obj/menus.o
 .debug_info    0x00022074     0x1fc6 obj/eleres.o
 *(.gnu.linkonce.wi.*)

.debug_abbrev   0x00000000     0x3470
 *(.debug_abbrev)
 .debug_abbrev  0x00000000      0x799 obj/er9x.o
 .debug_abbrev  0x00000799      0x168 obj/stamp.o
 .debug_abbrev  0x00000901      0x55a obj/pers.o
 .debug_abbrev  0x00000e5b      0x552 obj/file.o
 .debug_abbrev  0x000013ad      0x4ee obj/lcd.o
 .debug_abbrev  0x0000189b      0x416 obj/drivers.o
 .debug_abbrev  0x00001cb1      0x2cf obj/templates.o
 .debug_abbrev  0x00001f80      0x4ba obj/pulses.o
 .debug_abbrev  0x0000243a      0x458 obj/audio.o
 .debug_abbrev  0x00002892      0x7cd obj/menus.o
 .debug_abbrev  0x0000305f      0x411 obj/eleres.o

.debug_line     0x00000000     0xa463
 *(.debug_line)
 .debug_line    0x00000000     0x1e9d obj/er9x.o
 .debug_line    0x00001e9d       0x89 obj/stamp.o
 .debug_line    0x00001f26      0x670 obj/pers.o
 .debug_line    0x00002596      0x6ad obj/file.o
 .debug_line    0x00002c43      0xaf6 obj/lcd.o
 .debug_line    0x00003739      0x425 obj/drivers.o
 .debug_line    0x00003b5e      0x1c2 obj/templates.o
 .debug_line    0x00003d20      0x914 obj/pulses.o
 .debug_line    0x00004634      0x50a obj/audio.o
 .debug_line    0x00004b3e     0x5374 obj/menus.o
 .debug_line    0x00009eb2      0x5b1 obj/eleres.o

.debug_frame    0x00000000     0x25a4
 *(.debug_frame)
 .debug_frame   0x00000000      0x7c8 obj/er9x.o
 .debug_frame   0x000007c8      0x1ac obj/pers.o
 .debug_frame   0x00000974      0x318 obj/file.o
 .debug_frame   0x00000c8c      0x3c8 obj/lcd.o
 .debug_frame   0x00001054       0xd4 obj/drivers.o
 .debug_frame   0x00001128       0x6c obj/templates.o
 .debug_frame   0x00001194      0x2e0 obj/pulses.o
 .debug_frame   0x00001474      0x12c obj/audio.o
 .debug_frame   0x000015a0      0xe24 obj/menus.o
 .debug_frame   0x000023c4      0x1e0 obj/eleres.o

.debug_str      0x00000000     0x469b
 *(.debug_str)
 .debug_str     0x00000000     0x2085 obj/er9x.o
                               0x2294 (size before relaxing)
 .debug_str     0x00002085       0x11 obj/stamp.o
                                0xa4b (size before relaxing)
 .debug_str     0x00002096      0x415 obj/pers.o
                               0x107c (size before relaxing)
 .debug_str     0x000024ab      0x13f obj/file.o
                                0xd91 (size before relaxing)
 .debug_str     0x000025ea      0x3a5 obj/lcd.o
                                0xfd4 (size before relaxing)
 .debug_str     0x0000298f      0x10f obj/drivers.o
                                0xe29 (size before relaxing)
 .debug_str     0x00002a9e       0x3c obj/templates.o
                                0xac8 (size before relaxing)
 .debug_str     0x00002ada      0x34b obj/pulses.o
                                0xf61 (size before relaxing)
 .debug_str     0x00002e25       0x77 obj/audio.o
                                0xe61 (size before relaxing)
 .debug_str     0x00002e9c     0x159a obj/menus.o
                               0x331a (size before relaxing)
 .debug_str     0x00004436      0x265 obj/eleres.o
                                0xeeb (size before relaxing)

.debug_loc      0x00000000    0x15018
 *(.debug_loc)
 .debug_loc     0x00000000     0x36a8 obj/er9x.o
 .debug_loc     0x000036a8      0x7d8 obj/pers.o
 .debug_loc     0x00003e80     0x1085 obj/file.o
 .debug_loc     0x00004f05     0x247b obj/lcd.o
 .debug_loc     0x00007380      0x6f8 obj/drivers.o
 .debug_loc     0x00007a78      0x1e7 obj/templates.o
 .debug_loc     0x00007c5f      0xdfa obj/pulses.o
 .debug_loc     0x00008a59      0xcc3 obj/audio.o
 .debug_loc     0x0000971c     0xb1cc obj/menus.o
 .debug_loc     0x000148e8      0x730 obj/eleres.o

.debug_macinfo
 *(.debug_macinfo)

.debug_pubtypes
 *(.debug_pubtypes)

.debug_ranges   0x00000000      0xc50
 *(.debug_ranges)
 .debug_ranges  0x00000000      0x1c0 obj/er9x.o
 .debug_ranges  0x000001c0       0x18 obj/pers.o
 .debug_ranges  0x000001d8       0xd0 obj/file.o
 .debug_ranges  0x000002a8       0xc8 obj/lcd.o
 .debug_ranges  0x00000370       0x48 obj/templates.o
 .debug_ranges  0x000003b8       0xc0 obj/pulses.o
 .debug_ranges  0x00000478       0x18 obj/audio.o
 .debug_ranges  0x00000490      0x7a8 obj/menus.o
 .debug_ranges  0x00000c38       0x18 obj/eleres.o

.debug_macro
 *(.debug_macro)
OUTPUT(er9x.elf elf32-avr)
LOAD linker stubs

.boottext       0x0000fe00        0x0

.bootjump       0x0000fffc        0x0

Cross Reference Table

Symbol                                            File
AlarmControl                                      obj/er9x.o
                                                  obj/menus.o
AlertMessage                                      obj/er9x.o
B3_comp_value                                     obj/pulses.o
BandGap                                           obj/er9x.o
                                                  obj/menus.o
CS_STATE(unsigned char)                           obj/er9x.o
                                                  obj/menus.o
                                                  obj/pers.o
CalcScaleNest                                     obj/menus.o
                                                  obj/er9x.o
Check_Date()                                      obj/eleres.o
Check_ELERES()                                    obj/eleres.o
                                                  obj/er9x.o
CsTimer                                           obj/er9x.o
CurrentPhase                                      obj/menus.o
                                                  obj/er9x.o
CurrentVolume                                     obj/er9x.o
Current_protocol                                  obj/pulses.o
Curve_Str                                         obj/menus.o
                                                  obj/er9x.o
DO_SQUARE(unsigned char, unsigned char, unsigned char) obj/menus.o
[...]
getValue(unsigned char)                           obj/er9x.o
                                                  obj/menus.o
get_dr_state(unsigned char)                       obj/menus.o
get_telemetry_value(unsigned char)                obj/menus.o
                                                  obj/er9x.o
get_tmr10ms()                                     obj/er9x.o
                                                  obj/menus.o
                                                  obj/file.o
                                                  obj/pers.o
gvarMenuItem(unsigned char, unsigned char, signed char, signed char, signed char, unsigned char) obj/menus.o
heartbeat                                         obj/pulses.o
                                                  obj/pers.o
                                                  obj/er9x.o
hyphinvMenuItem_m(unsigned char, unsigned char, unsigned char) obj/menus.o
idx2char(unsigned char)                           obj/menus.o
                                                  obj/pers.o
initval(unsigned char, unsigned char, unsigned char) obj/eleres.o
intpol(int, unsigned char)                        obj/menus.o
isAgvar(unsigned char)                            obj/er9x.o
isqrt32(unsigned long)                            obj/menus.o
keyDown()                                         obj/er9x.o
keyState(EnumKeys)                                obj/drivers.o
                                                  obj/menus.o
                                                  obj/pulses.o
                                                  obj/er9x.o
keys                                              obj/drivers.o
killEvents(unsigned char)                         obj/drivers.o
                                                  obj/menus.o
                                                  obj/er9x.o
lastPopMenu()                                     obj/er9x.o
                                                  obj/menus.o
lcdSendCtl(unsigned char)                         obj/lcd.o
lcdSetContrast()                                  obj/lcd.o
                                                  obj/menus.o
lcdSetRefVolt(unsigned char)                      obj/lcd.o
                                                  obj/er9x.o
lcd_2_digits(unsigned char, unsigned char, unsigned char, unsigned char) obj/lcd.o
                                                  obj/menus.o
lcd_char_inverse(unsigned char, unsigned char, unsigned char, unsigned char) obj/lcd.o
                                                  obj/menus.o
lcd_clear()                                       obj/lcd.o
                                                  obj/er9x.o
lcd_hbar(unsigned char, unsigned char, unsigned char, unsigned char, unsigned char) obj/lcd.o
                                                  obj/eleres.o
lcd_hline(unsigned char, unsigned char, signed char) obj/lcd.o
                                                  obj/eleres.o
                                                  obj/menus.o
lcd_hlineStip(unsigned char, unsigned char, signed char, unsigned char) obj/lcd.o
                                                  obj/menus.o
lcd_img(unsigned char, unsigned char, unsigned char const*, unsigned char) obj/lcd.o
                                                  obj/eleres.o
                                                  obj/menus.o
                                                  obj/er9x.o
lcd_init()                                        obj/lcd.o
                                                  obj/er9x.o
lcd_lastPos                                       obj/lcd.o
                                                  obj/menus.o
lcd_outdez(unsigned char, unsigned char, int)     obj/lcd.o
                                                  obj/menus.o
lcd_outdezAtt(unsigned char, unsigned char, int, unsigned char) obj/lcd.o
                                                  obj/menus.o
lcd_outdezNAtt(unsigned char, unsigned char, long, unsigned char, signed char) obj/lcd.o
lcd_outhex4(unsigned char, unsigned char, unsigned int) obj/lcd.o
                                                  obj/menus.o
lcd_plot(unsigned char, unsigned char)            obj/lcd.o
                                                  obj/menus.o
lcd_putc(unsigned char, unsigned char, char)      obj/lcd.o
                                                  obj/menus.o
lcd_putcAtt(unsigned char, unsigned char, char, unsigned char) obj/lcd.o
                                                  obj/eleres.o
                                                  obj/menus.o
                                                  obj/er9x.o
lcd_putsAtt(unsigned char, unsigned char, char const*, unsigned char) obj/lcd.o
                                                  obj/eleres.o
                                                  obj/menus.o
                                                  obj/er9x.o
lcd_putsAttIdx(unsigned char, unsigned char, char const*, unsigned char, unsigned char) obj/lcd.o
                                                  obj/menus.o
                                                  obj/er9x.o
lcd_puts_P(unsigned char, unsigned char, char const*) obj/lcd.o
                                                  obj/eleres.o
                                                  obj/menus.o
                                                  obj/er9x.o
lcd_puts_Pleft(unsigned char, char const*)        obj/lcd.o
                                                  obj/menus.o
                                                  obj/er9x.o
lcd_puts_Pskip(unsigned char, char const*, unsigned char) obj/lcd.o
                                                  obj/menus.o
lcd_putsnAtt(unsigned char, unsigned char, char const*, unsigned char, unsigned char) obj/lcd.o
                                                  obj/menus.o
                                                  obj/er9x.o
lcd_putsn_P(unsigned char, unsigned char, char const*, unsigned char) obj/lcd.o
                                                  obj/menus.o
lcd_rect(unsigned char, unsigned char, unsigned char, unsigned char) obj/lcd.o
                                                  obj/menus.o
lcd_vline(unsigned char, unsigned char, signed char) obj/lcd.o
                                                  obj/menus.o
lcd_write_bits(unsigned char*, unsigned char)     obj/lcd.o
lcd_xlabel_decimal(unsigned char, char const*, unsigned int, unsigned char, unsigned char) obj/menus.o
limitaddress(unsigned char)                       obj/er9x.o
                                                  obj/menus.o
m_to_ft(int)                                      obj/menus.o
main                                              obj/er9x.o
                                                  /home/marek/Programy/avr8-gnu-toolchain-linux_x86/bin/../lib/gcc/avr/4.8.1/../../../../avr/lib/avr5/crtm64.o
mainSequence()                                    obj/er9x.o
                                                  obj/drivers.o
memcpy                                            /home/marek/Programy/avr8-gnu-toolchain-linux_x86/bin/../lib/gcc/avr/4.8.1/../../../../avr/lib/avr5/libc.a(memcpy.o)
                                                  /home/marek/Programy/avr8-gnu-toolchain-linux_x86/bin/../lib/gcc/avr/4.8.1/../../../../avr/lib/avr5/libc.a(memmove.o)
memmove                                           /home/marek/Programy/avr8-gnu-toolchain-linux_x86/bin/../lib/gcc/avr/4.8.1/../../../../avr/lib/avr5/libc.a(memmove.o)
                                                  obj/menus.o
                                                  obj/templates.o
memset                                            /home/marek/Programy/avr8-gnu-toolchain-linux_x86/bin/../lib/gcc/avr/4.8.1/../../../../avr/lib/avr5/libc.a(memset.o)
                                                  obj/file.o
                                                  obj/pers.o
menuDeleteDupModel(unsigned char)                 obj/menus.o
menuDeleteMix(unsigned char)                      obj/menus.o
menuMixersLimit(unsigned char)                    obj/menus.o
menuModelPhases(unsigned char)                    obj/menus.o
menuPhaseOne(unsigned char)                       obj/menus.o
menuProc0(unsigned char)                          obj/menus.o
                                                  obj/eleres.o
                                                  obj/er9x.o
menuProcCurve(unsigned char)                      obj/menus.o
menuProcCurveOne(unsigned char)                   obj/menus.o
menuProcGlobals(unsigned char)                    obj/menus.o
menuProcIndex(unsigned char)                      obj/menus.o
menuProcMix(unsigned char)                        obj/menus.o
menuProcMixOne(unsigned char)                     obj/menus.o
menuProcModelIndex(unsigned char)                 obj/menus.o
menuProcModelSelect(unsigned char)                obj/menus.o
                                                  obj/er9x.o
menuProcStatistic(unsigned char)                  obj/menus.o
menuProcVoiceAlarm(unsigned char)                 obj/menus.o
menuProcVoiceOne(unsigned char)                   obj/menus.o
menuProc_eleres1(unsigned char)                   obj/eleres.o
menuProc_eleres2(unsigned char)                   obj/eleres.o
menuProc_eleres3(unsigned char)                   obj/eleres.o
menuProc_eleres4(unsigned char)                   obj/eleres.o
menuProc_eleres5(unsigned char)                   obj/eleres.o
menuProc_eleres6(unsigned char)                   obj/eleres.o
menuProc_eleres7(unsigned char)                   obj/eleres.o
menuProc_eleres8(unsigned char)                   obj/eleres.o
menuProceLeReS(unsigned char)                     obj/eleres.o
                                                  obj/menus.o
menuRangeBind(unsigned char)                      obj/menus.o
menuScaleOne(unsigned char)                       obj/menus.o
menu_lcd_HYPHINV(unsigned char, unsigned char, unsigned char, unsigned char) obj/menus.o
menu_lcd_onoff(unsigned char, unsigned char, unsigned char, unsigned char) obj/menus.o
message(char const*)                              obj/er9x.o
                                                  obj/menus.o
                                                  obj/pers.o
mixToDelete                                       obj/menus.o
mixaddress(unsigned char)                         obj/er9x.o
                                                  obj/menus.o
                                                  obj/pers.o
modeFixValue(unsigned char)                       obj/er9x.o
                                                  obj/menus.o
                                                  obj/pers.o
modelDefaultWrite(unsigned char)                  obj/pers.o
modi12x3                                          obj/er9x.o
                                                  obj/menus.o
moveMix(unsigned char, unsigned char)             obj/menus.o
pauseEvents(unsigned char)                        obj/drivers.o
                                                  obj/er9x.o
per10ms()                                         obj/drivers.o
                                                  obj/er9x.o
perMain()                                         obj/er9x.o
perOut(int*, unsigned char)                       obj/menus.o
perOutPhase(int*, unsigned char)                  obj/menus.o
                                                  obj/er9x.o
phyStick                                          obj/menus.o
                                                  obj/er9x.o
plotType                                          obj/lcd.o
                                                  obj/menus.o
pollRotary()                                      obj/er9x.o
popMenu(bool)                                     obj/er9x.o
                                                  obj/menus.o
ppmInState                                        obj/er9x.o
ppmInValid                                        obj/er9x.o
                                                  obj/menus.o
procOneVoiceAlarm(t_voiceAlarm*, unsigned char)   obj/er9x.o
processVoiceAlarms()                              obj/er9x.o
pulses2MHz                                        obj/pulses.o
pulses2MHzptr                                     obj/pulses.o
pushMenu(void (*)(unsigned char))                 obj/er9x.o
                                                  obj/menus.o
putPcmBit(unsigned char)                          obj/pulses.o
putPcmByte(unsigned char)                         obj/pulses.o
putPcmHead()                                      obj/pulses.o
putPcmPart(unsigned char)                         obj/pulses.o
putVoiceQueue(unsigned char)                      obj/er9x.o
                                                  obj/audio.o
putVoiceQueueLong(unsigned int)                   obj/er9x.o
                                                  obj/menus.o
putVoiceQueueUpper(unsigned char)                 obj/er9x.o
                                                  obj/menus.o
                                                  obj/audio.o
putWarnSwitch(unsigned char, unsigned char)       obj/er9x.o
put_curve(unsigned char, unsigned char, signed char, unsigned char) obj/menus.o
putc_0_1(unsigned char, unsigned char, unsigned char) obj/menus.o
putsAttIdxTelemItems(unsigned char, unsigned char, unsigned char, unsigned char) obj/menus.o
putsChn(unsigned char, unsigned char, unsigned char, unsigned char) obj/er9x.o
                                                  obj/menus.o
putsChnOpRaw(unsigned char, unsigned char, t_MixData*, unsigned char) obj/menus.o
putsChnRaw(unsigned char, unsigned char, unsigned char, unsigned char) obj/er9x.o
                                                  obj/menus.o
putsDblSizeName(unsigned char)                    obj/er9x.o
                                                  obj/menus.o
putsDrSwitches(unsigned char, unsigned char, signed char, unsigned char) obj/er9x.o
                                                  obj/menus.o
putsMomentDrSwitches(unsigned char, unsigned char, signed char, unsigned char) obj/er9x.o
                                                  obj/menus.o
putsTelemetryChannel(unsigned char, unsigned char, signed char, int, unsigned char, unsigned char) obj/menus.o
putsTime(unsigned char, unsigned char, int, unsigned char, unsigned char) obj/lcd.o
                                                  obj/menus.o
putsTmrMode(unsigned char, unsigned char, unsigned char, unsigned char) obj/er9x.o
                                                  obj/menus.o
putsTrimMode(unsigned char, unsigned char, unsigned char, unsigned char, unsigned char) obj/menus.o
putsVBat(unsigned char, unsigned char, unsigned char) obj/lcd.o
                                                  obj/menus.o
putsVolts(unsigned char, unsigned char, unsigned char, unsigned char) obj/lcd.o
                                                  obj/menus.o
pxxFlag                                           obj/pulses.o
                                                  obj/menus.o
qRotary()                                         obj/menus.o
reachMixerCountLimit()                            obj/menus.o
refreshDiplay()                                   obj/lcd.o
                                                  obj/er9x.o
resetTimer1()                                     obj/menus.o
                                                  obj/pers.o
resetTimer2()                                     obj/menus.o
                                                  obj/pers.o
resetTimern(unsigned char)                        obj/menus.o
s9xsplash                                         obj/er9x.o
s9xsplashMarker                                   obj/er9x.o
s_anaFilt                                         obj/er9x.o
s_editMode                                        obj/menus.o
                                                  obj/er9x.o
s_editing                                         obj/menus.o
s_evt                                             obj/drivers.o
                                                  obj/er9x.o
s_mixMaxSel                                       obj/menus.o
s_moveMode                                        obj/menus.o
s_noHi                                            obj/menus.o
s_pgOfs                                           obj/menus.o
s_timer                                           obj/menus.o
scaleForPXX(unsigned char)                        obj/pulses.o
scalerDecimal(unsigned char, unsigned char, unsigned char) obj/menus.o
scrollLR                                          obj/menus.o
scrollUD                                          obj/menus.o
scroll_disabled                                   obj/menus.o
                                                  obj/er9x.o
setMix(unsigned char, unsigned char)              obj/templates.o
setNameP(char*, char const*)                      obj/pers.o
setPpmTimers()                                    obj/pulses.o
setStickCenter()                                  obj/menus.o
setTrimValue(unsigned char, unsigned char, int)   obj/er9x.o
                                                  obj/menus.o
setVolume(unsigned char)                          obj/er9x.o
                                                  obj/menus.o
set_timer3_capture()                              obj/pulses.o
set_timer3_ppm()                                  obj/pulses.o
setupPulses()                                     obj/pulses.o
setupPulsesDsm2(unsigned char)                    obj/pulses.o
setupPulsesPPM(unsigned char)                     obj/pulses.o
startPulses()                                     obj/pulses.o
                                                  obj/menus.o
                                                  obj/er9x.o
stat_frame                                        obj/eleres.o
stickMoveValue()                                  obj/er9x.o
                                                  obj/menus.o
stickMoved                                        obj/er9x.o
                                                  obj/menus.o
stickScramble                                     obj/er9x.o
                                                  obj/menus.o
strncmp                                           /home/marek/Programy/avr8-gnu-toolchain-linux_x86/bin/../lib/gcc/avr/4.8.1/../../../../avr/lib/avr5/libc.a(strncmp.o)
                                                  obj/eleres.o
switchDisplay(unsigned char, unsigned char)       obj/menus.o
sysFlags                                          obj/er9x.o
                                                  obj/pers.o
t_voice::voice_process()                          obj/er9x.o
tanaIn(unsigned char)                             obj/er9x.o
telemItemValid(unsigned char)                     obj/menus.o
                                                  obj/er9x.o
telltale(unsigned char, signed char, signed char) obj/menus.o
theFile                                           obj/pers.o
theFile2                                          obj/pers.o
theWriteFile                                      obj/pers.o
tick10ms                                          obj/er9x.o
                                                  obj/menus.o
timer()                                           obj/menus.o
title(char)                                       obj/eleres.o
trace()                                           obj/menus.o
validatePlusMinus125(int)                         obj/er9x.o
voice_numeric(int, unsigned char, unsigned char)  obj/audio.o
                                                  obj/menus.o
                                                  obj/er9x.o
voice_telem_item(unsigned char)                   obj/menus.o
                                                  obj/er9x.o
yesNoMenuExit(char const*)                        obj/menus.o
