Archive member included because of file (symbol)

/home/marek/Programy/avr8-gnu-toolchain-linux_x86/bin/../lib/gcc/avr/4.8.1/avr5/libgcc.a(_mulsi3.o)
                              obj/menus.o (__mulsi3)
/home/marek/Programy/avr8-gnu-toolchain-linux_x86/bin/../lib/gcc/avr/4.8.1/avr5/libgcc.a(_divmodqi4.o)
                              obj/menus.o (__divmodqi4)
/home/marek/Programy/avr8-gnu-toolchain-linux_x86/bin/../lib/gcc/avr/4.8.1/avr5/libgcc.a(_udivmodhi4.o)
                              obj/er9x.o (__udivmodhi4)
/home/marek/Programy/avr8-gnu-toolchain-linux_x86/bin/../lib/gcc/avr/4.8.1/avr5/libgcc.a(_divmodhi4.o)
                              obj/er9x.o (__divmodhi4)
/home/marek/Programy/avr8-gnu-toolchain-linux_x86/bin/../lib/gcc/avr/4.8.1/avr5/libgcc.a(_udivmodsi4.o)
                              obj/menus.o (__udivmodsi4)
/home/marek/Programy/avr8-gnu-toolchain-linux_x86/bin/../lib/gcc/avr/4.8.1/avr5/libgcc.a(_divmodsi4.o)
                              obj/menus.o (__divmodsi4)
/home/marek/Programy/avr8-gnu-toolchain-linux_x86/bin/../lib/gcc/avr/4.8.1/avr5/libgcc.a(_negsi2.o)
                              /home/marek/Programy/avr8-gnu-toolchain-linux_x86/bin/../lib/gcc/avr/4.8.1/avr5/libgcc.a(_divmodsi4.o) (__negsi2)
/home/marek/Programy/avr8-gnu-toolchain-linux_x86/bin/../lib/gcc/avr/4.8.1/avr5/libgcc.a(_exit.o)
                              /home/marek/Programy/avr8-gnu-toolchain-linux_x86/bin/../lib/gcc/avr/4.8.1/../../../../avr/lib/avr5/crtm64.o (exit)
/home/marek/Programy/avr8-gnu-toolchain-linux_x86/bin/../lib/gcc/avr/4.8.1/avr5/libgcc.a(_tablejump.o)
                              obj/er9x.o (__tablejump2__)
/home/marek/Programy/avr8-gnu-toolchain-linux_x86/bin/../lib/gcc/avr/4.8.1/avr5/libgcc.a(_copy_data.o)
                              obj/er9x.o (__do_copy_data)
/home/marek/Programy/avr8-gnu-toolchain-linux_x86/bin/../lib/gcc/avr/4.8.1/avr5/libgcc.a(_clear_bss.o)
                              obj/er9x.o (__do_clear_bss)
/home/marek/Programy/avr8-gnu-toolchain-linux_x86/bin/../lib/gcc/avr/4.8.1/avr5/libgcc.a(_ctors.o)
                              obj/er9x.o (__do_global_ctors)
/home/marek/Programy/avr8-gnu-toolchain-linux_x86/bin/../lib/gcc/avr/4.8.1/avr5/libgcc.a(_mulhisi3.o)
                              obj/menus.o (__mulhisi3)
/home/marek/Programy/avr8-gnu-toolchain-linux_x86/bin/../lib/gcc/avr/4.8.1/avr5/libgcc.a(_umulhisi3.o)
                              obj/menus.o (__umulhisi3)
/home/marek/Programy/avr8-gnu-toolchain-linux_x86/bin/../lib/gcc/avr/4.8.1/avr5/libgcc.a(_usmulhisi3.o)
                              obj/menus.o (__usmulhisi3)
/home/marek/Programy/avr8-gnu-toolchain-linux_x86/bin/../lib/gcc/avr/4.8.1/avr5/libgcc.a(_muluhisi3.o)
                              obj/menus.o (__muluhisi3)
/home/marek/Programy/avr8-gnu-toolchain-linux_x86/bin/../lib/gcc/avr/4.8.1/avr5/libgcc.a(_mulshisi3.o)
                              obj/menus.o (__mulshisi3)
/home/marek/Programy/avr8-gnu-toolchain-linux_x86/bin/../lib/gcc/avr/4.8.1/avr5/libgcc.a(_udivmodqi4.o)
                              /home/marek/Programy/avr8-gnu-toolchain-linux_x86/bin/../lib/gcc/avr/4.8.1/avr5/libgcc.a(_divmodqi4.o) (__udivmodqi4)
/home/marek/Programy/avr8-gnu-toolchain-linux_x86/bin/../lib/gcc/avr/4.8.1/../../../../avr/lib/avr5/libc.a(atoi.o)
                              obj/eleres.o (atoi)
/home/marek/Programy/avr8-gnu-toolchain-linux_x86/bin/../lib/gcc/avr/4.8.1/../../../../avr/lib/avr5/libc.a(memmove.o)
                              obj/templates.o (memmove)
/home/marek/Programy/avr8-gnu-toolchain-linux_x86/bin/../lib/gcc/avr/4.8.1/../../../../avr/lib/avr5/libc.a(memset.o)
                              obj/pers.o (memset)
/home/marek/Programy/avr8-gnu-toolchain-linux_x86/bin/../lib/gcc/avr/4.8.1/../../../../avr/lib/avr5/libc.a(strncmp.o)
                              obj/eleres.o (strncmp)
/home/marek/Programy/avr8-gnu-toolchain-linux_x86/bin/../lib/gcc/avr/4.8.1/../../../../avr/lib/avr5/libc.a(mul10.o)
                              /home/marek/Programy/avr8-gnu-toolchain-linux_x86/bin/../lib/gcc/avr/4.8.1/../../../../avr/lib/avr5/libc.a(atoi.o) (__mulhi_const_10)
/home/marek/Programy/avr8-gnu-toolchain-linux_x86/bin/../lib/gcc/avr/4.8.1/../../../../avr/lib/avr5/libc.a(eerd_block_atmega64.o)
                              obj/file.o (__eerd_block_m64)
/home/marek/Programy/avr8-gnu-toolchain-linux_x86/bin/../lib/gcc/avr/4.8.1/../../../../avr/lib/avr5/libc.a(memcpy.o)
                              /home/marek/Programy/avr8-gnu-toolchain-linux_x86/bin/../lib/gcc/avr/4.8.1/../../../../avr/lib/avr5/libc.a(memmove.o) (memcpy)

Discarded input sections

 .group         0x00000000        0x8 obj/er9x.o
 .group         0x00000000        0x8 obj/er9x.o
 .group         0x00000000        0x8 obj/er9x.o
 .group         0x00000000        0x8 obj/er9x.o

Memory Configuration

Name             Origin             Length             Attributes
text             0x00000000         0x00020000         xr
data             0x00800060         0x0000ffa0         rw !x
eeprom           0x00810000         0x00010000         rw !x
fuse             0x00820000         0x00000400         rw !x
lock             0x00830000         0x00000400         rw !x
signature        0x00840000         0x00000400         rw !x
user_signatures  0x00850000         0x00000400         rw !x
*default*        0x00000000         0xffffffff

Linker script and memory map

Address of section .data set to 0x800100
LOAD /home/marek/Programy/avr8-gnu-toolchain-linux_x86/bin/../lib/gcc/avr/4.8.1/../../../../avr/lib/avr5/crtm64.o
LOAD obj/er9x.o
LOAD obj/stamp.o
LOAD obj/pers.o
LOAD obj/file.o
LOAD obj/lcd.o
LOAD obj/drivers.o
LOAD obj/templates.o
LOAD obj/pulses.o
LOAD obj/audio.o
LOAD obj/menus.o
LOAD obj/eleres.o
LOAD /home/marek/Programy/avr8-gnu-toolchain-linux_x86/bin/../lib/gcc/avr/4.8.1/../../../../avr/lib/avr5/libm.a
Address of section .boottext set to 0xfe00
Address of section .bootjump set to 0xfffc
START GROUP
LOAD /home/marek/Programy/avr8-gnu-toolchain-linux_x86/bin/../lib/gcc/avr/4.8.1/avr5/libgcc.a
LOAD /home/marek/Programy/avr8-gnu-toolchain-linux_x86/bin/../lib/gcc/avr/4.8.1/../../../../avr/lib/avr5/libm.a
LOAD /home/marek/Programy/avr8-gnu-toolchain-linux_x86/bin/../lib/gcc/avr/4.8.1/../../../../avr/lib/avr5/libc.a
END GROUP

.hash
 *(.hash)

.dynsym
 *(.dynsym)

.dynstr
 *(.dynstr)

.gnu.version
 *(.gnu.version)

.gnu.version_d
 *(.gnu.version_d)

.gnu.version_r
 *(.gnu.version_r)

.rel.init
 *(.rel.init)

.rela.init
 *(.rela.init)

.rel.text
 *(.rel.text)
 *(.rel.text.*)
 *(.rel.gnu.linkonce.t*)

.rela.text
 *(.rela.text)
 *(.rela.text.*)
 *(.rela.gnu.linkonce.t*)

.rel.fini
 *(.rel.fini)

.rela.fini
 *(.rela.fini)

.rel.rodata
 *(.rel.rodata)
 *(.rel.rodata.*)
 *(.rel.gnu.linkonce.r*)

.rela.rodata
 *(.rela.rodata)
 *(.rela.rodata.*)
 *(.rela.gnu.linkonce.r*)

.rel.data
 *(.rel.data)
 *(.rel.data.*)
 *(.rel.gnu.linkonce.d*)

.rela.data
 *(.rela.data)
 *(.rela.data.*)
 *(.rela.gnu.linkonce.d*)

.rel.ctors
 *(.rel.ctors)

.rela.ctors
 *(.rela.ctors)

.rel.dtors
 *(.rel.dtors)

.rela.dtors
 *(.rela.dtors)

.rel.got
 *(.rel.got)

.rela.got
 *(.rela.got)

.rel.bss
 *(.rel.bss)

.rela.bss
 *(.rela.bss)

.rel.plt
 *(.rel.plt)

.rela.plt
 *(.rela.plt)

.text           0x00000000     0xe5bc
 *(.vectors)
 .vectors       0x00000000       0x8c /home/marek/Programy/avr8-gnu-toolchain-linux_x86/bin/../lib/gcc/avr/4.8.1/../../../../avr/lib/avr5/crtm64.o
                0x00000000                __vectors
                0x00000000                __vector_default
 *(.vectors)
 *(.progmem.gcc*)
 .progmem.gcc_sw_table
                0x0000008c       0x1c obj/er9x.o
 .progmem.gcc_sw_table
                0x000000a8       0x12 obj/drivers.o
 .progmem.gcc_sw_table
                0x000000ba       0x46 obj/audio.o
 .progmem.gcc_sw_table
                0x00000100       0x92 obj/menus.o
                0x00000192                . = ALIGN (0x2)
                0x00000192                __trampolines_start = .
 *(.trampolines)
 .trampolines   0x00000192        0x0 linker stubs
 *(.trampolines*)
                0x00000192                __trampolines_end = .
 *(.progmem*)
 .progmem.data  0x00000192      0x59f obj/er9x.o
                0x000002a4                stickScramble
                0x000002b4                modi12x3
                0x000002c6                Str_ON
                0x000002ca                Str_OFF
                0x000002ce                Str_Switches
                0x0000030f                bchout_ar
                0x00000327                s9xsplashMarker
                0x0000032e                s9xsplash
 .progmem.data  0x00000731       0x51 obj/stamp.o
                0x00000731                Stamps
 .progmem.data  0x00000782       0x7f obj/pers.o
 .progmem.data  0x00000801      0x756 obj/lcd.o
 .progmem.data  0x00000f57        0x8 obj/drivers.o
 .progmem.data  0x00000f5f       0x7d obj/templates.o
                0x00000fcc                n_Templates
 .progmem.data  0x00000fdc      0x200 obj/pulses.o
 .progmem.data  0x000011dc      0xe36 obj/menus.o
                0x00001ede                TelemIndex
                0x00001ee8                Str_telemItems
                0x00001f16                Curve_Str
                0x00001f5d                Str_Chans_Gv
                0x00002003                Str_Switch_warn
 .progmem.data  0x00002012       0x71 obj/eleres.o
                0x00002084                . = ALIGN (0x2)
 *fill*         0x00002083        0x1 
 *(.jumptables)
 *(.jumptables*)
 *(.lowtext)
 *(.lowtext*)
                0x00002084                __ctors_start = .
 *(.ctors)
 .ctors         0x00002084        0x2 obj/er9x.o
                0x00002086                __ctors_end = .
                0x00002086                __dtors_start = .
 *(.dtors)
                0x00002086                __dtors_end = .
 SORT(*)(.ctors)
 SORT(*)(.dtors)
 *(.init0)
 .init0         0x00002086        0x0 /home/marek/Programy/avr8-gnu-toolchain-linux_x86/bin/../lib/gcc/avr/4.8.1/../../../../avr/lib/avr5/crtm64.o
                0x00002086                __init
 *(.init0)
 *(.init1)
 *(.init1)
 *(.init2)
 .init2         0x00002086        0xc /home/marek/Programy/avr8-gnu-toolchain-linux_x86/bin/../lib/gcc/avr/4.8.1/../../../../avr/lib/avr5/crtm64.o
 *(.init2)
 *(.init3)
 *(.init3)
 *(.init4)
 .init4         0x00002092       0x16 /home/marek/Programy/avr8-gnu-toolchain-linux_x86/bin/../lib/gcc/avr/4.8.1/avr5/libgcc.a(_copy_data.o)
                0x00002092                __do_copy_data
 .init4         0x000020a8       0x10 /home/marek/Programy/avr8-gnu-toolchain-linux_x86/bin/../lib/gcc/avr/4.8.1/avr5/libgcc.a(_clear_bss.o)
                0x000020a8                __do_clear_bss
 *(.init4)
 *(.init5)
 *(.init5)
 *(.init6)
 .init6         0x000020b8       0x16 /home/marek/Programy/avr8-gnu-toolchain-linux_x86/bin/../lib/gcc/avr/4.8.1/avr5/libgcc.a(_ctors.o)
                0x000020b8                __do_global_ctors
 *(.init6)
 *(.init7)
 *(.init7)
 *(.init8)
 *(.init8)
 *(.init9)
 .init9         0x000020ce        0x8 /home/marek/Programy/avr8-gnu-toolchain-linux_x86/bin/../lib/gcc/avr/4.8.1/../../../../avr/lib/avr5/crtm64.o
 *(.init9)
 *(.text)
 .text          0x000020d6        0x4 /home/marek/Programy/avr8-gnu-toolchain-linux_x86/bin/../lib/gcc/avr/4.8.1/../../../../avr/lib/avr5/crtm64.o
                0x000020d6                __vector_22
                0x000020d6                __vector_28
                0x000020d6                __vector_1
                0x000020d6                __vector_32
                0x000020d6                __vector_34
                0x000020d6                __bad_interrupt
                0x000020d6                __vector_6
                0x000020d6                __vector_31
                0x000020d6                __vector_3
                0x000020d6                __vector_23
                0x000020d6                __vector_30
                0x000020d6                __vector_17
                0x000020d6                __vector_19
                0x000020d6                __vector_7
                0x000020d6                __vector_5
                0x000020d6                __vector_33
                0x000020d6                __vector_4
                0x000020d6                __vector_9
                0x000020d6                __vector_2
                0x000020d6                __vector_21
                0x000020d6                __vector_29
                0x000020d6                __vector_8
                0x000020d6                __vector_14
                0x000020d6                __vector_20
 .text          0x000020da     0x1d56 obj/er9x.o
                0x000020da                _Z12modeFixValueh
                0x000020f4                _Z11get_tmr10msv
                0x00002102                _Z8CS_STATEh
                0x0000210e                _Z10mixaddressh
                0x0000211c                _Z12limitaddressh
                0x0000212a                _Z10putsChnRawhhhh
                0x00002186                _Z7putsChnhhhh
                0x00002192                _Z14putsDrSwitcheshhah
                0x000021f6                _Z20putsMomentDrSwitcheshhah
                0x0000222a                _Z11putsTmrModehhhh
                0x000022ca                _Z8getValueh
                0x00002348                _Z13alertMessagesPKcS0_
                0x00002388                _Z21checkThrottlePositionihi
                0x000023b8                _Z13putWarnSwitchhh
                0x000023cc                _Z22getCurrentSwitchStatesv
                0x000023ec                _Z15putsDblSizeNameh
                0x00002418                _Z6almessPKch
                0x0000245c                _Z7messagePKc
                0x00002460                _Z15getRawTrimValuehh
                0x0000249c                _Z18getTrimFlightPhasehh
                0x000024e0                _Z12getTrimValuehh
                0x000024ec                _Z20validatePlusMinus125i
                0x0000250a                _Z12setTrimValuehhi
                0x0000256e                _Z13checkIncDec16iiih
                0x000026f8                _Z11checkIncDecaaah
                0x0000270c                _Z14checkIncDec_hmaaa
                0x00002710                _Z15checkIncDec_hm0aa
                0x00002718                _Z16checkIncDec_hmu0ih
                0x00002724                _Z14checkIncDec_hgaaa
                0x00002728                _Z15checkIncDec_hg0aa
                0x00002730                _Z11lastPopMenuv
                0x00002744                _Z9chainMenuPFvhE
                0x0000275e                _Z12backlightKeyv
                0x00002786                _Z17putVoiceQueueLongj
                0x000027b2                _Z18putVoiceQueueUpperh
                0x000027ba                _Z13putVoiceQueueh
                0x000027be                _Z9setVolumeh
                0x000027c8                _ZN7t_voice13voice_processEv
                0x000028d2                _Z10pollRotaryv
                0x00002922                _Z15calcStickScrollh
                0x00002970                _Z5anaInh
                0x000029b8                _Z14stickMoveValuev
                0x000029ea                _Z6tanaInh
                0x000029fc                _Z11getADC_osmpv
                0x00002a2c                __vector_16
                0x00002a50                __vector_10
                0x00002b0e                __vector_15
                0x00002b9c                __vector_25
                0x00002c8e                _Z7isAgvarh
                0x00002c9c                _Z18doVoiceAlarmSourceP12t_voiceAlarm
                0x00002cbc                _Z14calc1000toRESXi
                0x00002ce8                _Z3REGaaa
                0x00002d14                _Z10REG100_100a
                0x00002d1a                _Z16IS_EXPO_THROTTLEh
                0x00002d2e                _Z13calc100toRESXa
                0x00002d58                _Z9getSwitchabh
                0x00002f3a                _Z21check_backlight_voicev
                0x00002f78                _Z8checkTHRv
                0x00003004                _Z13checkSwitchesv
                0x000030bc                _Z6alertxPKcb
                0x00003126                _Z5alertPKc
                0x0000312a                _Z7popMenub
                0x00003156                _Z8pushMenuPFvhE
                0x00003180                _Z16doBackLightVoiceh
                0x000031bc                _Z7perMainv
                0x00003742                _Z14getFlightPhasev
                0x00003778                _Z17procOneVoiceAlarmP12t_voiceAlarmh
                0x000039ec                _Z18processVoiceAlarmsv
                0x00003a0e                _Z12mainSequencev
 .text          0x00003e30        0x0 obj/stamp.o
 .text          0x00003e30      0x67e obj/pers.o
                0x00003e52                _Z8setNamePPcPKc
                0x00003e6c                _Z10evalChkSumv
                0x00003e86                _Z16eeGeneralDefaultv
                0x00003ee2                _Z17modelDefaultWriteh
                0x00003f54                _Z15eeLoadModelNamehPch
                0x00003fb6                _Z13eeModelExistsh
                0x00003fba                _Z16eeDuplicateModelh
                0x00004058                _Z14eeWriteGeneralv
                0x0000409c                _Z7eeDirtyh
                0x000040d0                _Z13eeReadGeneralv
                0x00004144                _Z7eeCheckb
                0x00004298                _Z14eeWaitCompletev
                0x000042b6                _Z11eeLoadModelh
 .text          0x000044ae      0x71e obj/file.o
                0x00004566                _Z11EeFsGetFreev
                0x00004584                _Z6EeFsckv
                0x00004644                _Z10EeFsFormatv
                0x00004688                _Z8EeFsOpenv
                0x000046bc                _ZN5EFile6existsEh
                0x000046d8                _ZN5EFile4swapEhh
                0x0000471a                _ZN5EFile2rmEh
                0x0000474c                _ZN5EFile4sizeEv
                0x00004768                _ZN5EFile6openRdEh
                0x000047a2                _ZN5EFile4readEPhj
                0x0000486e                _ZN5EFile7readRlcEPhj
                0x00004934                _ZN5EFile5writeEPhh
                0x00004a26                _ZN5EFile6createEhhj
                0x00004a72                _ZN5EFile10closeTruncEv
                0x00004ac6                _ZN5EFile8writeRlcEhhPhjh
 .text          0x00004bcc      0x914 obj/lcd.o
                0x00004bcc                _Z9lcd_clearv
                0x00004be2                _Z7lcd_imghhPKhh
                0x00004c62                _Z11lcd_putcAtthhch
                0x00004d84                _Z8lcd_putchhc
                0x00004d88                _Z12lcd_putsnAtthhPKchh
                0x00004dd0                _Z14lcd_putsAttIdxhhPKchh
                0x00004dea                _Z11lcd_putsn_PhhPKch
                0x00004df4                _Z11lcd_putsAtthhPKch
                0x00004e3e                _Z14lcd_puts_PlefthPKc
                0x00004e48                _Z14lcd_puts_PskiphPKch
                0x00004e6a                _Z10lcd_puts_PhhPKc
                0x00004e6e                _Z11lcd_outhex4hhj
                0x00004eb6                _Z16lcd_char_inversehhhh
                0x00004eec                _Z14lcd_write_bitsPhh
                0x00004f0e                _Z8lcd_plothh
                0x00004f30                _Z13lcd_hlineStiphhah
                0x00004fa6                _Z9lcd_hlinehha
                0x00004faa                _Z9lcd_vlinehha
                0x0000502e                _Z14lcd_outdezNAtthhlha
                0x00005242                _Z13lcd_outdezAtthhih
                0x0000525e                _Z9putsVoltshhhh
                0x00005286                _Z8putsVBathhh
                0x0000528e                _Z10lcd_outdezhhi
                0x00005292                _Z12lcd_2_digitshhhh
                0x000052ae                _Z8putsTimehhihh
                0x00005330                _Z8lcd_recthhhh
                0x0000538a                _Z8lcd_hbarhhhhh
                0x000053e6                _Z10lcdSendCtlh
                0x000053f8                _Z13lcdSetRefVolth
                0x00005412                _Z14lcdSetContrastv
                0x00005418                _Z8lcd_initv
                0x0000545a                _Z13refreshDiplayv
 .text          0x000054e0      0x2ee obj/drivers.o
                0x000054e0                _Z15eeWriteBlockCmpPKvjj
                0x00005550                _Z8getEventv
                0x0000555a                _ZN3Key5inputEb8EnumKeys
                0x00005628                _Z8keyState8EnumKeys
                0x000056a6                _Z11pauseEventsh
                0x000056c6                _Z10killEventsh
                0x000056e4                _Z7per10msv
 .text          0x000057ce      0x412 obj/templates.o
                0x0000585a                _Z10clearMixesv
                0x00005870                _Z11clearCurvesv
                0x0000588e                _Z9setSwitchhhaa
                0x000058aa                _Z6setMixhh
                0x000058b8                _Z13applyTemplateh
 .text          0x00005be0      0x950 obj/pulses.o
                0x00005be0                _Z12setPpmTimersv
                0x00005bf6                _Z14setupPulsesPPMh
                0x00005cea                _Z15setupPulsesDsm2h
                0x00005e12                __vector_11
                0x00005e6c                __vector_13
                0x00005ef0                _Z18set_timer3_capturev
                0x00005f14                _Z14set_timer3_ppmv
                0x00005f36                __vector_26
                0x00005fc4                _Z10putPcmParth
                0x00005ff0                _Z9putPcmBith
                0x00006014                _Z10putPcmByteh
                0x00006058                _Z10putPcmHeadv
                0x0000606e                _Z11scaleForPXXh
                0x000060bc                _Z11setupPulsesv
                0x0000633a                __vector_12
                0x00006418                _Z11startPulsesv
                0x00006440                __vector_24
                0x000064c0                __vector_27
 .text          0x00006530      0x4fc obj/audio.o
                0x00006530                _ZN10audioQueue6aqinitEv
                0x0000654a                _ZN10audioQueueC1Ev
                0x0000654a                _ZN10audioQueueC2Ev
                0x0000654c                _ZN10audioQueue4busyEv
                0x0000655c                _ZN10audioQueue9freeslotsEv
                0x00006574                _ZN10audioQueue9heartbeatEv
                0x00006614                _ZN10audioQueue4playEhhhh
                0x000066dc                _ZN10audioQueue5eventEhh
                0x000068e8                _Z13audioDefeventh
                0x000068f2                _Z10audioEventhj
                0x000068fc                _Z18audioVoiceDefeventhh
                0x0000690c                _Z13voice_numericihh
 .text          0x00006a2c     0x71a0 obj/menus.o
                0x00006a5c                _Z15menuMixersLimith
                0x00006a7c                _Z13menuRangeBindh
                0x00006cc0                _Z20putsAttIdxTelemItemshhhh
                0x00006cea                _Z7m_to_fti
                0x00006d12                _Z6c_to_fi
                0x00006d2e                _Z11calc_scalerhPhS_
                0x00006e22                _Z14telemItemValidh
                0x00006e26                _Z20convertTelemConstantha
                0x00006e52                _Z19get_telemetry_valueh
                0x00006ea2                _Z16voice_telem_itemh
                0x00006f56                _Z12displayTimerhhhh
                0x00006f7c                _Z20putsTelemetryChannelhhaihh
                0x000070f6                _Z8dispGvarhhhh
                0x00007126                _Z12gvarMenuItemhhaaah
                0x000071b2                _Z12get_dr_stateh
                0x000071ee                _Z9DO_SQUAREhhh
                0x00007242                _Z7qRotaryv
                0x0000725a                _Z6TITLEPPKc
                0x00007266                _Z17menuProcStatistich
                0x0000739a                _Z14menu_lcd_onoffhhhh
                0x0000741a                _Z16menu_lcd_HYPHINVhhhh
                0x00007436                _Z18lcd_xlabel_decimalhPKcjhh
                0x0000745a                _Z6MAXCOLhPKhh
                0x00007474                _ZN7MState25checkEhPKhhh
                0x0000780e                _ZN7MState213check_columnsEhh
                0x00007822                _Z15menuProcGlobalsh
                0x000079d0                _Z8telltalehaa
                0x00007a1a                _Z19doMainScreenGrphicsv
                0x00007aa4                _Z17hyphinvMenuItem_mhhh
                0x00007ad0                _Z11displayNextv
                0x00007adc                _Z16menuProcVoiceOneh
                0x00007e70                _Z9put_curvehhah
                0x00007eac                _Z13scalerDecimalhhh
                0x00007ee6                _Z9deleteMixh
                0x00007f2c                _Z14edit_dr_switchhhahh
                0x00007f5c                _Z12putsChnOpRawhhP9t_MixDatah
                0x00007fb6                _Z7moveMixhh
                0x0000804c                _Z20reachMixerCountLimitv
                0x00008060                _Z13yesNoMenuExitPKc
                0x00008072                _Z13menuDeleteMixh
                0x000080b8                _Z18menuDeleteDupModelh
                0x00008176                _Z7doPopupPKchh
                0x000082be                _Z19menuProcModelSelecth
                0x00008556                _Z5expoujj
                0x000085d0                _Z4expoii
                0x0000862a                _Z12editExpoValshhhhhh
                0x000086ba                _Z8char2idxc
                0x000086da                _Z8idx2charh
                0x000086ee                _Z8editNamehhPhhh
                0x000087a0                _Z12putsTrimModehhhhh
                0x000087fa                _Z12menuPhaseOneh
                0x000089b8                _Z18dispFlightModenamehhh
                0x000089e0                _Z15menuModelPhasesh
                0x00008ac0                _Z8putc_0_1hhh
                0x00008ace                _Z13menuProcIndexh
                0x0000975e                _Z11resetTimernh
                0x000097ae                _Z11resetTimer1v
                0x000097ba                _Z11resetTimer2v
                0x000097be                _Z5timerv
                0x00009b88                _Z5tracev
                0x00009bcc                _Z13switchDisplayhh
                0x00009c24                _Z7isqrt32m
                0x00009c76                _Z6intpolih
                0x00009d16                _Z8calcExpohi
                0x00009dfe                _Z12drawFunctionhh
                0x00009eba                _Z9drawCurveh
                0x00009f70                _Z16menuProcCurveOneh
                0x0000a12a                _Z6perOutPih
                0x0000b238                _Z14setStickCenterv
                0x0000b352                _Z9menuProc0h
                0x0000b848                _Z11perOutPhasePih
                0x0000ba12                _Z10evalOffsetah
                0x0000ba42                _Z13menuProcCurveh
                0x0000bb06                _Z12menuScaleOneh
                0x0000bd0c                _Z17menuProcTemplatesh
                0x0000be12                _Z14menuProcMixOneh
                0x0000c220                _Z11menuProcMixh
                0x0000c604                _Z18menuProcVoiceAlarmh
                0x0000c722                _Z18menuProcModelIndexh
 .text          0x0000dbcc      0x538 obj/eleres.o
                0x0000dbcc                _Z12Check_ELERESv
                0x0000dc0e                _Z7Find_IDPKc
                0x0000dc36                _Z10Check_Datev
                0x0000de1e                __vector_18
                0x0000de9c                _Z11ELERES_Initv
                0x0000ded6                _Z17ELERES_DisableRXDv
                0x0000dedc                _Z16ELERES_EnableRXDv
                0x0000df10                _Z5titlec
                0x0000df4c                _Z16menuProc_eleres1h
                0x0000dfdc                _Z14menuProceLeReSh
                0x0000dfde                _Z16menuProc_eleres2h
                0x0000e076                _Z16menuProc_eleres3h
 .text          0x0000e104        0x0 /home/marek/Programy/avr8-gnu-toolchain-linux_x86/bin/../lib/gcc/avr/4.8.1/avr5/libgcc.a(_mulsi3.o)
 .text          0x0000e104        0x0 /home/marek/Programy/avr8-gnu-toolchain-linux_x86/bin/../lib/gcc/avr/4.8.1/avr5/libgcc.a(_divmodqi4.o)
 .text          0x0000e104        0x0 /home/marek/Programy/avr8-gnu-toolchain-linux_x86/bin/../lib/gcc/avr/4.8.1/avr5/libgcc.a(_udivmodhi4.o)
 .text          0x0000e104        0x0 /home/marek/Programy/avr8-gnu-toolchain-linux_x86/bin/../lib/gcc/avr/4.8.1/avr5/libgcc.a(_divmodhi4.o)
 .text          0x0000e104        0x0 /home/marek/Programy/avr8-gnu-toolchain-linux_x86/bin/../lib/gcc/avr/4.8.1/avr5/libgcc.a(_udivmodsi4.o)
 .text          0x0000e104        0x0 /home/marek/Programy/avr8-gnu-toolchain-linux_x86/bin/../lib/gcc/avr/4.8.1/avr5/libgcc.a(_divmodsi4.o)
 .text          0x0000e104        0x0 /home/marek/Programy/avr8-gnu-toolchain-linux_x86/bin/../lib/gcc/avr/4.8.1/avr5/libgcc.a(_negsi2.o)
 .text          0x0000e104        0x0 /home/marek/Programy/avr8-gnu-toolchain-linux_x86/bin/../lib/gcc/avr/4.8.1/avr5/libgcc.a(_exit.o)
 .text          0x0000e104        0x0 /home/marek/Programy/avr8-gnu-toolchain-linux_x86/bin/../lib/gcc/avr/4.8.1/avr5/libgcc.a(_tablejump.o)
 .text          0x0000e104        0x0 /home/marek/Programy/avr8-gnu-toolchain-linux_x86/bin/../lib/gcc/avr/4.8.1/avr5/libgcc.a(_copy_data.o)
 .text          0x0000e104        0x0 /home/marek/Programy/avr8-gnu-toolchain-linux_x86/bin/../lib/gcc/avr/4.8.1/avr5/libgcc.a(_clear_bss.o)
 .text          0x0000e104        0x0 /home/marek/Programy/avr8-gnu-toolchain-linux_x86/bin/../lib/gcc/avr/4.8.1/avr5/libgcc.a(_ctors.o)
 .text          0x0000e104        0x0 /home/marek/Programy/avr8-gnu-toolchain-linux_x86/bin/../lib/gcc/avr/4.8.1/avr5/libgcc.a(_mulhisi3.o)
 .text          0x0000e104        0x0 /home/marek/Programy/avr8-gnu-toolchain-linux_x86/bin/../lib/gcc/avr/4.8.1/avr5/libgcc.a(_umulhisi3.o)
 .text          0x0000e104        0x0 /home/marek/Programy/avr8-gnu-toolchain-linux_x86/bin/../lib/gcc/avr/4.8.1/avr5/libgcc.a(_usmulhisi3.o)
 .text          0x0000e104        0x0 /home/marek/Programy/avr8-gnu-toolchain-linux_x86/bin/../lib/gcc/avr/4.8.1/avr5/libgcc.a(_muluhisi3.o)
 .text          0x0000e104        0x0 /home/marek/Programy/avr8-gnu-toolchain-linux_x86/bin/../lib/gcc/avr/4.8.1/avr5/libgcc.a(_mulshisi3.o)
 .text          0x0000e104        0x0 /home/marek/Programy/avr8-gnu-toolchain-linux_x86/bin/../lib/gcc/avr/4.8.1/avr5/libgcc.a(_udivmodqi4.o)
 .text          0x0000e104        0x0 /home/marek/Programy/avr8-gnu-toolchain-linux_x86/bin/../lib/gcc/avr/4.8.1/../../../../avr/lib/avr5/libc.a(atoi.o)
 .text          0x0000e104        0x0 /home/marek/Programy/avr8-gnu-toolchain-linux_x86/bin/../lib/gcc/avr/4.8.1/../../../../avr/lib/avr5/libc.a(memmove.o)
 .text          0x0000e104        0x0 /home/marek/Programy/avr8-gnu-toolchain-linux_x86/bin/../lib/gcc/avr/4.8.1/../../../../avr/lib/avr5/libc.a(memset.o)
 .text          0x0000e104        0x0 /home/marek/Programy/avr8-gnu-toolchain-linux_x86/bin/../lib/gcc/avr/4.8.1/../../../../avr/lib/avr5/libc.a(strncmp.o)
 .text          0x0000e104        0x0 /home/marek/Programy/avr8-gnu-toolchain-linux_x86/bin/../lib/gcc/avr/4.8.1/../../../../avr/lib/avr5/libc.a(mul10.o)
 .text          0x0000e104        0x0 /home/marek/Programy/avr8-gnu-toolchain-linux_x86/bin/../lib/gcc/avr/4.8.1/../../../../avr/lib/avr5/libc.a(eerd_block_atmega64.o)
 .text          0x0000e104        0x0 /home/marek/Programy/avr8-gnu-toolchain-linux_x86/bin/../lib/gcc/avr/4.8.1/../../../../avr/lib/avr5/libc.a(memcpy.o)
                0x0000e104                . = ALIGN (0x2)
 *(.text.*)
 .text._Z7keyDownv
                0x0000e104        0x8 obj/er9x.o
                0x0000e104                _Z7keyDownv
 .text.startup  0x0000e10c      0x268 obj/er9x.o
                0x0000e10c                main
 .text.libgcc.mul
                0x0000e374       0x1e /home/marek/Programy/avr8-gnu-toolchain-linux_x86/bin/../lib/gcc/avr/4.8.1/avr5/libgcc.a(_mulsi3.o)
                0x0000e374                __mulsi3
 .text.libgcc.div
                0x0000e392        0x0 /home/marek/Programy/avr8-gnu-toolchain-linux_x86/bin/../lib/gcc/avr/4.8.1/avr5/libgcc.a(_mulsi3.o)
 .text.libgcc   0x0000e392        0x0 /home/marek/Programy/avr8-gnu-toolchain-linux_x86/bin/../lib/gcc/avr/4.8.1/avr5/libgcc.a(_mulsi3.o)
 .text.libgcc.prologue
                0x0000e392        0x0 /home/marek/Programy/avr8-gnu-toolchain-linux_x86/bin/../lib/gcc/avr/4.8.1/avr5/libgcc.a(_mulsi3.o)
 .text.libgcc.builtins
                0x0000e392        0x0 /home/marek/Programy/avr8-gnu-toolchain-linux_x86/bin/../lib/gcc/avr/4.8.1/avr5/libgcc.a(_mulsi3.o)
 .text.libgcc.fmul
                0x0000e392        0x0 /home/marek/Programy/avr8-gnu-toolchain-linux_x86/bin/../lib/gcc/avr/4.8.1/avr5/libgcc.a(_mulsi3.o)
 .text.libgcc.fixed
                0x0000e392        0x0 /home/marek/Programy/avr8-gnu-toolchain-linux_x86/bin/../lib/gcc/avr/4.8.1/avr5/libgcc.a(_mulsi3.o)
 .text.libgcc.mul
                0x0000e392        0x0 /home/marek/Programy/avr8-gnu-toolchain-linux_x86/bin/../lib/gcc/avr/4.8.1/avr5/libgcc.a(_divmodqi4.o)
 .text.libgcc.div
                0x0000e392       0x1a /home/marek/Programy/avr8-gnu-toolchain-linux_x86/bin/../lib/gcc/avr/4.8.1/avr5/libgcc.a(_divmodqi4.o)
                0x0000e392                __divmodqi4
 .text.libgcc   0x0000e3ac        0x0 /home/marek/Programy/avr8-gnu-toolchain-linux_x86/bin/../lib/gcc/avr/4.8.1/avr5/libgcc.a(_divmodqi4.o)
 .text.libgcc.prologue
                0x0000e3ac        0x0 /home/marek/Programy/avr8-gnu-toolchain-linux_x86/bin/../lib/gcc/avr/4.8.1/avr5/libgcc.a(_divmodqi4.o)
 .text.libgcc.builtins
                0x0000e3ac        0x0 /home/marek/Programy/avr8-gnu-toolchain-linux_x86/bin/../lib/gcc/avr/4.8.1/avr5/libgcc.a(_divmodqi4.o)
 .text.libgcc.fmul
                0x0000e3ac        0x0 /home/marek/Programy/avr8-gnu-toolchain-linux_x86/bin/../lib/gcc/avr/4.8.1/avr5/libgcc.a(_divmodqi4.o)
 .text.libgcc.fixed
                0x0000e3ac        0x0 /home/marek/Programy/avr8-gnu-toolchain-linux_x86/bin/../lib/gcc/avr/4.8.1/avr5/libgcc.a(_divmodqi4.o)
 .text.libgcc.mul
                0x0000e3ac        0x0 /home/marek/Programy/avr8-gnu-toolchain-linux_x86/bin/../lib/gcc/avr/4.8.1/avr5/libgcc.a(_udivmodhi4.o)
 .text.libgcc.div
                0x0000e3ac       0x28 /home/marek/Programy/avr8-gnu-toolchain-linux_x86/bin/../lib/gcc/avr/4.8.1/avr5/libgcc.a(_udivmodhi4.o)
                0x0000e3ac                __udivmodhi4
 .text.libgcc   0x0000e3d4        0x0 /home/marek/Programy/avr8-gnu-toolchain-linux_x86/bin/../lib/gcc/avr/4.8.1/avr5/libgcc.a(_udivmodhi4.o)
 .text.libgcc.prologue
                0x0000e3d4        0x0 /home/marek/Programy/avr8-gnu-toolchain-linux_x86/bin/../lib/gcc/avr/4.8.1/avr5/libgcc.a(_udivmodhi4.o)
 .text.libgcc.builtins
                0x0000e3d4        0x0 /home/marek/Programy/avr8-gnu-toolchain-linux_x86/bin/../lib/gcc/avr/4.8.1/avr5/libgcc.a(_udivmodhi4.o)
 .text.libgcc.fmul
                0x0000e3d4        0x0 /home/marek/Programy/avr8-gnu-toolchain-linux_x86/bin/../lib/gcc/avr/4.8.1/avr5/libgcc.a(_udivmodhi4.o)
 .text.libgcc.fixed
                0x0000e3d4        0x0 /home/marek/Programy/avr8-gnu-toolchain-linux_x86/bin/../lib/gcc/avr/4.8.1/avr5/libgcc.a(_udivmodhi4.o)
 .text.libgcc.mul
                0x0000e3d4        0x0 /home/marek/Programy/avr8-gnu-toolchain-linux_x86/bin/../lib/gcc/avr/4.8.1/avr5/libgcc.a(_divmodhi4.o)
 .text.libgcc.div
                0x0000e3d4       0x26 /home/marek/Programy/avr8-gnu-toolchain-linux_x86/bin/../lib/gcc/avr/4.8.1/avr5/libgcc.a(_divmodhi4.o)
                0x0000e3d4                __divmodhi4
                0x0000e3d4                _div
 .text.libgcc   0x0000e3fa        0x0 /home/marek/Programy/avr8-gnu-toolchain-linux_x86/bin/../lib/gcc/avr/4.8.1/avr5/libgcc.a(_divmodhi4.o)
 .text.libgcc.prologue
                0x0000e3fa        0x0 /home/marek/Programy/avr8-gnu-toolchain-linux_x86/bin/../lib/gcc/avr/4.8.1/avr5/libgcc.a(_divmodhi4.o)
 .text.libgcc.builtins
                0x0000e3fa        0x0 /home/marek/Programy/avr8-gnu-toolchain-linux_x86/bin/../lib/gcc/avr/4.8.1/avr5/libgcc.a(_divmodhi4.o)
 .text.libgcc.fmul
                0x0000e3fa        0x0 /home/marek/Programy/avr8-gnu-toolchain-linux_x86/bin/../lib/gcc/avr/4.8.1/avr5/libgcc.a(_divmodhi4.o)
 .text.libgcc.fixed
                0x0000e3fa        0x0 /home/marek/Programy/avr8-gnu-toolchain-linux_x86/bin/../lib/gcc/avr/4.8.1/avr5/libgcc.a(_divmodhi4.o)
 .text.libgcc.mul
                0x0000e3fa        0x0 /home/marek/Programy/avr8-gnu-toolchain-linux_x86/bin/../lib/gcc/avr/4.8.1/avr5/libgcc.a(_udivmodsi4.o)
 .text.libgcc.div
                0x0000e3fa       0x44 /home/marek/Programy/avr8-gnu-toolchain-linux_x86/bin/../lib/gcc/avr/4.8.1/avr5/libgcc.a(_udivmodsi4.o)
                0x0000e3fa                __udivmodsi4
 .text.libgcc   0x0000e43e        0x0 /home/marek/Programy/avr8-gnu-toolchain-linux_x86/bin/../lib/gcc/avr/4.8.1/avr5/libgcc.a(_udivmodsi4.o)
 .text.libgcc.prologue
                0x0000e43e        0x0 /home/marek/Programy/avr8-gnu-toolchain-linux_x86/bin/../lib/gcc/avr/4.8.1/avr5/libgcc.a(_udivmodsi4.o)
 .text.libgcc.builtins
                0x0000e43e        0x0 /home/marek/Programy/avr8-gnu-toolchain-linux_x86/bin/../lib/gcc/avr/4.8.1/avr5/libgcc.a(_udivmodsi4.o)
 .text.libgcc.fmul
                0x0000e43e        0x0 /home/marek/Programy/avr8-gnu-toolchain-linux_x86/bin/../lib/gcc/avr/4.8.1/avr5/libgcc.a(_udivmodsi4.o)
 .text.libgcc.fixed
                0x0000e43e        0x0 /home/marek/Programy/avr8-gnu-toolchain-linux_x86/bin/../lib/gcc/avr/4.8.1/avr5/libgcc.a(_udivmodsi4.o)
 .text.libgcc.mul
                0x0000e43e        0x0 /home/marek/Programy/avr8-gnu-toolchain-linux_x86/bin/../lib/gcc/avr/4.8.1/avr5/libgcc.a(_divmodsi4.o)
 .text.libgcc.div
                0x0000e43e       0x28 /home/marek/Programy/avr8-gnu-toolchain-linux_x86/bin/../lib/gcc/avr/4.8.1/avr5/libgcc.a(_divmodsi4.o)
                0x0000e43e                __divmodsi4
 .text.libgcc   0x0000e466        0x0 /home/marek/Programy/avr8-gnu-toolchain-linux_x86/bin/../lib/gcc/avr/4.8.1/avr5/libgcc.a(_divmodsi4.o)
 .text.libgcc.prologue
                0x0000e466        0x0 /home/marek/Programy/avr8-gnu-toolchain-linux_x86/bin/../lib/gcc/avr/4.8.1/avr5/libgcc.a(_divmodsi4.o)
 .text.libgcc.builtins
                0x0000e466        0x0 /home/marek/Programy/avr8-gnu-toolchain-linux_x86/bin/../lib/gcc/avr/4.8.1/avr5/libgcc.a(_divmodsi4.o)
 .text.libgcc.fmul
                0x0000e466        0x0 /home/marek/Programy/avr8-gnu-toolchain-linux_x86/bin/../lib/gcc/avr/4.8.1/avr5/libgcc.a(_divmodsi4.o)
 .text.libgcc.fixed
                0x0000e466        0x0 /home/marek/Programy/avr8-gnu-toolchain-linux_x86/bin/../lib/gcc/avr/4.8.1/avr5/libgcc.a(_divmodsi4.o)
 .text.libgcc.mul
                0x0000e466        0x0 /home/marek/Programy/avr8-gnu-toolchain-linux_x86/bin/../lib/gcc/avr/4.8.1/avr5/libgcc.a(_negsi2.o)
 .text.libgcc.div
                0x0000e466       0x10 /home/marek/Programy/avr8-gnu-toolchain-linux_x86/bin/../lib/gcc/avr/4.8.1/avr5/libgcc.a(_negsi2.o)
                0x0000e466                __negsi2
 .text.libgcc   0x0000e476        0x0 /home/marek/Programy/avr8-gnu-toolchain-linux_x86/bin/../lib/gcc/avr/4.8.1/avr5/libgcc.a(_negsi2.o)
 .text.libgcc.prologue
                0x0000e476        0x0 /home/marek/Programy/avr8-gnu-toolchain-linux_x86/bin/../lib/gcc/avr/4.8.1/avr5/libgcc.a(_negsi2.o)
 .text.libgcc.builtins
                0x0000e476        0x0 /home/marek/Programy/avr8-gnu-toolchain-linux_x86/bin/../lib/gcc/avr/4.8.1/avr5/libgcc.a(_negsi2.o)
 .text.libgcc.fmul
                0x0000e476        0x0 /home/marek/Programy/avr8-gnu-toolchain-linux_x86/bin/../lib/gcc/avr/4.8.1/avr5/libgcc.a(_negsi2.o)
 .text.libgcc.fixed
                0x0000e476        0x0 /home/marek/Programy/avr8-gnu-toolchain-linux_x86/bin/../lib/gcc/avr/4.8.1/avr5/libgcc.a(_negsi2.o)
 .text.libgcc.mul
                0x0000e476        0x0 /home/marek/Programy/avr8-gnu-toolchain-linux_x86/bin/../lib/gcc/avr/4.8.1/avr5/libgcc.a(_exit.o)
 .text.libgcc.div
                0x0000e476        0x0 /home/marek/Programy/avr8-gnu-toolchain-linux_x86/bin/../lib/gcc/avr/4.8.1/avr5/libgcc.a(_exit.o)
 .text.libgcc   0x0000e476        0x0 /home/marek/Programy/avr8-gnu-toolchain-linux_x86/bin/../lib/gcc/avr/4.8.1/avr5/libgcc.a(_exit.o)
 .text.libgcc.prologue
                0x0000e476        0x0 /home/marek/Programy/avr8-gnu-toolchain-linux_x86/bin/../lib/gcc/avr/4.8.1/avr5/libgcc.a(_exit.o)
 .text.libgcc.builtins
                0x0000e476        0x0 /home/marek/Programy/avr8-gnu-toolchain-linux_x86/bin/../lib/gcc/avr/4.8.1/avr5/libgcc.a(_exit.o)
 .text.libgcc.fmul
                0x0000e476        0x0 /home/marek/Programy/avr8-gnu-toolchain-linux_x86/bin/../lib/gcc/avr/4.8.1/avr5/libgcc.a(_exit.o)
 .text.libgcc.fixed
                0x0000e476        0x0 /home/marek/Programy/avr8-gnu-toolchain-linux_x86/bin/../lib/gcc/avr/4.8.1/avr5/libgcc.a(_exit.o)
 .text.libgcc.mul
                0x0000e476        0x0 /home/marek/Programy/avr8-gnu-toolchain-linux_x86/bin/../lib/gcc/avr/4.8.1/avr5/libgcc.a(_tablejump.o)
 .text.libgcc.div
                0x0000e476        0x0 /home/marek/Programy/avr8-gnu-toolchain-linux_x86/bin/../lib/gcc/avr/4.8.1/avr5/libgcc.a(_tablejump.o)
 .text.libgcc   0x0000e476        0xc /home/marek/Programy/avr8-gnu-toolchain-linux_x86/bin/../lib/gcc/avr/4.8.1/avr5/libgcc.a(_tablejump.o)
                0x0000e476                __tablejump2__
                0x0000e47a                __tablejump__
 .text.libgcc.prologue
                0x0000e482        0x0 /home/marek/Programy/avr8-gnu-toolchain-linux_x86/bin/../lib/gcc/avr/4.8.1/avr5/libgcc.a(_tablejump.o)
 .text.libgcc.builtins
                0x0000e482        0x0 /home/marek/Programy/avr8-gnu-toolchain-linux_x86/bin/../lib/gcc/avr/4.8.1/avr5/libgcc.a(_tablejump.o)
 .text.libgcc.fmul
                0x0000e482        0x0 /home/marek/Programy/avr8-gnu-toolchain-linux_x86/bin/../lib/gcc/avr/4.8.1/avr5/libgcc.a(_tablejump.o)
 .text.libgcc.fixed
                0x0000e482        0x0 /home/marek/Programy/avr8-gnu-toolchain-linux_x86/bin/../lib/gcc/avr/4.8.1/avr5/libgcc.a(_tablejump.o)
 .text.libgcc.mul
                0x0000e482        0x0 /home/marek/Programy/avr8-gnu-toolchain-linux_x86/bin/../lib/gcc/avr/4.8.1/avr5/libgcc.a(_copy_data.o)
 .text.libgcc.div
                0x0000e482        0x0 /home/marek/Programy/avr8-gnu-toolchain-linux_x86/bin/../lib/gcc/avr/4.8.1/avr5/libgcc.a(_copy_data.o)
 .text.libgcc   0x0000e482        0x0 /home/marek/Programy/avr8-gnu-toolchain-linux_x86/bin/../lib/gcc/avr/4.8.1/avr5/libgcc.a(_copy_data.o)
 .text.libgcc.prologue
                0x0000e482        0x0 /home/marek/Programy/avr8-gnu-toolchain-linux_x86/bin/../lib/gcc/avr/4.8.1/avr5/libgcc.a(_copy_data.o)
 .text.libgcc.builtins
                0x0000e482        0x0 /home/marek/Programy/avr8-gnu-toolchain-linux_x86/bin/../lib/gcc/avr/4.8.1/avr5/libgcc.a(_copy_data.o)
 .text.libgcc.fmul
                0x0000e482        0x0 /home/marek/Programy/avr8-gnu-toolchain-linux_x86/bin/../lib/gcc/avr/4.8.1/avr5/libgcc.a(_copy_data.o)
 .text.libgcc.fixed
                0x0000e482        0x0 /home/marek/Programy/avr8-gnu-toolchain-linux_x86/bin/../lib/gcc/avr/4.8.1/avr5/libgcc.a(_copy_data.o)
 .text.libgcc.mul
                0x0000e482        0x0 /home/marek/Programy/avr8-gnu-toolchain-linux_x86/bin/../lib/gcc/avr/4.8.1/avr5/libgcc.a(_clear_bss.o)
 .text.libgcc.div
                0x0000e482        0x0 /home/marek/Programy/avr8-gnu-toolchain-linux_x86/bin/../lib/gcc/avr/4.8.1/avr5/libgcc.a(_clear_bss.o)
 .text.libgcc   0x0000e482        0x0 /home/marek/Programy/avr8-gnu-toolchain-linux_x86/bin/../lib/gcc/avr/4.8.1/avr5/libgcc.a(_clear_bss.o)
 .text.libgcc.prologue
                0x0000e482        0x0 /home/marek/Programy/avr8-gnu-toolchain-linux_x86/bin/../lib/gcc/avr/4.8.1/avr5/libgcc.a(_clear_bss.o)
 .text.libgcc.builtins
                0x0000e482        0x0 /home/marek/Programy/avr8-gnu-toolchain-linux_x86/bin/../lib/gcc/avr/4.8.1/avr5/libgcc.a(_clear_bss.o)
 .text.libgcc.fmul
                0x0000e482        0x0 /home/marek/Programy/avr8-gnu-toolchain-linux_x86/bin/../lib/gcc/avr/4.8.1/avr5/libgcc.a(_clear_bss.o)
 .text.libgcc.fixed
                0x0000e482        0x0 /home/marek/Programy/avr8-gnu-toolchain-linux_x86/bin/../lib/gcc/avr/4.8.1/avr5/libgcc.a(_clear_bss.o)
 .text.libgcc.mul
                0x0000e482        0x0 /home/marek/Programy/avr8-gnu-toolchain-linux_x86/bin/../lib/gcc/avr/4.8.1/avr5/libgcc.a(_ctors.o)
 .text.libgcc.div
                0x0000e482        0x0 /home/marek/Programy/avr8-gnu-toolchain-linux_x86/bin/../lib/gcc/avr/4.8.1/avr5/libgcc.a(_ctors.o)
 .text.libgcc   0x0000e482        0x0 /home/marek/Programy/avr8-gnu-toolchain-linux_x86/bin/../lib/gcc/avr/4.8.1/avr5/libgcc.a(_ctors.o)
 .text.libgcc.prologue
                0x0000e482        0x0 /home/marek/Programy/avr8-gnu-toolchain-linux_x86/bin/../lib/gcc/avr/4.8.1/avr5/libgcc.a(_ctors.o)
 .text.libgcc.builtins
                0x0000e482        0x0 /home/marek/Programy/avr8-gnu-toolchain-linux_x86/bin/../lib/gcc/avr/4.8.1/avr5/libgcc.a(_ctors.o)
 .text.libgcc.fmul
                0x0000e482        0x0 /home/marek/Programy/avr8-gnu-toolchain-linux_x86/bin/../lib/gcc/avr/4.8.1/avr5/libgcc.a(_ctors.o)
 .text.libgcc.fixed
                0x0000e482        0x0 /home/marek/Programy/avr8-gnu-toolchain-linux_x86/bin/../lib/gcc/avr/4.8.1/avr5/libgcc.a(_ctors.o)
 .text.libgcc.mul
                0x0000e482        0xc /home/marek/Programy/avr8-gnu-toolchain-linux_x86/bin/../lib/gcc/avr/4.8.1/avr5/libgcc.a(_mulhisi3.o)
                0x0000e482                __mulhisi3
 .text.libgcc.div
                0x0000e48e        0x0 /home/marek/Programy/avr8-gnu-toolchain-linux_x86/bin/../lib/gcc/avr/4.8.1/avr5/libgcc.a(_mulhisi3.o)
 .text.libgcc   0x0000e48e        0x0 /home/marek/Programy/avr8-gnu-toolchain-linux_x86/bin/../lib/gcc/avr/4.8.1/avr5/libgcc.a(_mulhisi3.o)
 .text.libgcc.prologue
                0x0000e48e        0x0 /home/marek/Programy/avr8-gnu-toolchain-linux_x86/bin/../lib/gcc/avr/4.8.1/avr5/libgcc.a(_mulhisi3.o)
 .text.libgcc.builtins
                0x0000e48e        0x0 /home/marek/Programy/avr8-gnu-toolchain-linux_x86/bin/../lib/gcc/avr/4.8.1/avr5/libgcc.a(_mulhisi3.o)
 .text.libgcc.fmul
                0x0000e48e        0x0 /home/marek/Programy/avr8-gnu-toolchain-linux_x86/bin/../lib/gcc/avr/4.8.1/avr5/libgcc.a(_mulhisi3.o)
 .text.libgcc.fixed
                0x0000e48e        0x0 /home/marek/Programy/avr8-gnu-toolchain-linux_x86/bin/../lib/gcc/avr/4.8.1/avr5/libgcc.a(_mulhisi3.o)
 .text.libgcc.mul
                0x0000e48e       0x1e /home/marek/Programy/avr8-gnu-toolchain-linux_x86/bin/../lib/gcc/avr/4.8.1/avr5/libgcc.a(_umulhisi3.o)
                0x0000e48e                __umulhisi3
 .text.libgcc.div
                0x0000e4ac        0x0 /home/marek/Programy/avr8-gnu-toolchain-linux_x86/bin/../lib/gcc/avr/4.8.1/avr5/libgcc.a(_umulhisi3.o)
 .text.libgcc   0x0000e4ac        0x0 /home/marek/Programy/avr8-gnu-toolchain-linux_x86/bin/../lib/gcc/avr/4.8.1/avr5/libgcc.a(_umulhisi3.o)
 .text.libgcc.prologue
                0x0000e4ac        0x0 /home/marek/Programy/avr8-gnu-toolchain-linux_x86/bin/../lib/gcc/avr/4.8.1/avr5/libgcc.a(_umulhisi3.o)
 .text.libgcc.builtins
                0x0000e4ac        0x0 /home/marek/Programy/avr8-gnu-toolchain-linux_x86/bin/../lib/gcc/avr/4.8.1/avr5/libgcc.a(_umulhisi3.o)
 .text.libgcc.fmul
                0x0000e4ac        0x0 /home/marek/Programy/avr8-gnu-toolchain-linux_x86/bin/../lib/gcc/avr/4.8.1/avr5/libgcc.a(_umulhisi3.o)
 .text.libgcc.fixed
                0x0000e4ac        0x0 /home/marek/Programy/avr8-gnu-toolchain-linux_x86/bin/../lib/gcc/avr/4.8.1/avr5/libgcc.a(_umulhisi3.o)
 .text.libgcc.mul
                0x0000e4ac        0xc /home/marek/Programy/avr8-gnu-toolchain-linux_x86/bin/../lib/gcc/avr/4.8.1/avr5/libgcc.a(_usmulhisi3.o)
                0x0000e4ac                __usmulhisi3
                0x0000e4ae                __usmulhisi3_tail
 .text.libgcc.div
                0x0000e4b8        0x0 /home/marek/Programy/avr8-gnu-toolchain-linux_x86/bin/../lib/gcc/avr/4.8.1/avr5/libgcc.a(_usmulhisi3.o)
 .text.libgcc   0x0000e4b8        0x0 /home/marek/Programy/avr8-gnu-toolchain-linux_x86/bin/../lib/gcc/avr/4.8.1/avr5/libgcc.a(_usmulhisi3.o)
 .text.libgcc.prologue
                0x0000e4b8        0x0 /home/marek/Programy/avr8-gnu-toolchain-linux_x86/bin/../lib/gcc/avr/4.8.1/avr5/libgcc.a(_usmulhisi3.o)
 .text.libgcc.builtins
                0x0000e4b8        0x0 /home/marek/Programy/avr8-gnu-toolchain-linux_x86/bin/../lib/gcc/avr/4.8.1/avr5/libgcc.a(_usmulhisi3.o)
 .text.libgcc.fmul
                0x0000e4b8        0x0 /home/marek/Programy/avr8-gnu-toolchain-linux_x86/bin/../lib/gcc/avr/4.8.1/avr5/libgcc.a(_usmulhisi3.o)
 .text.libgcc.fixed
                0x0000e4b8        0x0 /home/marek/Programy/avr8-gnu-toolchain-linux_x86/bin/../lib/gcc/avr/4.8.1/avr5/libgcc.a(_usmulhisi3.o)
 .text.libgcc.mul
                0x0000e4b8       0x14 /home/marek/Programy/avr8-gnu-toolchain-linux_x86/bin/../lib/gcc/avr/4.8.1/avr5/libgcc.a(_muluhisi3.o)
                0x0000e4b8                __muluhisi3
 .text.libgcc.div
                0x0000e4cc        0x0 /home/marek/Programy/avr8-gnu-toolchain-linux_x86/bin/../lib/gcc/avr/4.8.1/avr5/libgcc.a(_muluhisi3.o)
 .text.libgcc   0x0000e4cc        0x0 /home/marek/Programy/avr8-gnu-toolchain-linux_x86/bin/../lib/gcc/avr/4.8.1/avr5/libgcc.a(_muluhisi3.o)
 .text.libgcc.prologue
                0x0000e4cc        0x0 /home/marek/Programy/avr8-gnu-toolchain-linux_x86/bin/../lib/gcc/avr/4.8.1/avr5/libgcc.a(_muluhisi3.o)
 .text.libgcc.builtins
                0x0000e4cc        0x0 /home/marek/Programy/avr8-gnu-toolchain-linux_x86/bin/../lib/gcc/avr/4.8.1/avr5/libgcc.a(_muluhisi3.o)
 .text.libgcc.fmul
                0x0000e4cc        0x0 /home/marek/Programy/avr8-gnu-toolchain-linux_x86/bin/../lib/gcc/avr/4.8.1/avr5/libgcc.a(_muluhisi3.o)
 .text.libgcc.fixed
                0x0000e4cc        0x0 /home/marek/Programy/avr8-gnu-toolchain-linux_x86/bin/../lib/gcc/avr/4.8.1/avr5/libgcc.a(_muluhisi3.o)
 .text.libgcc.mul
                0x0000e4cc        0xc /home/marek/Programy/avr8-gnu-toolchain-linux_x86/bin/../lib/gcc/avr/4.8.1/avr5/libgcc.a(_mulshisi3.o)
                0x0000e4cc                __mulshisi3
                0x0000e4d0                __mulohisi3
 .text.libgcc.div
                0x0000e4d8        0x0 /home/marek/Programy/avr8-gnu-toolchain-linux_x86/bin/../lib/gcc/avr/4.8.1/avr5/libgcc.a(_mulshisi3.o)
 .text.libgcc   0x0000e4d8        0x0 /home/marek/Programy/avr8-gnu-toolchain-linux_x86/bin/../lib/gcc/avr/4.8.1/avr5/libgcc.a(_mulshisi3.o)
 .text.libgcc.prologue
                0x0000e4d8        0x0 /home/marek/Programy/avr8-gnu-toolchain-linux_x86/bin/../lib/gcc/avr/4.8.1/avr5/libgcc.a(_mulshisi3.o)
 .text.libgcc.builtins
                0x0000e4d8        0x0 /home/marek/Programy/avr8-gnu-toolchain-linux_x86/bin/../lib/gcc/avr/4.8.1/avr5/libgcc.a(_mulshisi3.o)
 .text.libgcc.fmul
                0x0000e4d8        0x0 /home/marek/Programy/avr8-gnu-toolchain-linux_x86/bin/../lib/gcc/avr/4.8.1/avr5/libgcc.a(_mulshisi3.o)
 .text.libgcc.fixed
                0x0000e4d8        0x0 /home/marek/Programy/avr8-gnu-toolchain-linux_x86/bin/../lib/gcc/avr/4.8.1/avr5/libgcc.a(_mulshisi3.o)
 .text.libgcc.mul
                0x0000e4d8        0x0 /home/marek/Programy/avr8-gnu-toolchain-linux_x86/bin/../lib/gcc/avr/4.8.1/avr5/libgcc.a(_udivmodqi4.o)
 .text.libgcc.div
                0x0000e4d8       0x18 /home/marek/Programy/avr8-gnu-toolchain-linux_x86/bin/../lib/gcc/avr/4.8.1/avr5/libgcc.a(_udivmodqi4.o)
                0x0000e4d8                __udivmodqi4
 .text.libgcc   0x0000e4f0        0x0 /home/marek/Programy/avr8-gnu-toolchain-linux_x86/bin/../lib/gcc/avr/4.8.1/avr5/libgcc.a(_udivmodqi4.o)
 .text.libgcc.prologue
                0x0000e4f0        0x0 /home/marek/Programy/avr8-gnu-toolchain-linux_x86/bin/../lib/gcc/avr/4.8.1/avr5/libgcc.a(_udivmodqi4.o)
 .text.libgcc.builtins
                0x0000e4f0        0x0 /home/marek/Programy/avr8-gnu-toolchain-linux_x86/bin/../lib/gcc/avr/4.8.1/avr5/libgcc.a(_udivmodqi4.o)
 .text.libgcc.fmul
                0x0000e4f0        0x0 /home/marek/Programy/avr8-gnu-toolchain-linux_x86/bin/../lib/gcc/avr/4.8.1/avr5/libgcc.a(_udivmodqi4.o)
 .text.libgcc.fixed
                0x0000e4f0        0x0 /home/marek/Programy/avr8-gnu-toolchain-linux_x86/bin/../lib/gcc/avr/4.8.1/avr5/libgcc.a(_udivmodqi4.o)
 .text.avr-libc
                0x0000e4f0       0x3a /home/marek/Programy/avr8-gnu-toolchain-linux_x86/bin/../lib/gcc/avr/4.8.1/../../../../avr/lib/avr5/libc.a(atoi.o)
                0x0000e4f0                atoi
 .text.avr-libc
                0x0000e52a       0x22 /home/marek/Programy/avr8-gnu-toolchain-linux_x86/bin/../lib/gcc/avr/4.8.1/../../../../avr/lib/avr5/libc.a(memmove.o)
                0x0000e52a                memmove
 .text.avr-libc
                0x0000e54c        0xe /home/marek/Programy/avr8-gnu-toolchain-linux_x86/bin/../lib/gcc/avr/4.8.1/../../../../avr/lib/avr5/libc.a(memset.o)
                0x0000e54c                memset
 .text.avr-libc
                0x0000e55a       0x1c /home/marek/Programy/avr8-gnu-toolchain-linux_x86/bin/../lib/gcc/avr/4.8.1/../../../../avr/lib/avr5/libc.a(strncmp.o)
                0x0000e55a                strncmp
 .text.avr-libc
                0x0000e576       0x10 /home/marek/Programy/avr8-gnu-toolchain-linux_x86/bin/../lib/gcc/avr/4.8.1/../../../../avr/lib/avr5/libc.a(mul10.o)
                0x0000e576                __mulhi_const_10
 .text.avr-libc
                0x0000e586       0x20 /home/marek/Programy/avr8-gnu-toolchain-linux_x86/bin/../lib/gcc/avr/4.8.1/../../../../avr/lib/avr5/libc.a(eerd_block_atmega64.o)
                0x0000e586                __eerd_block_m64
                0x0000e58a                __eerd_blraw_m64
 .text.avr-libc
                0x0000e5a6       0x12 /home/marek/Programy/avr8-gnu-toolchain-linux_x86/bin/../lib/gcc/avr/4.8.1/../../../../avr/lib/avr5/libc.a(memcpy.o)
                0x0000e5a6                memcpy
                0x0000e5b8                . = ALIGN (0x2)
 *(.fini9)
 .fini9         0x0000e5b8        0x0 /home/marek/Programy/avr8-gnu-toolchain-linux_x86/bin/../lib/gcc/avr/4.8.1/avr5/libgcc.a(_exit.o)
                0x0000e5b8                exit
                0x0000e5b8                _exit
 *(.fini9)
 *(.fini8)
 *(.fini8)
 *(.fini7)
 *(.fini7)
 *(.fini6)
 *(.fini6)
 *(.fini5)
 *(.fini5)
 *(.fini4)
 *(.fini4)
 *(.fini3)
 *(.fini3)
 *(.fini2)
 *(.fini2)
 *(.fini1)
 *(.fini1)
 *(.fini0)
 .fini0         0x0000e5b8        0x4 /home/marek/Programy/avr8-gnu-toolchain-linux_x86/bin/../lib/gcc/avr/4.8.1/avr5/libgcc.a(_exit.o)
 *(.fini0)
                0x0000e5bc                _etext = .

.data           0x00800100       0x46 load address 0x0000e5bc
                0x00800100                PROVIDE (__data_start, .)
 *(.data)
 .data          0x00800100        0x0 /home/marek/Programy/avr8-gnu-toolchain-linux_x86/bin/../lib/gcc/avr/4.8.1/../../../../avr/lib/avr5/crtm64.o
 .data          0x00800100        0x6 obj/er9x.o
                0x00800100                BandGap
                0x00800102                AlarmControl
 .data          0x00800106        0x0 obj/stamp.o
 .data          0x00800106        0x0 obj/pers.o
 .data          0x00800106        0x0 obj/file.o
 .data          0x00800106        0x0 obj/lcd.o
 .data          0x00800106        0x0 obj/drivers.o
 .data          0x00800106        0x0 obj/templates.o
 .data          0x00800106       0x16 obj/pulses.o
                0x0080011a                pulses2MHzptr
 .data          0x0080011c        0x0 obj/audio.o
 .data          0x0080011c        0x4 obj/menus.o
                0x0080011c                g_latency
 .data          0x00800120        0x0 obj/eleres.o
 .data          0x00800120        0x0 /home/marek/Programy/avr8-gnu-toolchain-linux_x86/bin/../lib/gcc/avr/4.8.1/avr5/libgcc.a(_mulsi3.o)
 .data          0x00800120        0x0 /home/marek/Programy/avr8-gnu-toolchain-linux_x86/bin/../lib/gcc/avr/4.8.1/avr5/libgcc.a(_divmodqi4.o)
 .data          0x00800120        0x0 /home/marek/Programy/avr8-gnu-toolchain-linux_x86/bin/../lib/gcc/avr/4.8.1/avr5/libgcc.a(_udivmodhi4.o)
 .data          0x00800120        0x0 /home/marek/Programy/avr8-gnu-toolchain-linux_x86/bin/../lib/gcc/avr/4.8.1/avr5/libgcc.a(_divmodhi4.o)
 .data          0x00800120        0x0 /home/marek/Programy/avr8-gnu-toolchain-linux_x86/bin/../lib/gcc/avr/4.8.1/avr5/libgcc.a(_udivmodsi4.o)
 .data          0x00800120        0x0 /home/marek/Programy/avr8-gnu-toolchain-linux_x86/bin/../lib/gcc/avr/4.8.1/avr5/libgcc.a(_divmodsi4.o)
 .data          0x00800120        0x0 /home/marek/Programy/avr8-gnu-toolchain-linux_x86/bin/../lib/gcc/avr/4.8.1/avr5/libgcc.a(_negsi2.o)
 .data          0x00800120        0x0 /home/marek/Programy/avr8-gnu-toolchain-linux_x86/bin/../lib/gcc/avr/4.8.1/avr5/libgcc.a(_exit.o)
 .data          0x00800120        0x0 /home/marek/Programy/avr8-gnu-toolchain-linux_x86/bin/../lib/gcc/avr/4.8.1/avr5/libgcc.a(_tablejump.o)
 .data          0x00800120        0x0 /home/marek/Programy/avr8-gnu-toolchain-linux_x86/bin/../lib/gcc/avr/4.8.1/avr5/libgcc.a(_copy_data.o)
 .data          0x00800120        0x0 /home/marek/Programy/avr8-gnu-toolchain-linux_x86/bin/../lib/gcc/avr/4.8.1/avr5/libgcc.a(_clear_bss.o)
 .data          0x00800120        0x0 /home/marek/Programy/avr8-gnu-toolchain-linux_x86/bin/../lib/gcc/avr/4.8.1/avr5/libgcc.a(_ctors.o)
 .data          0x00800120        0x0 /home/marek/Programy/avr8-gnu-toolchain-linux_x86/bin/../lib/gcc/avr/4.8.1/avr5/libgcc.a(_mulhisi3.o)
 .data          0x00800120        0x0 /home/marek/Programy/avr8-gnu-toolchain-linux_x86/bin/../lib/gcc/avr/4.8.1/avr5/libgcc.a(_umulhisi3.o)
 .data          0x00800120        0x0 /home/marek/Programy/avr8-gnu-toolchain-linux_x86/bin/../lib/gcc/avr/4.8.1/avr5/libgcc.a(_usmulhisi3.o)
 .data          0x00800120        0x0 /home/marek/Programy/avr8-gnu-toolchain-linux_x86/bin/../lib/gcc/avr/4.8.1/avr5/libgcc.a(_muluhisi3.o)
 .data          0x00800120        0x0 /home/marek/Programy/avr8-gnu-toolchain-linux_x86/bin/../lib/gcc/avr/4.8.1/avr5/libgcc.a(_mulshisi3.o)
 .data          0x00800120        0x0 /home/marek/Programy/avr8-gnu-toolchain-linux_x86/bin/../lib/gcc/avr/4.8.1/avr5/libgcc.a(_udivmodqi4.o)
 .data          0x00800120        0x0 /home/marek/Programy/avr8-gnu-toolchain-linux_x86/bin/../lib/gcc/avr/4.8.1/../../../../avr/lib/avr5/libc.a(atoi.o)
 .data          0x00800120        0x0 /home/marek/Programy/avr8-gnu-toolchain-linux_x86/bin/../lib/gcc/avr/4.8.1/../../../../avr/lib/avr5/libc.a(memmove.o)
 .data          0x00800120        0x0 /home/marek/Programy/avr8-gnu-toolchain-linux_x86/bin/../lib/gcc/avr/4.8.1/../../../../avr/lib/avr5/libc.a(memset.o)
 .data          0x00800120        0x0 /home/marek/Programy/avr8-gnu-toolchain-linux_x86/bin/../lib/gcc/avr/4.8.1/../../../../avr/lib/avr5/libc.a(strncmp.o)
 .data          0x00800120        0x0 /home/marek/Programy/avr8-gnu-toolchain-linux_x86/bin/../lib/gcc/avr/4.8.1/../../../../avr/lib/avr5/libc.a(mul10.o)
 .data          0x00800120        0x0 /home/marek/Programy/avr8-gnu-toolchain-linux_x86/bin/../lib/gcc/avr/4.8.1/../../../../avr/lib/avr5/libc.a(eerd_block_atmega64.o)
 .data          0x00800120        0x0 /home/marek/Programy/avr8-gnu-toolchain-linux_x86/bin/../lib/gcc/avr/4.8.1/../../../../avr/lib/avr5/libc.a(memcpy.o)
 *(.data*)
 *(.rodata)
 .rodata        0x00800120       0x16 obj/eleres.o
 *(.rodata*)
 .rodata.str1.1
                0x00800136       0x10 obj/eleres.o
 *(.gnu.linkonce.d*)
                0x00800146                . = ALIGN (0x2)
                0x00800146                _edata = .
                0x00800146                PROVIDE (__data_end, .)

.bss            0x00800146      0xe9f
                0x00800146                PROVIDE (__bss_start, .)
 *(.bss)
 .bss           0x00800146        0x0 /home/marek/Programy/avr8-gnu-toolchain-linux_x86/bin/../lib/gcc/avr/4.8.1/../../../../avr/lib/avr5/crtm64.o
 .bss           0x00800146      0x525 obj/er9x.o
                0x00800146                g_tmr16KHz
                0x00800147                s_anaFilt
                0x00800157                ppmInState
                0x00800158                g_ppmIns
                0x00800168                stickMoved
                0x00800169                g_LightOffCounter
                0x0080016b                tick10ms
                0x0080016c                g_vbat100mV
                0x0080016d                StepSize
                0x0080016e                P1values
                0x00800178                EnterMenu
                0x00800179                g_menuStackPtr
                0x0080017a                g_menuStack
                0x00800184                StickScrollTimer
                0x00800185                StickScrollAllowed
                0x00800186                CsTimer
                0x0080019e                sysFlags
                0x0080019f                audio
                0x008001d7                TimerConfig
                0x008001e1                Tevent
                0x008001e2                Rotary
                0x008001eb                ppmInValid
                0x008001ec                CurrentVolume
                0x008001ed                Nvs_timer
                0x008001fd                Nvs_state
                0x00800205                Vs_state
                0x0080021d                SlaveMode
                0x0080021e                Main_running
                0x0080021f                AlertMessage
                0x00800221                g_model
                0x008005e2                g_eeGeneral
                0x00800654                Last_switch
 .bss           0x0080066b        0x0 obj/stamp.o
 .bss           0x0080066b       0x20 obj/pers.o
                0x0080066b                Ee_lock
                0x0080066c                theWriteFile
                0x00800675                theFile2
                0x0080067e                theFile
 .bss           0x0080068b       0x40 obj/file.o
                0x0080068b                eeFs
 .bss           0x008006cb      0x404 obj/lcd.o
                0x008006cb                LcdLock
                0x008006cc                EepromActive
                0x008006cd                plotType
                0x008006ce                displayBuf
                0x00800ace                lcd_lastPos
 .bss           0x00800acf       0x32 obj/drivers.o
                0x00800acf                g_blinkTmr10ms
                0x00800ad0                g_tmr10ms
                0x00800ad2                keys
                0x00800aff                s_evt
 .bss           0x00800b01        0x0 obj/templates.o
 .bss           0x00800b01       0xa0 obj/pulses.o
                0x00800b01                PcmControl
                0x00800b08                B3_comp_value
                0x00800b0a                PausePulses
                0x00800b0b                pxxFlag
                0x00800b0c                Current_protocol
                0x00800b0d                heartbeat
                0x00800b0e                pulses2MHz
 .bss           0x00800ba1       0x2a obj/audio.o
                0x00800ba1                Voice
 .bss           0x00800bcb      0x292 obj/menus.o
                0x00800bcb                Fade
                0x00800c1a                CurrentPhase
                0x00800c1b                Output
                0x00800d2b                bpanaCenter
                0x00800d2c                Inactivity
                0x00800d31                chans
                0x00800d71                TimeGlobals
                0x00800d78                DupSub
                0x00800d79                DupIfNonzero
                0x00800d7a                s_moveMode
                0x00800d7b                mixToDelete
                0x00800d7c                s_mixMaxSel
                0x00800d7d                M_longMenuTimer
                0x00800d7e                g_posHorz
                0x00800d7f                g_chans512
                0x00800d9f                InverseBlink
                0x00800da0                scrollUD
                0x00800da1                scroll_disabled
                0x00800da2                scrollLR
                0x00800da3                s_noHi
                0x00800da4                s_editing
                0x00800da5                s_editMode
                0x00800da6                s_pgOfs
                0x00800da7                ex_chans
                0x00800dc7                calibratedStick
                0x00800dd5                phyStick
                0x00800dd9                ThrottleStickyOn
                0x00800dda                CalcScaleNest
                0x00800ddb                RotaryState
                0x00800ddc                s_timer
                0x00800dfc                PopupData
                0x00800e00                Xmem
 .bss           0x00800e5d      0x185 obj/eleres.o
                0x00800e5d                DT
                0x00800f9f                stat_frame
                0x00800fa1                Rx_count
                0x00800fa2                Rxbuff
 .bss           0x00800fe2        0x0 /home/marek/Programy/avr8-gnu-toolchain-linux_x86/bin/../lib/gcc/avr/4.8.1/avr5/libgcc.a(_mulsi3.o)
 .bss           0x00800fe2        0x0 /home/marek/Programy/avr8-gnu-toolchain-linux_x86/bin/../lib/gcc/avr/4.8.1/avr5/libgcc.a(_divmodqi4.o)
 .bss           0x00800fe2        0x0 /home/marek/Programy/avr8-gnu-toolchain-linux_x86/bin/../lib/gcc/avr/4.8.1/avr5/libgcc.a(_udivmodhi4.o)
 .bss           0x00800fe2        0x0 /home/marek/Programy/avr8-gnu-toolchain-linux_x86/bin/../lib/gcc/avr/4.8.1/avr5/libgcc.a(_divmodhi4.o)
 .bss           0x00800fe2        0x0 /home/marek/Programy/avr8-gnu-toolchain-linux_x86/bin/../lib/gcc/avr/4.8.1/avr5/libgcc.a(_udivmodsi4.o)
 .bss           0x00800fe2        0x0 /home/marek/Programy/avr8-gnu-toolchain-linux_x86/bin/../lib/gcc/avr/4.8.1/avr5/libgcc.a(_divmodsi4.o)
 .bss           0x00800fe2        0x0 /home/marek/Programy/avr8-gnu-toolchain-linux_x86/bin/../lib/gcc/avr/4.8.1/avr5/libgcc.a(_negsi2.o)
 .bss           0x00800fe2        0x0 /home/marek/Programy/avr8-gnu-toolchain-linux_x86/bin/../lib/gcc/avr/4.8.1/avr5/libgcc.a(_exit.o)
 .bss           0x00800fe2        0x0 /home/marek/Programy/avr8-gnu-toolchain-linux_x86/bin/../lib/gcc/avr/4.8.1/avr5/libgcc.a(_tablejump.o)
 .bss           0x00800fe2        0x0 /home/marek/Programy/avr8-gnu-toolchain-linux_x86/bin/../lib/gcc/avr/4.8.1/avr5/libgcc.a(_copy_data.o)
 .bss           0x00800fe2        0x0 /home/marek/Programy/avr8-gnu-toolchain-linux_x86/bin/../lib/gcc/avr/4.8.1/avr5/libgcc.a(_clear_bss.o)
 .bss           0x00800fe2        0x0 /home/marek/Programy/avr8-gnu-toolchain-linux_x86/bin/../lib/gcc/avr/4.8.1/avr5/libgcc.a(_ctors.o)
 .bss           0x00800fe2        0x0 /home/marek/Programy/avr8-gnu-toolchain-linux_x86/bin/../lib/gcc/avr/4.8.1/avr5/libgcc.a(_mulhisi3.o)
 .bss           0x00800fe2        0x0 /home/marek/Programy/avr8-gnu-toolchain-linux_x86/bin/../lib/gcc/avr/4.8.1/avr5/libgcc.a(_umulhisi3.o)
 .bss           0x00800fe2        0x0 /home/marek/Programy/avr8-gnu-toolchain-linux_x86/bin/../lib/gcc/avr/4.8.1/avr5/libgcc.a(_usmulhisi3.o)
 .bss           0x00800fe2        0x0 /home/marek/Programy/avr8-gnu-toolchain-linux_x86/bin/../lib/gcc/avr/4.8.1/avr5/libgcc.a(_muluhisi3.o)
 .bss           0x00800fe2        0x0 /home/marek/Programy/avr8-gnu-toolchain-linux_x86/bin/../lib/gcc/avr/4.8.1/avr5/libgcc.a(_mulshisi3.o)
 .bss           0x00800fe2        0x0 /home/marek/Programy/avr8-gnu-toolchain-linux_x86/bin/../lib/gcc/avr/4.8.1/avr5/libgcc.a(_udivmodqi4.o)
 .bss           0x00800fe2        0x0 /home/marek/Programy/avr8-gnu-toolchain-linux_x86/bin/../lib/gcc/avr/4.8.1/../../../../avr/lib/avr5/libc.a(atoi.o)
 .bss           0x00800fe2        0x0 /home/marek/Programy/avr8-gnu-toolchain-linux_x86/bin/../lib/gcc/avr/4.8.1/../../../../avr/lib/avr5/libc.a(memmove.o)
 .bss           0x00800fe2        0x0 /home/marek/Programy/avr8-gnu-toolchain-linux_x86/bin/../lib/gcc/avr/4.8.1/../../../../avr/lib/avr5/libc.a(memset.o)
 .bss           0x00800fe2        0x0 /home/marek/Programy/avr8-gnu-toolchain-linux_x86/bin/../lib/gcc/avr/4.8.1/../../../../avr/lib/avr5/libc.a(strncmp.o)
 .bss           0x00800fe2        0x0 /home/marek/Programy/avr8-gnu-toolchain-linux_x86/bin/../lib/gcc/avr/4.8.1/../../../../avr/lib/avr5/libc.a(mul10.o)
 .bss           0x00800fe2        0x0 /home/marek/Programy/avr8-gnu-toolchain-linux_x86/bin/../lib/gcc/avr/4.8.1/../../../../avr/lib/avr5/libc.a(eerd_block_atmega64.o)
 .bss           0x00800fe2        0x0 /home/marek/Programy/avr8-gnu-toolchain-linux_x86/bin/../lib/gcc/avr/4.8.1/../../../../avr/lib/avr5/libc.a(memcpy.o)
 *(.bss*)
 .bss._ZZN10audioQueue6driverEvE11toneCounter
                0x00800fe2        0x1 obj/er9x.o
                0x00800fe2                _ZZN10audioQueue6driverEvE11toneCounter
 .bss._ZZ14checkSlaveModevE13lastSlaveMode
                0x00800fe3        0x1 obj/er9x.o
                0x00800fe3                _ZZ14checkSlaveModevE13lastSlaveMode
 .bss._ZZ14checkSlaveModevE10checkDelay
                0x00800fe4        0x1 obj/er9x.o
                0x00800fe4                _ZZ14checkSlaveModevE10checkDelay
 *(COMMON)
                0x00800fe5                PROVIDE (__bss_end, .)
                0x0000e5bc                __data_load_start = LOADADDR (.data)
                0x0000e602                __data_load_end = (__data_load_start + SIZEOF (.data))

.noinit         0x00800fe5        0x0
                0x00800fe5                PROVIDE (__noinit_start, .)
 *(.noinit*)
                0x00800fe5                PROVIDE (__noinit_end, .)
                0x00800fe5                _end = .
                0x00800fe5                PROVIDE (__heap_start, .)

.eeprom         0x00810000        0x0
 *(.eeprom*)
                0x00810000                __eeprom_end = .

.fuse
 *(.fuse)
 *(.lfuse)
 *(.hfuse)
 *(.efuse)

.lock
 *(.lock*)

.signature
 *(.signature*)

.user_signatures
 *(.user_signatures*)

.stab
 *(.stab)

.stabstr
 *(.stabstr)

.stab.excl
 *(.stab.excl)

.stab.exclstr
 *(.stab.exclstr)

.stab.index
 *(.stab.index)

.stab.indexstr
 *(.stab.indexstr)

.comment        0x00000000       0x30
 *(.comment)
 .comment       0x00000000       0x30 obj/er9x.o
                                 0x31 (size before relaxing)
 .comment       0x00000000       0x31 obj/stamp.o
 .comment       0x00000000       0x31 obj/pers.o
 .comment       0x00000000       0x31 obj/file.o
 .comment       0x00000000       0x31 obj/lcd.o
 .comment       0x00000000       0x31 obj/drivers.o
 .comment       0x00000000       0x31 obj/templates.o
 .comment       0x00000000       0x31 obj/pulses.o
 .comment       0x00000000       0x31 obj/audio.o
 .comment       0x00000000       0x31 obj/menus.o
 .comment       0x00000000       0x31 obj/eleres.o

.debug
 *(.debug)

.line
 *(.line)

.debug_srcinfo
 *(.debug_srcinfo)

.debug_sfnames
 *(.debug_sfnames)

.debug_aranges  0x00000000      0x170
 *(.debug_aranges)
 .debug_aranges
                0x00000000       0x38 obj/er9x.o
 .debug_aranges
                0x00000038       0x18 obj/stamp.o
 .debug_aranges
                0x00000050       0x20 obj/pers.o
 .debug_aranges
                0x00000070       0x20 obj/file.o
 .debug_aranges
                0x00000090       0x20 obj/lcd.o
 .debug_aranges
                0x000000b0       0x20 obj/drivers.o
 .debug_aranges
                0x000000d0       0x20 obj/templates.o
 .debug_aranges
                0x000000f0       0x20 obj/pulses.o
 .debug_aranges
                0x00000110       0x20 obj/audio.o
 .debug_aranges
                0x00000130       0x20 obj/menus.o
 .debug_aranges
                0x00000150       0x20 obj/eleres.o

.debug_pubnames
 *(.debug_pubnames)

.debug_info     0x00000000    0x248bb
 *(.debug_info)
 .debug_info    0x00000000     0x5223 obj/er9x.o
 .debug_info    0x00005223     0x12ac obj/stamp.o
 .debug_info    0x000064cf     0x23a1 obj/pers.o
 .debug_info    0x00008870     0x2212 obj/file.o
 .debug_info    0x0000aa82     0x2b68 obj/lcd.o
 .debug_info    0x0000d5ea     0x19e2 obj/drivers.o
 .debug_info    0x0000efcc     0x1c44 obj/templates.o
 .debug_info    0x00010c10     0x2049 obj/pulses.o
 .debug_info    0x00012c59     0x1ea0 obj/audio.o
 .debug_info    0x00014af9     0xdf47 obj/menus.o
 .debug_info    0x00022a40     0x1e7b obj/eleres.o
 *(.gnu.linkonce.wi.*)

.debug_abbrev   0x00000000     0x34fc
 *(.debug_abbrev)
 .debug_abbrev  0x00000000      0x799 obj/er9x.o
 .debug_abbrev  0x00000799      0x168 obj/stamp.o
 .debug_abbrev  0x00000901      0x55a obj/pers.o
 .debug_abbrev  0x00000e5b      0x552 obj/file.o
 .debug_abbrev  0x000013ad      0x4ee obj/lcd.o
 .debug_abbrev  0x0000189b      0x416 obj/drivers.o
 .debug_abbrev  0x00001cb1      0x37d obj/templates.o
 .debug_abbrev  0x0000202e      0x4ba obj/pulses.o
 .debug_abbrev  0x000024e8      0x458 obj/audio.o
 .debug_abbrev  0x00002940      0x7cd obj/menus.o
 .debug_abbrev  0x0000310d      0x3ef obj/eleres.o

.debug_line     0x00000000     0xa7a5
 *(.debug_line)
 .debug_line    0x00000000     0x1f0d obj/er9x.o
 .debug_line    0x00001f0d       0x8d obj/stamp.o
 .debug_line    0x00001f9a      0x674 obj/pers.o
 .debug_line    0x0000260e      0x6b1 obj/file.o
 .debug_line    0x00002cbf      0xafa obj/lcd.o
 .debug_line    0x000037b9      0x429 obj/drivers.o
 .debug_line    0x00003be2      0x3c4 obj/templates.o
 .debug_line    0x00003fa6      0x918 obj/pulses.o
 .debug_line    0x000048be      0x50e obj/audio.o
 .debug_line    0x00004dcc     0x54f8 obj/menus.o
 .debug_line    0x0000a2c4      0x4e1 obj/eleres.o

.debug_frame    0x00000000     0x25ac
 *(.debug_frame)
 .debug_frame   0x00000000      0x7c8 obj/er9x.o
 .debug_frame   0x000007c8      0x1ac obj/pers.o
 .debug_frame   0x00000974      0x318 obj/file.o
 .debug_frame   0x00000c8c      0x3c8 obj/lcd.o
 .debug_frame   0x00001054       0xd4 obj/drivers.o
 .debug_frame   0x00001128       0xe0 obj/templates.o
 .debug_frame   0x00001208      0x2e0 obj/pulses.o
 .debug_frame   0x000014e8      0x12c obj/audio.o
 .debug_frame   0x00001614      0xe5c obj/menus.o
 .debug_frame   0x00002470      0x13c obj/eleres.o

.debug_str      0x00000000     0x46ff
 *(.debug_str)
 .debug_str     0x00000000     0x209a obj/er9x.o
                               0x22a9 (size before relaxing)
 .debug_str     0x0000209a       0x11 obj/stamp.o
                                0xa60 (size before relaxing)
 .debug_str     0x000020ab      0x415 obj/pers.o
                               0x1091 (size before relaxing)
 .debug_str     0x000024c0      0x13f obj/file.o
                                0xda6 (size before relaxing)
 .debug_str     0x000025ff      0x3a5 obj/lcd.o
                                0xfe9 (size before relaxing)
 .debug_str     0x000029a4      0x10f obj/drivers.o
                                0xe3e (size before relaxing)
 .debug_str     0x00002ab3      0x11a obj/templates.o
                                0xc11 (size before relaxing)
 .debug_str     0x00002bcd      0x34b obj/pulses.o
                                0xf76 (size before relaxing)
 .debug_str     0x00002f18       0x77 obj/audio.o
                                0xe76 (size before relaxing)
 .debug_str     0x00002f8f     0x15c8 obj/menus.o
                               0x33a0 (size before relaxing)
 .debug_str     0x00004557      0x1a8 obj/eleres.o
                                0xe4e (size before relaxing)

.debug_loc      0x00000000    0x15533
 *(.debug_loc)
 .debug_loc     0x00000000     0x36a8 obj/er9x.o
 .debug_loc     0x000036a8      0x7d8 obj/pers.o
 .debug_loc     0x00003e80     0x1085 obj/file.o
 .debug_loc     0x00004f05     0x2469 obj/lcd.o
 .debug_loc     0x0000736e      0x6f8 obj/drivers.o
 .debug_loc     0x00007a66      0x86a obj/templates.o
 .debug_loc     0x000082d0      0xdfa obj/pulses.o
 .debug_loc     0x000090ca      0xcb1 obj/audio.o
 .debug_loc     0x00009d7b     0xb394 obj/menus.o
 .debug_loc     0x0001510f      0x424 obj/eleres.o

.debug_macinfo
 *(.debug_macinfo)

.debug_pubtypes
 *(.debug_pubtypes)

.debug_ranges   0x00000000      0xc88
 *(.debug_ranges)
 .debug_ranges  0x00000000      0x1c0 obj/er9x.o
 .debug_ranges  0x000001c0       0x18 obj/pers.o
 .debug_ranges  0x000001d8       0xd0 obj/file.o
 .debug_ranges  0x000002a8       0xc8 obj/lcd.o
 .debug_ranges  0x00000370       0x48 obj/templates.o
 .debug_ranges  0x000003b8       0xc0 obj/pulses.o
 .debug_ranges  0x00000478       0x18 obj/audio.o
 .debug_ranges  0x00000490      0x7e0 obj/menus.o
 .debug_ranges  0x00000c70       0x18 obj/eleres.o

.debug_macro
 *(.debug_macro)
OUTPUT(er9x.elf elf32-avr)
LOAD linker stubs

.boottext       0x0000fe00        0x0

.bootjump       0x0000fffc        0x0

Cross Reference Table

Symbol                                            File
AlarmControl                                      obj/er9x.o
                                                  obj/menus.o
AlertMessage                                      obj/er9x.o
B3_comp_value                                     obj/pulses.o
BandGap                                           obj/er9x.o
                                                  obj/menus.o
CS_STATE(unsigned char)                           obj/er9x.o
                                                  obj/menus.o
                                                  obj/pers.o
CalcScaleNest                                     obj/menus.o
                                                  obj/er9x.o
Check_Date()                                      obj/eleres.o
Check_ELERES()                                    obj/eleres.o
                                                  obj/er9x.o
CsTimer                                           obj/er9x.o
CurrentPhase                                      obj/menus.o
                                                  obj/er9x.o
CurrentVolume                                     obj/er9x.o
Current_protocol                                  obj/pulses.o
Curve_Str                                         obj/menus.o
                                                  obj/er9x.o
DO_SQUARE(unsigned char, unsigned char, unsigned char) obj/menus.o
[...]
getTrimValue(unsigned char, unsigned char)        obj/er9x.o
                                                  obj/menus.o
getValue(unsigned char)                           obj/er9x.o
                                                  obj/menus.o
get_dr_state(unsigned char)                       obj/menus.o
get_telemetry_value(unsigned char)                obj/menus.o
                                                  obj/er9x.o
get_tmr10ms()                                     obj/er9x.o
                                                  obj/menus.o
                                                  obj/file.o
                                                  obj/pers.o
gvarMenuItem(unsigned char, unsigned char, signed char, signed char, signed char, unsigned char) obj/menus.o
heartbeat                                         obj/pulses.o
                                                  obj/pers.o
                                                  obj/er9x.o
hyphinvMenuItem_m(unsigned char, unsigned char, unsigned char) obj/menus.o
idx2char(unsigned char)                           obj/menus.o
                                                  obj/pers.o
intpol(int, unsigned char)                        obj/menus.o
isAgvar(unsigned char)                            obj/er9x.o
isqrt32(unsigned long)                            obj/menus.o
keyDown()                                         obj/er9x.o
keyState(EnumKeys)                                obj/drivers.o
                                                  obj/menus.o
                                                  obj/pulses.o
                                                  obj/er9x.o
keys                                              obj/drivers.o
killEvents(unsigned char)                         obj/drivers.o
                                                  obj/menus.o
                                                  obj/er9x.o
lastPopMenu()                                     obj/er9x.o
                                                  obj/menus.o
lcdSendCtl(unsigned char)                         obj/lcd.o
lcdSetContrast()                                  obj/lcd.o
                                                  obj/menus.o
lcdSetRefVolt(unsigned char)                      obj/lcd.o
                                                  obj/er9x.o
lcd_2_digits(unsigned char, unsigned char, unsigned char, unsigned char) obj/lcd.o
                                                  obj/menus.o
lcd_char_inverse(unsigned char, unsigned char, unsigned char, unsigned char) obj/lcd.o
                                                  obj/menus.o
lcd_clear()                                       obj/lcd.o
                                                  obj/er9x.o
lcd_hbar(unsigned char, unsigned char, unsigned char, unsigned char, unsigned char) obj/lcd.o
                                                  obj/eleres.o
lcd_hline(unsigned char, unsigned char, signed char) obj/lcd.o
                                                  obj/eleres.o
                                                  obj/menus.o
lcd_hlineStip(unsigned char, unsigned char, signed char, unsigned char) obj/lcd.o
                                                  obj/menus.o
lcd_img(unsigned char, unsigned char, unsigned char const*, unsigned char) obj/lcd.o
                                                  obj/eleres.o
                                                  obj/menus.o
                                                  obj/er9x.o
lcd_init()                                        obj/lcd.o
                                                  obj/er9x.o
lcd_lastPos                                       obj/lcd.o
                                                  obj/menus.o
lcd_outdez(unsigned char, unsigned char, int)     obj/lcd.o
                                                  obj/menus.o
lcd_outdezAtt(unsigned char, unsigned char, int, unsigned char) obj/lcd.o
                                                  obj/menus.o
lcd_outdezNAtt(unsigned char, unsigned char, long, unsigned char, signed char) obj/lcd.o
lcd_outhex4(unsigned char, unsigned char, unsigned int) obj/lcd.o
                                                  obj/menus.o
lcd_plot(unsigned char, unsigned char)            obj/lcd.o
                                                  obj/menus.o
lcd_putc(unsigned char, unsigned char, char)      obj/lcd.o
                                                  obj/menus.o
lcd_putcAtt(unsigned char, unsigned char, char, unsigned char) obj/lcd.o
                                                  obj/eleres.o
                                                  obj/menus.o
                                                  obj/er9x.o
lcd_putsAtt(unsigned char, unsigned char, char const*, unsigned char) obj/lcd.o
                                                  obj/eleres.o
                                                  obj/menus.o
                                                  obj/er9x.o
lcd_putsAttIdx(unsigned char, unsigned char, char const*, unsigned char, unsigned char) obj/lcd.o
                                                  obj/menus.o
                                                  obj/er9x.o
lcd_puts_P(unsigned char, unsigned char, char const*) obj/lcd.o
                                                  obj/eleres.o
                                                  obj/menus.o
                                                  obj/er9x.o
lcd_puts_Pleft(unsigned char, char const*)        obj/lcd.o
                                                  obj/menus.o
                                                  obj/er9x.o
lcd_puts_Pskip(unsigned char, char const*, unsigned char) obj/lcd.o
                                                  obj/menus.o
lcd_putsnAtt(unsigned char, unsigned char, char const*, unsigned char, unsigned char) obj/lcd.o
                                                  obj/menus.o
                                                  obj/er9x.o
lcd_putsn_P(unsigned char, unsigned char, char const*, unsigned char) obj/lcd.o
                                                  obj/menus.o
lcd_rect(unsigned char, unsigned char, unsigned char, unsigned char) obj/lcd.o
                                                  obj/menus.o
lcd_vline(unsigned char, unsigned char, signed char) obj/lcd.o
                                                  obj/menus.o
lcd_write_bits(unsigned char*, unsigned char)     obj/lcd.o
lcd_xlabel_decimal(unsigned char, char const*, unsigned int, unsigned char, unsigned char) obj/menus.o
limitaddress(unsigned char)                       obj/er9x.o
                                                  obj/menus.o
m_to_ft(int)                                      obj/menus.o
main                                              obj/er9x.o
                                                  /home/marek/Programy/avr8-gnu-toolchain-linux_x86/bin/../lib/gcc/avr/4.8.1/../../../../avr/lib/avr5/crtm64.o
mainSequence()                                    obj/er9x.o
                                                  obj/drivers.o
memcpy                                            /home/marek/Programy/avr8-gnu-toolchain-linux_x86/bin/../lib/gcc/avr/4.8.1/../../../../avr/lib/avr5/libc.a(memcpy.o)
                                                  /home/marek/Programy/avr8-gnu-toolchain-linux_x86/bin/../lib/gcc/avr/4.8.1/../../../../avr/lib/avr5/libc.a(memmove.o)
memmove                                           /home/marek/Programy/avr8-gnu-toolchain-linux_x86/bin/../lib/gcc/avr/4.8.1/../../../../avr/lib/avr5/libc.a(memmove.o)
                                                  obj/menus.o
                                                  obj/templates.o
memset                                            /home/marek/Programy/avr8-gnu-toolchain-linux_x86/bin/../lib/gcc/avr/4.8.1/../../../../avr/lib/avr5/libc.a(memset.o)
                                                  obj/file.o
                                                  obj/pers.o
menuDeleteDupModel(unsigned char)                 obj/menus.o
menuDeleteMix(unsigned char)                      obj/menus.o
menuMixersLimit(unsigned char)                    obj/menus.o
menuModelPhases(unsigned char)                    obj/menus.o
menuPhaseOne(unsigned char)                       obj/menus.o
menuProc0(unsigned char)                          obj/menus.o
                                                  obj/eleres.o
                                                  obj/er9x.o
menuProcCurve(unsigned char)                      obj/menus.o
menuProcCurveOne(unsigned char)                   obj/menus.o
menuProcGlobals(unsigned char)                    obj/menus.o
menuProcIndex(unsigned char)                      obj/menus.o
menuProcMix(unsigned char)                        obj/menus.o
menuProcMixOne(unsigned char)                     obj/menus.o
menuProcModelIndex(unsigned char)                 obj/menus.o
menuProcModelSelect(unsigned char)                obj/menus.o
                                                  obj/er9x.o
menuProcStatistic(unsigned char)                  obj/menus.o
menuProcTemplates(unsigned char)                  obj/menus.o
menuProcVoiceAlarm(unsigned char)                 obj/menus.o
menuProcVoiceOne(unsigned char)                   obj/menus.o
menuProc_eleres1(unsigned char)                   obj/eleres.o
menuProc_eleres2(unsigned char)                   obj/eleres.o
menuProc_eleres3(unsigned char)                   obj/eleres.o
menuProceLeReS(unsigned char)                     obj/eleres.o
                                                  obj/menus.o
menuRangeBind(unsigned char)                      obj/menus.o
menuScaleOne(unsigned char)                       obj/menus.o
menu_lcd_HYPHINV(unsigned char, unsigned char, unsigned char, unsigned char) obj/menus.o
menu_lcd_onoff(unsigned char, unsigned char, unsigned char, unsigned char) obj/menus.o
message(char const*)                              obj/er9x.o
                                                  obj/menus.o
                                                  obj/pers.o
mixToDelete                                       obj/menus.o
mixaddress(unsigned char)                         obj/er9x.o
                                                  obj/menus.o
                                                  obj/pers.o
modeFixValue(unsigned char)                       obj/er9x.o
                                                  obj/menus.o
                                                  obj/pers.o
modelDefaultWrite(unsigned char)                  obj/pers.o
modi12x3                                          obj/er9x.o
                                                  obj/menus.o
moveMix(unsigned char, unsigned char)             obj/menus.o
n_Templates                                       obj/templates.o
                                                  obj/menus.o
pauseEvents(unsigned char)                        obj/drivers.o
                                                  obj/er9x.o
per10ms()                                         obj/drivers.o
                                                  obj/er9x.o
perMain()                                         obj/er9x.o
perOut(int*, unsigned char)                       obj/menus.o
perOutPhase(int*, unsigned char)                  obj/menus.o
                                                  obj/er9x.o
phyStick                                          obj/menus.o
                                                  obj/er9x.o
plotType                                          obj/lcd.o
                                                  obj/menus.o
pollRotary()                                      obj/er9x.o
popMenu(bool)                                     obj/er9x.o
                                                  obj/menus.o
ppmInState                                        obj/er9x.o
ppmInValid                                        obj/er9x.o
                                                  obj/menus.o
procOneVoiceAlarm(t_voiceAlarm*, unsigned char)   obj/er9x.o
processVoiceAlarms()                              obj/er9x.o
pulses2MHz                                        obj/pulses.o
pulses2MHzptr                                     obj/pulses.o
pushMenu(void (*)(unsigned char))                 obj/er9x.o
                                                  obj/menus.o
putPcmBit(unsigned char)                          obj/pulses.o
putPcmByte(unsigned char)                         obj/pulses.o
putPcmHead()                                      obj/pulses.o
putPcmPart(unsigned char)                         obj/pulses.o
putVoiceQueue(unsigned char)                      obj/er9x.o
                                                  obj/audio.o
putVoiceQueueLong(unsigned int)                   obj/er9x.o
                                                  obj/menus.o
putVoiceQueueUpper(unsigned char)                 obj/er9x.o
                                                  obj/menus.o
                                                  obj/audio.o
putWarnSwitch(unsigned char, unsigned char)       obj/er9x.o
put_curve(unsigned char, unsigned char, signed char, unsigned char) obj/menus.o
putc_0_1(unsigned char, unsigned char, unsigned char) obj/menus.o
putsAttIdxTelemItems(unsigned char, unsigned char, unsigned char, unsigned char) obj/menus.o
putsChn(unsigned char, unsigned char, unsigned char, unsigned char) obj/er9x.o
                                                  obj/menus.o
putsChnOpRaw(unsigned char, unsigned char, t_MixData*, unsigned char) obj/menus.o
putsChnRaw(unsigned char, unsigned char, unsigned char, unsigned char) obj/er9x.o
                                                  obj/menus.o
putsDblSizeName(unsigned char)                    obj/er9x.o
                                                  obj/menus.o
putsDrSwitches(unsigned char, unsigned char, signed char, unsigned char) obj/er9x.o
                                                  obj/menus.o
putsMomentDrSwitches(unsigned char, unsigned char, signed char, unsigned char) obj/er9x.o
                                                  obj/menus.o
putsTelemetryChannel(unsigned char, unsigned char, signed char, int, unsigned char, unsigned char) obj/menus.o
putsTime(unsigned char, unsigned char, int, unsigned char, unsigned char) obj/lcd.o
                                                  obj/menus.o
putsTmrMode(unsigned char, unsigned char, unsigned char, unsigned char) obj/er9x.o
                                                  obj/menus.o
putsTrimMode(unsigned char, unsigned char, unsigned char, unsigned char, unsigned char) obj/menus.o
putsVBat(unsigned char, unsigned char, unsigned char) obj/lcd.o
                                                  obj/menus.o
putsVolts(unsigned char, unsigned char, unsigned char, unsigned char) obj/lcd.o
                                                  obj/menus.o
pxxFlag                                           obj/pulses.o
                                                  obj/menus.o
qRotary()                                         obj/menus.o
reachMixerCountLimit()                            obj/menus.o
refreshDiplay()                                   obj/lcd.o
                                                  obj/er9x.o
resetTimer1()                                     obj/menus.o
                                                  obj/pers.o
resetTimer2()                                     obj/menus.o
                                                  obj/pers.o
resetTimern(unsigned char)                        obj/menus.o
s9xsplash                                         obj/er9x.o
s9xsplashMarker                                   obj/er9x.o
s_anaFilt                                         obj/er9x.o
s_editMode                                        obj/menus.o
                                                  obj/er9x.o
s_editing                                         obj/menus.o
s_evt                                             obj/drivers.o
                                                  obj/er9x.o
s_mixMaxSel                                       obj/menus.o
s_moveMode                                        obj/menus.o
s_noHi                                            obj/menus.o
s_pgOfs                                           obj/menus.o
s_timer                                           obj/menus.o
scaleForPXX(unsigned char)                        obj/pulses.o
scalerDecimal(unsigned char, unsigned char, unsigned char) obj/menus.o
scrollLR                                          obj/menus.o
scrollUD                                          obj/menus.o
scroll_disabled                                   obj/menus.o
                                                  obj/er9x.o
setMix(unsigned char, unsigned char)              obj/templates.o
setNameP(char*, char const*)                      obj/pers.o
setPpmTimers()                                    obj/pulses.o
setStickCenter()                                  obj/menus.o
setSwitch(unsigned char, unsigned char, signed char, signed char) obj/templates.o
setTrimValue(unsigned char, unsigned char, int)   obj/er9x.o
                                                  obj/menus.o
setVolume(unsigned char)                          obj/er9x.o
                                                  obj/menus.o
set_timer3_capture()                              obj/pulses.o
set_timer3_ppm()                                  obj/pulses.o
setupPulses()                                     obj/pulses.o
setupPulsesDsm2(unsigned char)                    obj/pulses.o
setupPulsesPPM(unsigned char)                     obj/pulses.o
startPulses()                                     obj/pulses.o
                                                  obj/menus.o
                                                  obj/er9x.o
stat_frame                                        obj/eleres.o
stickMoveValue()                                  obj/er9x.o
                                                  obj/menus.o
stickMoved                                        obj/er9x.o
                                                  obj/menus.o
stickScramble                                     obj/er9x.o
                                                  obj/menus.o
strncmp                                           /home/marek/Programy/avr8-gnu-toolchain-linux_x86/bin/../lib/gcc/avr/4.8.1/../../../../avr/lib/avr5/libc.a(strncmp.o)
                                                  obj/eleres.o
switchDisplay(unsigned char, unsigned char)       obj/menus.o
sysFlags                                          obj/er9x.o
                                                  obj/pers.o
t_voice::voice_process()                          obj/er9x.o
tanaIn(unsigned char)                             obj/er9x.o
telemItemValid(unsigned char)                     obj/menus.o
                                                  obj/er9x.o
telltale(unsigned char, signed char, signed char) obj/menus.o
theFile                                           obj/pers.o
theFile2                                          obj/pers.o
theWriteFile                                      obj/pers.o
tick10ms                                          obj/er9x.o
                                                  obj/menus.o
timer()                                           obj/menus.o
title(char)                                       obj/eleres.o
trace()                                           obj/menus.o
validatePlusMinus125(int)                         obj/er9x.o
voice_numeric(int, unsigned char, unsigned char)  obj/audio.o
                                                  obj/menus.o
                                                  obj/er9x.o
voice_telem_item(unsigned char)                   obj/menus.o
                                                  obj/er9x.o
yesNoMenuExit(char const*)                        obj/menus.o
